Component: ARM Compiler 6.14 Tool: armlink [5db06800]

==============================================================================

Section Cross References

    startup_stm32f030x6.o(STACK) refers (Special) to heapauxi.o(.text) for __use_two_region_memory
    startup_stm32f030x6.o(HEAP) refers (Special) to heapauxi.o(.text) for __use_two_region_memory
    startup_stm32f030x6.o(RESET) refers (Special) to heapauxi.o(.text) for __use_two_region_memory
    startup_stm32f030x6.o(RESET) refers to startup_stm32f030x6.o(STACK) for __initial_sp
    startup_stm32f030x6.o(RESET) refers to startup_stm32f030x6.o(.text) for Reset_Handler
    startup_stm32f030x6.o(RESET) refers to stm32f0xx_it.o(.text.NMI_Handler) for NMI_Handler
    startup_stm32f030x6.o(RESET) refers to stm32f0xx_it.o(.text.HardFault_Handler) for HardFault_Handler
    startup_stm32f030x6.o(RESET) refers to stm32f0xx_it.o(.text.SVC_Handler) for SVC_Handler
    startup_stm32f030x6.o(RESET) refers to stm32f0xx_it.o(.text.PendSV_Handler) for PendSV_Handler
    startup_stm32f030x6.o(RESET) refers to stm32f0xx_it.o(.text.SysTick_Handler) for SysTick_Handler
    startup_stm32f030x6.o(RESET) refers to stm32f0xx_it.o(.text.USART1_IRQHandler) for USART1_IRQHandler
    startup_stm32f030x6.o(.text) refers (Special) to heapauxi.o(.text) for __use_two_region_memory
    startup_stm32f030x6.o(.text) refers to system_stm32f0xx.o(.text.SystemInit) for SystemInit
    startup_stm32f030x6.o(.text) refers to __main.o(!!!main) for __main
    startup_stm32f030x6.o(.text) refers to startup_stm32f030x6.o(HEAP) for Heap_Mem
    startup_stm32f030x6.o(.text) refers to startup_stm32f030x6.o(STACK) for Stack_Mem
    main.o(.text.main) refers to stm32f0xx_hal.o(.text.HAL_Init) for HAL_Init
    main.o(.text.main) refers to main.o(.text.SystemClock_Config) for SystemClock_Config
    main.o(.text.main) refers to stm32f0xx_hal_gpio.o(.text.HAL_GPIO_WritePin) for HAL_GPIO_WritePin
    main.o(.text.main) refers to stm32f0xx_hal_iwdg.o(.text.HAL_IWDG_Init) for HAL_IWDG_Init
    main.o(.text.main) refers to stm32f0xx_hal_spi.o(.text.HAL_SPI_Init) for HAL_SPI_Init
    main.o(.text.main) refers to stm32f0xx_hal_uart_ex.o(.text.HAL_RS485Ex_Init) for HAL_RS485Ex_Init
    main.o(.text.main) refers to main.o(.text.RS485_Init) for RS485_Init
    main.o(.text.main) refers to main.o(.text.sys_init) for sys_init
    main.o(.text.main) refers to stm32f0xx_hal_spi.o(.text.HAL_SPI_Transmit) for HAL_SPI_Transmit
    main.o(.text.main) refers to stm32f0xx_hal.o(.text.HAL_GetTick) for HAL_GetTick
    main.o(.text.main) refers to stm32f0xx_hal_gpio.o(.text.HAL_GPIO_ReadPin) for HAL_GPIO_ReadPin
    main.o(.text.main) refers to stm32f0xx_hal.o(.text.HAL_Delay) for HAL_Delay
    main.o(.text.main) refers to stm32f0xx_hal_iwdg.o(.text.HAL_IWDG_Refresh) for HAL_IWDG_Refresh
    main.o(.text.main) refers to main.o(.text.Error_Handler) for Error_Handler
    main.o(.text.main) refers to stm32f0xx_hal_gpio.o(.text.HAL_GPIO_Init) for HAL_GPIO_Init
    main.o(.text.main) refers to main.o(.bss..L_MergedGlobals.1) for [Anonymous Symbol]
    main.o(.text.main) refers to main.o(.bss.huart1) for huart1
    main.o(.text.main) refers to main.o(.data..L_MergedGlobals) for [Anonymous Symbol]
    main.o(.ARM.exidx.text.main) refers to main.o(.text.main) for [Anonymous Symbol]
    main.o(.text.SystemClock_Config) refers to rt_memclr.o(.text) for __aeabi_memclr4
    main.o(.text.SystemClock_Config) refers to stm32f0xx_hal_rcc.o(.text.HAL_RCC_OscConfig) for HAL_RCC_OscConfig
    main.o(.text.SystemClock_Config) refers to stm32f0xx_hal_rcc.o(.text.HAL_RCC_ClockConfig) for HAL_RCC_ClockConfig
    main.o(.text.SystemClock_Config) refers to stm32f0xx_hal_rcc_ex.o(.text.HAL_RCCEx_PeriphCLKConfig) for HAL_RCCEx_PeriphCLKConfig
    main.o(.text.SystemClock_Config) refers to main.o(.text.Error_Handler) for Error_Handler
    main.o(.ARM.exidx.text.SystemClock_Config) refers to main.o(.text.SystemClock_Config) for [Anonymous Symbol]
    main.o(.text.RS485_Init) refers to tinyframe.o(.text.TF_InitStatic) for TF_InitStatic
    main.o(.text.RS485_Init) refers to tinyframe.o(.text.TF_AddTypeListener) for TF_AddTypeListener
    main.o(.text.RS485_Init) refers to stm32f0xx_hal_uart.o(.text.HAL_UART_Receive_IT) for HAL_UART_Receive_IT
    main.o(.text.RS485_Init) refers to main.o(.bss..L_MergedGlobals.1) for [Anonymous Symbol]
    main.o(.text.RS485_Init) refers to main.o(.bss.tfapp) for tfapp
    main.o(.text.RS485_Init) refers to main.o(.text.STATUS_Listener) for STATUS_Listener
    main.o(.text.RS485_Init) refers to main.o(.text.BINARY_Listener) for BINARY_Listener
    main.o(.text.RS485_Init) refers to main.o(.bss.huart1) for huart1
    main.o(.ARM.exidx.text.RS485_Init) refers to main.o(.text.RS485_Init) for [Anonymous Symbol]
    main.o(.text.sys_init) refers to stm32f0xx_hal_gpio.o(.text.HAL_GPIO_ReadPin) for HAL_GPIO_ReadPin
    main.o(.text.sys_init) refers to stm32f0xx_hal_spi.o(.text.HAL_SPI_Transmit) for HAL_SPI_Transmit
[...]
    ../clib/libinit.s                        0x00000000   Number         0  libinit2.o ABSOLUTE
    ../clib/libinit.s                        0x00000000   Number         0  libinit.o ABSOLUTE
    ../clib/libinit.s                        0x00000000   Number         0  libshutdown2.o ABSOLUTE
    ../clib/libinit.s                        0x00000000   Number         0  libshutdown.o ABSOLUTE
    ../clib/longlong.c                       0x00000000   Number         0  llushr.o ABSOLUTE
    ../clib/maybe.s                          0x00000000   Number         0  maybetermalloc1.o ABSOLUTE
    ../clib/maybe.s                          0x00000000   Number         0  maybetermalloc2.o ABSOLUTE
    ../clib/memcpset.c                       0x00000000   Number         0  aeabi_memset.o ABSOLUTE
    ../clib/memcpset.c                       0x00000000   Number         0  rt_memclr.o ABSOLUTE
    ../clib/memcpset.c                       0x00000000   Number         0  rt_memcpy.o ABSOLUTE
    ../clib/memcpset.c                       0x00000000   Number         0  rt_memcpy.o ABSOLUTE
    ../clib/misc.s                           0x00000000   Number         0  printf_stubs.o ABSOLUTE
    ../clib/printf.c                         0x00000000   Number         0  __2printf.o ABSOLUTE
    ../clib/printf.c                         0x00000000   Number         0  noretval__2printf.o ABSOLUTE
    ../clib/printf.c                         0x00000000   Number         0  __printf.o ABSOLUTE
    ../clib/printf.c                         0x00000000   Number         0  _printf_pad.o ABSOLUTE
    ../clib/printf.c                         0x00000000   Number         0  _printf_str.o ABSOLUTE
    ../clib/printf.c                         0x00000000   Number         0  _printf_dec.o ABSOLUTE
    ../clib/printf.c                         0x00000000   Number         0  _printf_hex_ll.o ABSOLUTE
    ../clib/printf.c                         0x00000000   Number         0  _printf_hex_int.o ABSOLUTE
    ../clib/printf.c                         0x00000000   Number         0  _printf_hex_int_ll.o ABSOLUTE
    ../clib/printf.c                         0x00000000   Number         0  _printf_hex_ptr.o ABSOLUTE
    ../clib/printf.c                         0x00000000   Number         0  _printf_hex_int_ptr.o ABSOLUTE
    ../clib/printf.c                         0x00000000   Number         0  _printf_hex_ll_ptr.o ABSOLUTE
    ../clib/printf.c                         0x00000000   Number         0  _printf_hex_int_ll_ptr.o ABSOLUTE
    ../clib/printf.c                         0x00000000   Number         0  __printf_flags.o ABSOLUTE
    ../clib/printf.c                         0x00000000   Number         0  __printf_ss.o ABSOLUTE
    ../clib/printf.c                         0x00000000   Number         0  __printf_flags_ss.o ABSOLUTE
    ../clib/printf.c                         0x00000000   Number         0  __printf_wp.o ABSOLUTE
    ../clib/printf.c                         0x00000000   Number         0  __printf_flags_wp.o ABSOLUTE
    ../clib/printf.c                         0x00000000   Number         0  __printf_ss_wp.o ABSOLUTE
    ../clib/printf.c                         0x00000000   Number         0  __printf_flags_ss_wp.o ABSOLUTE
    ../clib/printf.c                         0x00000000   Number         0  _printf_intcommon.o ABSOLUTE
    ../clib/printf.c                         0x00000000   Number         0  _printf_char.o ABSOLUTE
    ../clib/printf.c                         0x00000000   Number         0  _printf_char_file.o ABSOLUTE
    ../clib/printf.c                         0x00000000   Number         0  _printf_char_common.o ABSOLUTE
    ../clib/printf.c                         0x00000000   Number         0  __printf_nopercent.o ABSOLUTE
    ../clib/printf.c                         0x00000000   Number         0  _printf_char_file_locked.o ABSOLUTE
    ../clib/printf_percent.s                 0x00000000   Number         0  _printf_c.o ABSOLUTE
    ../clib/printf_percent.s                 0x00000000   Number         0  _printf_s.o ABSOLUTE
    ../clib/printf_percent.s                 0x00000000   Number         0  _printf_x.o ABSOLUTE
    ../clib/printf_percent.s                 0x00000000   Number         0  _printf_u.o ABSOLUTE
    ../clib/printf_percent.s                 0x00000000   Number         0  _printf_percent.o ABSOLUTE
    ../clib/printf_percent.s                 0x00000000   Number         0  _printf_percent_end.o ABSOLUTE
    ../clib/signal.c                         0x00000000   Number         0  defsig_rtmem_outer.o ABSOLUTE
    ../clib/signal.c                         0x00000000   Number         0  defsig_rtmem_formal.o ABSOLUTE
    ../clib/signal.c                         0x00000000   Number         0  defsig_exit.o ABSOLUTE
    ../clib/signal.c                         0x00000000   Number         0  defsig_fpe_outer.o ABSOLUTE
    ../clib/signal.c                         0x00000000   Number         0  defsig_fpe_formal.o ABSOLUTE
    ../clib/signal.c                         0x00000000   Number         0  defsig_rtred_outer.o ABSOLUTE
    ../clib/signal.c                         0x00000000   Number         0  defsig_rtred_formal.o ABSOLUTE
    ../clib/signal.c                         0x00000000   Number         0  defsig_rtmem_inner.o ABSOLUTE
    ../clib/signal.c                         0x00000000   Number         0  __raise.o ABSOLUTE
    ../clib/signal.c                         0x00000000   Number         0  defsig_general.o ABSOLUTE
    ../clib/signal.c                         0x00000000   Number         0  defsig_fpe_inner.o ABSOLUTE
    ../clib/signal.c                         0x00000000   Number         0  defsig_rtred_inner.o ABSOLUTE
    ../clib/signal.c                         0x00000000   Number         0  defsig_abrt_inner.o ABSOLUTE
    ../clib/signal.c                         0x00000000   Number         0  defsig_stak_inner.o ABSOLUTE
    ../clib/signal.c                         0x00000000   Number         0  defsig_pvfn_inner.o ABSOLUTE
    ../clib/signal.c                         0x00000000   Number         0  defsig_cppl_inner.o ABSOLUTE
    ../clib/signal.c                         0x00000000   Number         0  defsig_segv_inner.o ABSOLUTE
    ../clib/signal.c                         0x00000000   Number         0  defsig_other.o ABSOLUTE
    ../clib/signal.s                         0x00000000   Number         0  defsig.o ABSOLUTE
    ../clib/stdio.c                          0x00000000   Number         0  putchar.o ABSOLUTE
    ../clib/stdio.c                          0x00000000   Number         0  puts.o ABSOLUTE
    ../clib/stdio.c                          0x00000000   Number         0  fputc.o ABSOLUTE
    ../clib/stdio.c                          0x00000000   Number         0  stdio_streams.o ABSOLUTE
    ../clib/stdio.c                          0x00000000   Number         0  fputc_locked.o ABSOLUTE
    ../clib/stdio.c                          0x00000000   Number         0  ferror.o ABSOLUTE
    ../clib/stdio.c                          0x00000000   Number         0  flsbuf.o ABSOLUTE
    ../clib/stdio.c                          0x00000000   Number         0  initio.o ABSOLUTE
    ../clib/stdio.c                          0x00000000   Number         0  ferror_locked.o ABSOLUTE
    ../clib/stdio.c                          0x00000000   Number         0  initio_locked.o ABSOLUTE
    ../clib/stdio.c                          0x00000000   Number         0  setvbuf.o ABSOLUTE
    ../clib/stdio.c                          0x00000000   Number         0  stdio.o ABSOLUTE
    ../clib/stdio.c                          0x00000000   Number         0  fwritefast.o ABSOLUTE
    ../clib/stdio.c                          0x00000000   Number         0  streamlock.o ABSOLUTE
    ../clib/stdio.c                          0x00000000   Number         0  fopen.o ABSOLUTE
    ../clib/stdio.c                          0x00000000   Number         0  fclose.o ABSOLUTE
    ../clib/stdio.c                          0x00000000   Number         0  puts_locked.o ABSOLUTE
    ../clib/stdio.c                          0x00000000   Number         0  setvbuf_locked.o ABSOLUTE
    ../clib/stdio.c                          0x00000000   Number         0  fopen_locked.o ABSOLUTE
    ../clib/stdio.c                          0x00000000   Number         0  fwritefast_locked.o ABSOLUTE
    ../clib/stdio.c                          0x00000000   Number         0  fflush.o ABSOLUTE
    ../clib/stdio.c                          0x00000000   Number         0  fputs.o ABSOLUTE
    ../clib/stdio.c                          0x00000000   Number         0  fseek.o ABSOLUTE
    ../clib/stdio.c                          0x00000000   Number         0  fputs_locked.o ABSOLUTE
    ../clib/stdio.c                          0x00000000   Number         0  fflush_locked.o ABSOLUTE
    ../clib/stdio.c                          0x00000000   Number         0  ftell.o ABSOLUTE
    ../clib/stdlib.c                         0x00000000   Number         0  exit.o ABSOLUTE
    ../clib/string.c                         0x00000000   Number         0  strlen.o ABSOLUTE
    ../clib/wchar.c                          0x00000000   Number         0  flsbuf_fwide.o ABSOLUTE
    ../fplib/cfplib/fpinit.c                 0x00000000   Number         0  fpinit.o ABSOLUTE
    TinyFrame.c                              0x00000000   Number         0  tinyframe.o ABSOLUTE
    common.c                                 0x00000000   Number         0  common.o ABSOLUTE
    dc.s                                     0x00000000   Number         0  dc.o ABSOLUTE
    main.c                                   0x00000000   Number         0  main.o ABSOLUTE
    startup_stm32f030x6.s                    0x00000000   Number         0  startup_stm32f030x6.o ABSOLUTE
    stm32f0xx_hal.c                          0x00000000   Number         0  stm32f0xx_hal.o ABSOLUTE
    stm32f0xx_hal_cortex.c                   0x00000000   Number         0  stm32f0xx_hal_cortex.o ABSOLUTE
    stm32f0xx_hal_crc.c                      0x00000000   Number         0  stm32f0xx_hal_crc.o ABSOLUTE
    stm32f0xx_hal_dma.c                      0x00000000   Number         0  stm32f0xx_hal_dma.o ABSOLUTE
    stm32f0xx_hal_exti.c                     0x00000000   Number         0  stm32f0xx_hal_exti.o ABSOLUTE
    stm32f0xx_hal_flash.c                    0x00000000   Number         0  stm32f0xx_hal_flash.o ABSOLUTE
    stm32f0xx_hal_flash_ex.c                 0x00000000   Number         0  stm32f0xx_hal_flash_ex.o ABSOLUTE
    stm32f0xx_hal_gpio.c                     0x00000000   Number         0  stm32f0xx_hal_gpio.o ABSOLUTE
    stm32f0xx_hal_i2c.c                      0x00000000   Number         0  stm32f0xx_hal_i2c.o ABSOLUTE
    stm32f0xx_hal_i2c_ex.c                   0x00000000   Number         0  stm32f0xx_hal_i2c_ex.o ABSOLUTE
    stm32f0xx_hal_iwdg.c                     0x00000000   Number         0  stm32f0xx_hal_iwdg.o ABSOLUTE
    stm32f0xx_hal_msp.c                      0x00000000   Number         0  stm32f0xx_hal_msp.o ABSOLUTE
    stm32f0xx_hal_pwr.c                      0x00000000   Number         0  stm32f0xx_hal_pwr.o ABSOLUTE
    stm32f0xx_hal_pwr_ex.c                   0x00000000   Number         0  stm32f0xx_hal_pwr_ex.o ABSOLUTE
    stm32f0xx_hal_rcc.c                      0x00000000   Number         0  stm32f0xx_hal_rcc.o ABSOLUTE
    stm32f0xx_hal_rcc_ex.c                   0x00000000   Number         0  stm32f0xx_hal_rcc_ex.o ABSOLUTE
    stm32f0xx_hal_spi.c                      0x00000000   Number         0  stm32f0xx_hal_spi.o ABSOLUTE
    stm32f0xx_hal_spi_ex.c                   0x00000000   Number         0  stm32f0xx_hal_spi_ex.o ABSOLUTE
    stm32f0xx_hal_tim.c                      0x00000000   Number         0  stm32f0xx_hal_tim.o ABSOLUTE
    stm32f0xx_hal_tim_ex.c                   0x00000000   Number         0  stm32f0xx_hal_tim_ex.o ABSOLUTE
    stm32f0xx_hal_uart.c                     0x00000000   Number         0  stm32f0xx_hal_uart.o ABSOLUTE
    stm32f0xx_hal_uart_ex.c                  0x00000000   Number         0  stm32f0xx_hal_uart_ex.o ABSOLUTE
    stm32f0xx_it.c                           0x00000000   Number         0  stm32f0xx_it.o ABSOLUTE
    system_stm32f0xx.c                       0x00000000   Number         0  system_stm32f0xx.o ABSOLUTE
    RESET                                    0x08000000   Section      176  startup_stm32f030x6.o(RESET)
    !!!main                                  0x080000b0   Section        8  __main.o(!!!main)
    !!!scatter                               0x080000b8   Section       60  __scatter.o(!!!scatter)
    !!handler_copy                           0x080000f4   Section       26  __scatter_copy.o(!!handler_copy)
    !!handler_zi                             0x08000110   Section       28  __scatter_zi.o(!!handler_zi)
    .ARM.Collect$$_printf_percent$$00000000  0x0800012c   Section        2  _printf_percent.o(.ARM.Collect$$_printf_percent$$00000000)
    .ARM.Collect$$_printf_percent$$0000000A  0x0800012e   Section       10  _printf_u.o(.ARM.Collect$$_printf_percent$$0000000A)
    .ARM.Collect$$_printf_percent$$0000000C  0x08000138   Section       10  _printf_x.o(.ARM.Collect$$_printf_percent$$0000000C)
    .ARM.Collect$$_printf_percent$$00000013  0x08000142   Section       10  _printf_c.o(.ARM.Collect$$_printf_percent$$00000013)
    .ARM.Collect$$_printf_percent$$00000014  0x0800014c   Section       10  _printf_s.o(.ARM.Collect$$_printf_percent$$00000014)
    .ARM.Collect$$_printf_percent$$00000017  0x08000156   Section        4  _printf_percent_end.o(.ARM.Collect$$_printf_percent$$00000017)
    .ARM.Collect$$libinit$$00000000          0x0800015a   Section        2  libinit.o(.ARM.Collect$$libinit$$00000000)
    .ARM.Collect$$libinit$$00000002          0x0800015c   Section        0  libinit2.o(.ARM.Collect$$libinit$$00000002)
    .ARM.Collect$$libinit$$00000004          0x0800015c   Section        0  libinit2.o(.ARM.Collect$$libinit$$00000004)
    .ARM.Collect$$libinit$$0000000A          0x0800015c   Section        0  libinit2.o(.ARM.Collect$$libinit$$0000000A)
    .ARM.Collect$$libinit$$0000000C          0x0800015c   Section        0  libinit2.o(.ARM.Collect$$libinit$$0000000C)
    .ARM.Collect$$libinit$$0000000E          0x0800015c   Section        0  libinit2.o(.ARM.Collect$$libinit$$0000000E)
    .ARM.Collect$$libinit$$00000011          0x0800015c   Section        0  libinit2.o(.ARM.Collect$$libinit$$00000011)
    .ARM.Collect$$libinit$$00000013          0x0800015c   Section        0  libinit2.o(.ARM.Collect$$libinit$$00000013)
    .ARM.Collect$$libinit$$00000015          0x0800015c   Section        0  libinit2.o(.ARM.Collect$$libinit$$00000015)
    .ARM.Collect$$libinit$$00000017          0x0800015c   Section        0  libinit2.o(.ARM.Collect$$libinit$$00000017)
    .ARM.Collect$$libinit$$00000019          0x0800015c   Section        0  libinit2.o(.ARM.Collect$$libinit$$00000019)
    .ARM.Collect$$libinit$$0000001B          0x0800015c   Section        0  libinit2.o(.ARM.Collect$$libinit$$0000001B)
    .ARM.Collect$$libinit$$0000001D          0x0800015c   Section        0  libinit2.o(.ARM.Collect$$libinit$$0000001D)
    .ARM.Collect$$libinit$$0000001F          0x0800015c   Section        0  libinit2.o(.ARM.Collect$$libinit$$0000001F)
    .ARM.Collect$$libinit$$00000021          0x0800015c   Section        0  libinit2.o(.ARM.Collect$$libinit$$00000021)
    .ARM.Collect$$libinit$$00000023          0x0800015c   Section        0  libinit2.o(.ARM.Collect$$libinit$$00000023)
    .ARM.Collect$$libinit$$00000025          0x0800015c   Section        0  libinit2.o(.ARM.Collect$$libinit$$00000025)
    .ARM.Collect$$libinit$$0000002C          0x0800015c   Section        0  libinit2.o(.ARM.Collect$$libinit$$0000002C)
    .ARM.Collect$$libinit$$0000002E          0x0800015c   Section        0  libinit2.o(.ARM.Collect$$libinit$$0000002E)
    .ARM.Collect$$libinit$$00000030          0x0800015c   Section        0  libinit2.o(.ARM.Collect$$libinit$$00000030)
    .ARM.Collect$$libinit$$00000032          0x0800015c   Section        0  libinit2.o(.ARM.Collect$$libinit$$00000032)
    .ARM.Collect$$libinit$$00000033          0x0800015c   Section        2  libinit2.o(.ARM.Collect$$libinit$$00000033)
    .ARM.Collect$$libshutdown$$00000000      0x0800015e   Section        2  libshutdown.o(.ARM.Collect$$libshutdown$$00000000)
    .ARM.Collect$$libshutdown$$00000002      0x08000160   Section        0  libshutdown2.o(.ARM.Collect$$libshutdown$$00000002)
    .ARM.Collect$$libshutdown$$00000004      0x08000160   Section        0  libshutdown2.o(.ARM.Collect$$libshutdown$$00000004)
    .ARM.Collect$$libshutdown$$00000007      0x08000160   Section        0  libshutdown2.o(.ARM.Collect$$libshutdown$$00000007)
    .ARM.Collect$$libshutdown$$0000000A      0x08000160   Section        0  libshutdown2.o(.ARM.Collect$$libshutdown$$0000000A)
    .ARM.Collect$$libshutdown$$0000000C      0x08000160   Section        0  libshutdown2.o(.ARM.Collect$$libshutdown$$0000000C)
    .ARM.Collect$$libshutdown$$0000000F      0x08000160   Section        0  libshutdown2.o(.ARM.Collect$$libshutdown$$0000000F)
    .ARM.Collect$$libshutdown$$00000010      0x08000160   Section        2  libshutdown2.o(.ARM.Collect$$libshutdown$$00000010)
    .ARM.Collect$$rtentry$$00000000          0x08000162   Section        0  __rtentry.o(.ARM.Collect$$rtentry$$00000000)
    .ARM.Collect$$rtentry$$00000002          0x08000162   Section        0  __rtentry2.o(.ARM.Collect$$rtentry$$00000002)
    .ARM.Collect$$rtentry$$00000004          0x08000162   Section        6  __rtentry4.o(.ARM.Collect$$rtentry$$00000004)
    .ARM.Collect$$rtentry$$00000009          0x08000168   Section        0  __rtentry2.o(.ARM.Collect$$rtentry$$00000009)
    .ARM.Collect$$rtentry$$0000000A          0x08000168   Section        4  __rtentry2.o(.ARM.Collect$$rtentry$$0000000A)
    .ARM.Collect$$rtentry$$0000000C          0x0800016c   Section        0  __rtentry2.o(.ARM.Collect$$rtentry$$0000000C)
    .ARM.Collect$$rtentry$$0000000D          0x0800016c   Section        8  __rtentry2.o(.ARM.Collect$$rtentry$$0000000D)
    .ARM.Collect$$rtexit$$00000000           0x08000174   Section        2  rtexit.o(.ARM.Collect$$rtexit$$00000000)
    .ARM.Collect$$rtexit$$00000002           0x08000176   Section        0  rtexit2.o(.ARM.Collect$$rtexit$$00000002)
    .ARM.Collect$$rtexit$$00000003           0x08000176   Section        4  rtexit2.o(.ARM.Collect$$rtexit$$00000003)
    .ARM.Collect$$rtexit$$00000004           0x0800017a   Section        6  rtexit2.o(.ARM.Collect$$rtexit$$00000004)
    .text                                    0x08000180   Section       56  startup_stm32f030x6.o(.text)
    .text                                    0x080001b8   Section        0  _printf_pad.o(.text)
    .text                                    0x08000206   Section        0  _printf_str.o(.text)
    .text                                    0x08000258   Section        0  _printf_dec.o(.text)
    .text                                    0x080002c4   Section        0  _printf_hex_int.o(.text)
    .text                                    0x0800031c   Section        0  rt_memclr.o(.text)
    .text                                    0x0800035c   Section      364  aeabi_sdiv.o(.text)
    .text                                    0x080004c8   Section        0  heapauxi.o(.text)
    .text                                    0x080004ce   Section        0  _printf_intcommon.o(.text)
    .text                                    0x0800057e   Section        0  _printf_char.o(.text)
    .text                                    0x080005ac   Section        0  rtudiv10.o(.text)
    .text                                    0x080005d4   Section        8  libspace.o(.text)
    .text                                    0x080005dc   Section        2  use_no_semi.o(.text)
    .text                                    0x080005de   Section        0  indicate_semi.o(.text)
    .text                                    0x080005de   Section       62  sys_stackheap_outer.o(.text)
    .text                                    0x0800061c   Section        0  exit.o(.text)
    .text                                    0x0800062c   Section        0  sys_exit.o(.text)
    [Anonymous Symbol]                       0x08000638   Section        0  main.o(.text.BINARY_Listener)
    __arm_cp.8_0                             0x0800076c   Number         4  main.o(.text.BINARY_Listener)
    __arm_cp.8_1                             0x08000770   Number         4  main.o(.text.BINARY_Listener)
    [Anonymous Symbol]                       0x08000774   Section        0  main.o(.text.Error_Handler)
    [Anonymous Symbol]                       0x08000780   Section        0  stm32f0xx_hal_dma.o(.text.HAL_DMA_Abort)
    [Anonymous Symbol]                       0x080007bc   Section        0  stm32f0xx_hal_dma.o(.text.HAL_DMA_Abort_IT)
    [Anonymous Symbol]                       0x08000800   Section        0  stm32f0xx_hal_dma.o(.text.HAL_DMA_GetError)
    [Anonymous Symbol]                       0x08000804   Section        0  stm32f0xx_hal.o(.text.HAL_Delay)
    [Anonymous Symbol]                       0x08000824   Section        0  stm32f0xx_hal_gpio.o(.text.HAL_GPIO_Init)
    __arm_cp.0_0                             0x080009a4   Number         4  stm32f0xx_hal_gpio.o(.text.HAL_GPIO_Init)
    __arm_cp.0_1                             0x080009a8   Number         4  stm32f0xx_hal_gpio.o(.text.HAL_GPIO_Init)
    __arm_cp.0_3                             0x080009ac   Number         4  stm32f0xx_hal_gpio.o(.text.HAL_GPIO_Init)
    __arm_cp.0_4                             0x080009b0   Number         4  stm32f0xx_hal_gpio.o(.text.HAL_GPIO_Init)
    __arm_cp.0_5                             0x080009b4   Number         4  stm32f0xx_hal_gpio.o(.text.HAL_GPIO_Init)
    [Anonymous Symbol]                       0x080009b8   Section        0  stm32f0xx_hal_gpio.o(.text.HAL_GPIO_ReadPin)
    [Anonymous Symbol]                       0x080009c2   Section        0  stm32f0xx_hal_gpio.o(.text.HAL_GPIO_WritePin)
    [Anonymous Symbol]                       0x080009d0   Section        0  stm32f0xx_hal.o(.text.HAL_GetTick)
    [Anonymous Symbol]                       0x080009d8   Section        0  stm32f0xx_hal_iwdg.o(.text.HAL_IWDG_Init)
    __arm_cp.0_0                             0x08000a30   Number         4  stm32f0xx_hal_iwdg.o(.text.HAL_IWDG_Init)
    __arm_cp.0_1                             0x08000a34   Number         4  stm32f0xx_hal_iwdg.o(.text.HAL_IWDG_Init)
    [Anonymous Symbol]                       0x08000a38   Section        0  stm32f0xx_hal_iwdg.o(.text.HAL_IWDG_Refresh)
    __arm_cp.1_0                             0x08000a44   Number         4  stm32f0xx_hal_iwdg.o(.text.HAL_IWDG_Refresh)
    [Anonymous Symbol]                       0x08000a48   Section        0  stm32f0xx_hal.o(.text.HAL_IncTick)
    __arm_cp.5_1                             0x08000a58   Number         4  stm32f0xx_hal.o(.text.HAL_IncTick)
    [Anonymous Symbol]                       0x08000a5c   Section        0  stm32f0xx_hal.o(.text.HAL_Init)
    [Anonymous Symbol]                       0x08000a78   Section        0  stm32f0xx_hal.o(.text.HAL_InitTick)
    __arm_cp.1_0                             0x08000ab4   Number         4  stm32f0xx_hal.o(.text.HAL_InitTick)
    [Anonymous Symbol]                       0x08000ab8   Section        0  stm32f0xx_hal_msp.o(.text.HAL_MspInit)
    __arm_cp.0_0                             0x08000ae0   Number         4  stm32f0xx_hal_msp.o(.text.HAL_MspInit)
    [Anonymous Symbol]                       0x08000ae4   Section        0  stm32f0xx_hal_cortex.o(.text.HAL_NVIC_EnableIRQ)
    __arm_cp.2_0                             0x08000af8   Number         4  stm32f0xx_hal_cortex.o(.text.HAL_NVIC_EnableIRQ)
    [Anonymous Symbol]                       0x08000afc   Section        0  stm32f0xx_hal_cortex.o(.text.HAL_NVIC_SetPriority)
    [Anonymous Symbol]                       0x08000b04   Section        0  stm32f0xx_hal_cortex.o(.text.HAL_NVIC_SystemReset)
    [Anonymous Symbol]                       0x08000b08   Section        0  stm32f0xx_hal_rcc_ex.o(.text.HAL_RCCEx_PeriphCLKConfig)
    __arm_cp.0_0                             0x08000bf8   Number         4  stm32f0xx_hal_rcc_ex.o(.text.HAL_RCCEx_PeriphCLKConfig)
    __arm_cp.0_1                             0x08000bfc   Number         4  stm32f0xx_hal_rcc_ex.o(.text.HAL_RCCEx_PeriphCLKConfig)
    __arm_cp.0_2                             0x08000c00   Number         4  stm32f0xx_hal_rcc_ex.o(.text.HAL_RCCEx_PeriphCLKConfig)
    [Anonymous Symbol]                       0x08000c04   Section        0  stm32f0xx_hal_rcc.o(.text.HAL_RCC_ClockConfig)
    __arm_cp.2_0                             0x08000d00   Number         4  stm32f0xx_hal_rcc.o(.text.HAL_RCC_ClockConfig)
    __arm_cp.2_2                             0x08000d04   Number         4  stm32f0xx_hal_rcc.o(.text.HAL_RCC_ClockConfig)
    __arm_cp.2_3                             0x08000d08   Number         4  stm32f0xx_hal_rcc.o(.text.HAL_RCC_ClockConfig)
    [Anonymous Symbol]                       0x08000d0c   Section        0  stm32f0xx_hal_rcc.o(.text.HAL_RCC_GetPCLK1Freq)
    __arm_cp.8_0                             0x08000d20   Number         4  stm32f0xx_hal_rcc.o(.text.HAL_RCC_GetPCLK1Freq)
    __arm_cp.8_2                             0x08000d24   Number         4  stm32f0xx_hal_rcc.o(.text.HAL_RCC_GetPCLK1Freq)
    [Anonymous Symbol]                       0x08000d28   Section        0  stm32f0xx_hal_rcc.o(.text.HAL_RCC_GetSysClockFreq)
    __arm_cp.3_0                             0x08000d60   Number         4  stm32f0xx_hal_rcc.o(.text.HAL_RCC_GetSysClockFreq)
    __arm_cp.3_1                             0x08000d64   Number         4  stm32f0xx_hal_rcc.o(.text.HAL_RCC_GetSysClockFreq)
    HAL_RCC_GetSysClockFreq.aPLLMULFactorTable 0x08000d68   Number         0  stm32f0xx_hal_rcc.o(.text.HAL_RCC_GetSysClockFreq)
    HAL_RCC_GetSysClockFreq.aPredivFactorTable 0x08000d78   Number         0  stm32f0xx_hal_rcc.o(.text.HAL_RCC_GetSysClockFreq)
    __arm_cp.3_4                             0x08000d88   Number         4  stm32f0xx_hal_rcc.o(.text.HAL_RCC_GetSysClockFreq)
    [Anonymous Symbol]                       0x08000d8c   Section        0  stm32f0xx_hal_rcc.o(.text.HAL_RCC_OscConfig)
    __arm_cp.1_0                             0x08001168   Number         4  stm32f0xx_hal_rcc.o(.text.HAL_RCC_OscConfig)
    __arm_cp.1_1                             0x0800116c   Number         4  stm32f0xx_hal_rcc.o(.text.HAL_RCC_OscConfig)
    __arm_cp.1_2                             0x08001170   Number         4  stm32f0xx_hal_rcc.o(.text.HAL_RCC_OscConfig)
    [Anonymous Symbol]                       0x08001174   Section        0  stm32f0xx_hal_uart_ex.o(.text.HAL_RS485Ex_Init)
    __arm_cp.0_0                             0x080011f8   Number         4  stm32f0xx_hal_uart_ex.o(.text.HAL_RS485Ex_Init)
    [Anonymous Symbol]                       0x080011fc   Section        0  stm32f0xx_hal_spi.o(.text.HAL_SPI_Init)
    [Anonymous Symbol]                       0x080012f0   Section        0  stm32f0xx_hal_msp.o(.text.HAL_SPI_MspInit)
    __arm_cp.1_0                             0x0800134c   Number         4  stm32f0xx_hal_msp.o(.text.HAL_SPI_MspInit)
    __arm_cp.1_1                             0x08001350   Number         4  stm32f0xx_hal_msp.o(.text.HAL_SPI_MspInit)
    [Anonymous Symbol]                       0x08001354   Section        0  stm32f0xx_hal_spi.o(.text.HAL_SPI_Transmit)
    __arm_cp.4_0                             0x080014dc   Number         4  stm32f0xx_hal_spi.o(.text.HAL_SPI_Transmit)
    [Anonymous Symbol]                       0x080014e0   Section        0  stm32f0xx_hal_cortex.o(.text.HAL_SYSTICK_Config)
    __arm_cp.6_0                             0x08001508   Number         4  stm32f0xx_hal_cortex.o(.text.HAL_SYSTICK_Config)
    __arm_cp.6_1                             0x0800150c   Number         4  stm32f0xx_hal_cortex.o(.text.HAL_SYSTICK_Config)
    __arm_cp.6_2                             0x08001510   Number         4  stm32f0xx_hal_cortex.o(.text.HAL_SYSTICK_Config)
    [Anonymous Symbol]                       0x08001514   Section        0  stm32f0xx_hal_uart.o(.text.HAL_UARTEx_RxEventCallback)
    [Anonymous Symbol]                       0x08001516   Section        0  stm32f0xx_hal_uart.o(.text.HAL_UART_AbortReceive)
    [Anonymous Symbol]                       0x080015c8   Section        0  main.o(.text.HAL_UART_ErrorCallback)
    __arm_cp.13_0                            0x080015f8   Number         4  main.o(.text.HAL_UART_ErrorCallback)
    [Anonymous Symbol]                       0x080015fc   Section        0  stm32f0xx_hal_uart.o(.text.HAL_UART_IRQHandler)
    __arm_cp.41_0                            0x080018cc   Number         4  stm32f0xx_hal_uart.o(.text.HAL_UART_IRQHandler)
    __arm_cp.41_1                            0x080018d0   Number         4  stm32f0xx_hal_uart.o(.text.HAL_UART_IRQHandler)
    __arm_cp.41_2                            0x080018d4   Number         4  stm32f0xx_hal_uart.o(.text.HAL_UART_IRQHandler)
    [Anonymous Symbol]                       0x080018d8   Section        0  stm32f0xx_hal_msp.o(.text.HAL_UART_MspInit)
    __arm_cp.3_0                             0x08001944   Number         4  stm32f0xx_hal_msp.o(.text.HAL_UART_MspInit)
    __arm_cp.3_1                             0x08001948   Number         4  stm32f0xx_hal_msp.o(.text.HAL_UART_MspInit)
    [Anonymous Symbol]                       0x0800194c   Section        0  stm32f0xx_hal_uart.o(.text.HAL_UART_Receive_IT)
    [Anonymous Symbol]                       0x080019a8   Section        0  main.o(.text.HAL_UART_RxCpltCallback)
    __arm_cp.11_0                            0x080019c0   Number         4  main.o(.text.HAL_UART_RxCpltCallback)
    [Anonymous Symbol]                       0x080019c4   Section        0  stm32f0xx_hal_uart.o(.text.HAL_UART_Transmit)
    __arm_cp.9_0                             0x08001a94   Number         4  stm32f0xx_hal_uart.o(.text.HAL_UART_Transmit)
    [Anonymous Symbol]                       0x08001a98   Section        0  main.o(.text.HAL_UART_TxCpltCallback)
    [Anonymous Symbol]                       0x08001a9a   Section        0  stm32f0xx_it.o(.text.HardFault_Handler)
    [Anonymous Symbol]                       0x08001a9c   Section        0  stm32f0xx_it.o(.text.NMI_Handler)
    [Anonymous Symbol]                       0x08001a9e   Section        0  stm32f0xx_it.o(.text.PendSV_Handler)
    [Anonymous Symbol]                       0x08001aa0   Section        0  main.o(.text.RS485_Init)
    __arm_cp.2_1                             0x08001ad8   Number         4  main.o(.text.RS485_Init)
    __arm_cp.2_2                             0x08001adc   Number         4  main.o(.text.RS485_Init)
    __arm_cp.2_3                             0x08001ae0   Number         4  main.o(.text.RS485_Init)
    __arm_cp.2_4                             0x08001ae4   Number         4  main.o(.text.RS485_Init)
    SPI_EndRxTxTransaction                   0x08001ae9   Thumb Code    72  stm32f0xx_hal_spi.o(.text.SPI_EndRxTxTransaction)
    [Anonymous Symbol]                       0x08001ae8   Section        0  stm32f0xx_hal_spi.o(.text.SPI_EndRxTxTransaction)
    SPI_WaitFifoStateUntilTimeout            0x08001b31   Thumb Code   212  stm32f0xx_hal_spi.o(.text.SPI_WaitFifoStateUntilTimeout)
    [Anonymous Symbol]                       0x08001b30   Section        0  stm32f0xx_hal_spi.o(.text.SPI_WaitFifoStateUntilTimeout)
    SPI_WaitFlagStateUntilTimeout            0x08001c05   Thumb Code   164  stm32f0xx_hal_spi.o(.text.SPI_WaitFlagStateUntilTimeout)
    [Anonymous Symbol]                       0x08001c04   Section        0  stm32f0xx_hal_spi.o(.text.SPI_WaitFlagStateUntilTimeout)
    __arm_cp.34_0                            0x08001ca4   Number         4  stm32f0xx_hal_spi.o(.text.SPI_WaitFlagStateUntilTimeout)
    [Anonymous Symbol]                       0x08001ca8   Section        0  main.o(.text.STATUS_Listener)
    __arm_cp.7_0                             0x08001d08   Number         4  main.o(.text.STATUS_Listener)
    __arm_cp.7_1                             0x08001d0c   Number         4  main.o(.text.STATUS_Listener)
    [Anonymous Symbol]                       0x08001d10   Section        0  stm32f0xx_it.o(.text.SVC_Handler)
    [Anonymous Symbol]                       0x08001d12   Section        0  stm32f0xx_it.o(.text.SysTick_Handler)
    [Anonymous Symbol]                       0x08001d1a   Section        0  main.o(.text.SystemClock_Config)
    [Anonymous Symbol]                       0x08001d8e   Section        0  system_stm32f0xx.o(.text.SystemInit)
    [Anonymous Symbol]                       0x08001d90   Section        0  tinyframe.o(.text.TF_AcceptChar)
    __arm_cp.12_0                            0x08001edc   Number         4  tinyframe.o(.text.TF_AcceptChar)
    __arm_cp.12_1                            0x08001ee0   Number         4  tinyframe.o(.text.TF_AcceptChar)
    __arm_cp.12_2                            0x08001ee4   Number         4  tinyframe.o(.text.TF_AcceptChar)
    [Anonymous Symbol]                       0x08001ee8   Section        0  tinyframe.o(.text.TF_AddIdListener)
    [Anonymous Symbol]                       0x08001f2c   Section        0  tinyframe.o(.text.TF_AddTypeListener)
    __arm_cp.4_0                             0x08001f64   Number         4  tinyframe.o(.text.TF_AddTypeListener)
    TF_CksumAdd                              0x08001f69   Thumb Code    16  tinyframe.o(.text.TF_CksumAdd)
    [Anonymous Symbol]                       0x08001f68   Section        0  tinyframe.o(.text.TF_CksumAdd)
    [Anonymous Symbol]                       0x08001f78   Section        0  tinyframe.o(.text.TF_InitStatic)
    [Anonymous Symbol]                       0x08001f9a   Section        0  tinyframe.o(.text.TF_Respond)
    [Anonymous Symbol]                       0x08001fa6   Section        0  tinyframe.o(.text.TF_Send)
    [Anonymous Symbol]                       0x08001fb4   Section        0  main.o(.text.TF_WriteImpl)
    __arm_cp.10_0                            0x08001fd0   Number         4  main.o(.text.TF_WriteImpl)
    __arm_cp.10_1                            0x08001fd4   Number         4  main.o(.text.TF_WriteImpl)
    UART_DMAAbortOnError                     0x08001fd9   Thumb Code    22  stm32f0xx_hal_uart.o(.text.UART_DMAAbortOnError)
    [Anonymous Symbol]                       0x08001fd8   Section        0  stm32f0xx_hal_uart.o(.text.UART_DMAAbortOnError)
    [Anonymous Symbol]                       0x08001ff0   Section        0  stm32f0xx_it.o(.text.USART1_IRQHandler)
    Veneer$$LitPool                          0x08001ffc   Data           4  anon$$obj.o(Veneer$$LitPool)
    __tagsym$$used.0                         0x08002000   Number         0  common.o(.ARM.__at_0x08002000)
    __tagsym$$used.1                         0x08002004   Number         0  common.o(.ARM.__at_0x08002004)
    __tagsym$$used.2                         0x08002008   Number         0  common.o(.ARM.__at_0x08002008)
    __tagsym$$used.3                         0x0800200c   Number         0  common.o(.ARM.__at_0x0800200C)
    TF_HandleReceivedMessage                 0x08002011   Thumb Code   276  tinyframe.o(.text.TF_HandleReceivedMessage)
    [Anonymous Symbol]                       0x08002010   Section        0  tinyframe.o(.text.TF_HandleReceivedMessage)
    __arm_cp.15_0                            0x08002120   Number         4  tinyframe.o(.text.TF_HandleReceivedMessage)
    TF_SendFrame                             0x08002125   Thumb Code   248  tinyframe.o(.text.TF_SendFrame)
    [Anonymous Symbol]                       0x08002124   Section        0  tinyframe.o(.text.TF_SendFrame)
    __arm_cp.17_2                            0x08002214   Number         4  tinyframe.o(.text.TF_SendFrame)
    __arm_cp.17_3                            0x08002218   Number         4  tinyframe.o(.text.TF_SendFrame)
    TF_SendFrame_Chunk                       0x0800221d   Thumb Code   144  tinyframe.o(.text.TF_SendFrame_Chunk)
    [Anonymous Symbol]                       0x0800221c   Section        0  tinyframe.o(.text.TF_SendFrame_Chunk)
    __arm_cp.28_2                            0x080022a8   Number         4  tinyframe.o(.text.TF_SendFrame_Chunk)
    TF_SendFrame_End                         0x080022ad   Thumb Code    84  tinyframe.o(.text.TF_SendFrame_End)
    [Anonymous Symbol]                       0x080022ac   Section        0  tinyframe.o(.text.TF_SendFrame_End)
    __arm_cp.30_0                            0x080022f8   Number         4  tinyframe.o(.text.TF_SendFrame_End)
    __arm_cp.30_1                            0x080022fc   Number         4  tinyframe.o(.text.TF_SendFrame_End)
    [Anonymous Symbol]                       0x08002300   Section        0  stm32f0xx_hal_uart.o(.text.UART_AdvFeatureConfig)
    [Anonymous Symbol]                       0x080023b8   Section        0  stm32f0xx_hal_uart.o(.text.UART_CheckIdleState)
    __arm_cp.4_0                             0x0800246c   Number         4  stm32f0xx_hal_uart.o(.text.UART_CheckIdleState)
    UART_EndRxTransfer                       0x08002471   Thumb Code    90  stm32f0xx_hal_uart.o(.text.UART_EndRxTransfer)
    [Anonymous Symbol]                       0x08002470   Section        0  stm32f0xx_hal_uart.o(.text.UART_EndRxTransfer)
    UART_RxISR_16BIT                         0x080024cb   Thumb Code   196  stm32f0xx_hal_uart.o(.text.UART_RxISR_16BIT)
    [Anonymous Symbol]                       0x080024ca   Section        0  stm32f0xx_hal_uart.o(.text.UART_RxISR_16BIT)
    UART_RxISR_8BIT                          0x0800258f   Thumb Code   198  stm32f0xx_hal_uart.o(.text.UART_RxISR_8BIT)
    [Anonymous Symbol]                       0x0800258e   Section        0  stm32f0xx_hal_uart.o(.text.UART_RxISR_8BIT)
    [Anonymous Symbol]                       0x08002654   Section        0  stm32f0xx_hal_uart.o(.text.UART_SetConfig)
    __arm_cp.2_0                             0x0800273c   Number         4  stm32f0xx_hal_uart.o(.text.UART_SetConfig)
    __arm_cp.2_1                             0x08002740   Number         4  stm32f0xx_hal_uart.o(.text.UART_SetConfig)
    __arm_cp.2_3                             0x08002754   Number         4  stm32f0xx_hal_uart.o(.text.UART_SetConfig)
    __arm_cp.2_4                             0x08002758   Number         4  stm32f0xx_hal_uart.o(.text.UART_SetConfig)
    [Anonymous Symbol]                       0x0800275c   Section        0  stm32f0xx_hal_uart.o(.text.UART_Start_Receive_IT)
    __arm_cp.16_0                            0x080027f8   Number         4  stm32f0xx_hal_uart.o(.text.UART_Start_Receive_IT)
    __arm_cp.16_1                            0x080027fc   Number         4  stm32f0xx_hal_uart.o(.text.UART_Start_Receive_IT)
    __arm_cp.16_2                            0x08002800   Number         4  stm32f0xx_hal_uart.o(.text.UART_Start_Receive_IT)
    [Anonymous Symbol]                       0x08002804   Section        0  stm32f0xx_hal_uart.o(.text.UART_WaitOnFlagUntilTimeout)
    __NVIC_SetPriority                       0x08002889   Thumb Code    64  stm32f0xx_hal_cortex.o(.text.__NVIC_SetPriority)
    [Anonymous Symbol]                       0x08002888   Section        0  stm32f0xx_hal_cortex.o(.text.__NVIC_SetPriority)
    __arm_cp.1_0                             0x080028c0   Number         4  stm32f0xx_hal_cortex.o(.text.__NVIC_SetPriority)
    __arm_cp.1_1                             0x080028c4   Number         4  stm32f0xx_hal_cortex.o(.text.__NVIC_SetPriority)
    __NVIC_SystemReset                       0x080028c9   Thumb Code    28  stm32f0xx_hal_cortex.o(.text.__NVIC_SystemReset)
    [Anonymous Symbol]                       0x080028c8   Section        0  stm32f0xx_hal_cortex.o(.text.__NVIC_SystemReset)
    __arm_cp.5_0                             0x080028dc   Number         4  stm32f0xx_hal_cortex.o(.text.__NVIC_SystemReset)
    __arm_cp.5_1                             0x080028e0   Number         4  stm32f0xx_hal_cortex.o(.text.__NVIC_SystemReset)
    cleanup_id_listener                      0x080028e5   Thumb Code    72  tinyframe.o(.text.cleanup_id_listener)
    [Anonymous Symbol]                       0x080028e4   Section        0  tinyframe.o(.text.cleanup_id_listener)
    __arm_cp.7_0                             0x08002928   Number         4  tinyframe.o(.text.cleanup_id_listener)
    [Anonymous Symbol]                       0x0800292c   Section        0  main.o(.text.main)
    __arm_cp.0_0                             0x08002b68   Number         4  main.o(.text.main)
    __arm_cp.0_2                             0x08002b6c   Number         4  main.o(.text.main)
    __arm_cp.0_3                             0x08002b70   Number         4  main.o(.text.main)
    __arm_cp.0_6                             0x08002b74   Number         4  main.o(.text.main)
    __arm_cp.0_7                             0x08002b78   Number         4  main.o(.text.main)
    __arm_cp.0_8                             0x08002b7c   Number         4  main.o(.text.main)
    __arm_cp.0_9                             0x08002b80   Number         4  main.o(.text.main)
    __arm_cp.0_10                            0x08002b84   Number         4  main.o(.text.main)
    [Anonymous Symbol]                       0x08002b88   Section        0  main.o(.text.sys_init)
    __arm_cp.3_0                             0x08002c54   Number         4  main.o(.text.sys_init)
    __arm_cp.3_1                             0x08002c58   Number         4  main.o(.text.sys_init)
    __arm_cp.3_2                             0x08002c5c   Number         4  main.o(.text.sys_init)
    __arm_cp.3_3                             0x08002c60   Number         4  main.o(.text.sys_init)
    __arm_cp.3_4                             0x08002c64   Number         4  main.o(.text.sys_init)
    uc_hextab                                0x08002c68   Data          20  _printf_hex_int.o(.constdata)
    .constdata                               0x08002c68   Section       40  _printf_hex_int.o(.constdata)
    lc_hextab                                0x08002c7c   Data          20  _printf_hex_int.o(.constdata)
    crc16_table                              0x08002ca8   Data         512  tinyframe.o(.rodata.crc16_table)
    [Anonymous Symbol]                       0x08002ca8   Section        0  tinyframe.o(.rodata.crc16_table)
    [Anonymous Symbol]                       0x20000000   Section        0  main.o(.data..L_MergedGlobals)
    [Anonymous Symbol]                       0x2000000c   Section        0  stm32f0xx_hal.o(.data..L_MergedGlobals)
    .bss                                     0x20000018   Section       96  libspace.o(.bss)
    [Anonymous Symbol]                       0x20000078   Section        0  main.o(.bss..L_MergedGlobals.1)
    Heap_Mem                                 0x20000870   Data         512  startup_stm32f030x6.o(HEAP)
    HEAP                                     0x20000870   Section      512  startup_stm32f030x6.o(HEAP)
    Stack_Mem                                0x20000a70   Data        1024  startup_stm32f030x6.o(STACK)
    STACK                                    0x20000a70   Section     1024  startup_stm32f030x6.o(STACK)
    __initial_sp                             0x20000e70   Data           0  startup_stm32f030x6.o(STACK)

    Global Symbols

    Symbol Name                              Value     Ov Type        Size  Object(Section)

    BuildAttributes$$THM_ISAv3M$S$PE$A:L22$X:L11$S22$IEEE1$IW$~IW$USESV6$~STKCKD$USESV7$~SHL$OTIME$ROPI$EBA8$UX$STANDARDLIB$REQ8$PRES8$EABIv2 0x00000000   Number         0  anon$$obj.o ABSOLUTE
    _printf_flags                            0x00000000   Number         0  printf_stubs.o ABSOLUTE
    _printf_return_value                     0x00000000   Number         0  printf_stubs.o ABSOLUTE
    _printf_sizespec                         0x00000000   Number         0  printf_stubs.o ABSOLUTE
    _printf_widthprec                        0x00000000   Number         0  printf_stubs.o ABSOLUTE
    __ARM_exceptions_init                     - Undefined Weak Reference
    __alloca_initialize                       - Undefined Weak Reference
    __arm_preinit_                            - Undefined Weak Reference
    __cpp_initialize__aeabi_                  - Undefined Weak Reference
    __cxa_finalize                            - Undefined Weak Reference
    __rt_locale                               - Undefined Weak Reference
    __sigvec_lookup                           - Undefined Weak Reference
    __user_heap_extent                        - Undefined Weak Reference
    _atexit_init                              - Undefined Weak Reference
    _call_atexit_fns                          - Undefined Weak Reference
    _clock_init                               - Undefined Weak Reference
    _fp_trap_init                             - Undefined Weak Reference
    _fp_trap_shutdown                         - Undefined Weak Reference
    _get_lc_collate                           - Undefined Weak Reference
    _get_lc_ctype                             - Undefined Weak Reference
    _get_lc_monetary                          - Undefined Weak Reference
    _get_lc_numeric                           - Undefined Weak Reference
    _get_lc_time                              - Undefined Weak Reference
    _getenv_init                              - Undefined Weak Reference
    _handle_redirection                       - Undefined Weak Reference
    _mutex_acquire                            - Undefined Weak Reference
    _mutex_free                               - Undefined Weak Reference
    _mutex_release                            - Undefined Weak Reference
    _printf_mbtowc                            - Undefined Weak Reference
    _printf_truncate_signed                   - Undefined Weak Reference
    _printf_truncate_unsigned                 - Undefined Weak Reference
    _rand_init                                - Undefined Weak Reference
    _signal_finish                            - Undefined Weak Reference
    _signal_init                              - Undefined Weak Reference
    __Vectors_Size                           0x000000b0   Number         0  startup_stm32f030x6.o ABSOLUTE
    __Vectors                                0x08000000   Data           4  startup_stm32f030x6.o(RESET)
    __Vectors_End                            0x080000b0   Data           0  startup_stm32f030x6.o(RESET)
    __main                                   0x080000b1   Thumb Code     8  __main.o(!!!main)
    __scatterload                            0x080000b9   Thumb Code     0  __scatter.o(!!!scatter)
    __scatterload_rt2                        0x080000b9   Thumb Code    52  __scatter.o(!!!scatter)
    __scatterload_rt2_thumb_only             0x080000b9   Thumb Code     0  __scatter.o(!!!scatter)
    __scatterload_null                       0x080000c9   Thumb Code     0  __scatter.o(!!!scatter)
    __scatterload_copy                       0x080000f5   Thumb Code    26  __scatter_copy.o(!!handler_copy)
    __scatterload_zeroinit                   0x08000111   Thumb Code    28  __scatter_zi.o(!!handler_zi)
    _printf_percent                          0x0800012d   Thumb Code     0  _printf_percent.o(.ARM.Collect$$_printf_percent$$00000000)
    _printf_u                                0x0800012f   Thumb Code     0  _printf_u.o(.ARM.Collect$$_printf_percent$$0000000A)
    _printf_x                                0x08000139   Thumb Code     0  _printf_x.o(.ARM.Collect$$_printf_percent$$0000000C)
    _printf_c                                0x08000143   Thumb Code     0  _printf_c.o(.ARM.Collect$$_printf_percent$$00000013)
    _printf_s                                0x0800014d   Thumb Code     0  _printf_s.o(.ARM.Collect$$_printf_percent$$00000014)
    _printf_percent_end                      0x08000157   Thumb Code     0  _printf_percent_end.o(.ARM.Collect$$_printf_percent$$00000017)
    __rt_lib_init                            0x0800015b   Thumb Code     0  libinit.o(.ARM.Collect$$libinit$$00000000)
    __rt_lib_init_alloca_1                   0x0800015d   Thumb Code     0  libinit2.o(.ARM.Collect$$libinit$$0000002E)
    __rt_lib_init_argv_1                     0x0800015d   Thumb Code     0  libinit2.o(.ARM.Collect$$libinit$$0000002C)
    __rt_lib_init_atexit_1                   0x0800015d   Thumb Code     0  libinit2.o(.ARM.Collect$$libinit$$0000001B)
    __rt_lib_init_clock_1                    0x0800015d   Thumb Code     0  libinit2.o(.ARM.Collect$$libinit$$00000021)
    __rt_lib_init_cpp_1                      0x0800015d   Thumb Code     0  libinit2.o(.ARM.Collect$$libinit$$00000032)
    __rt_lib_init_exceptions_1               0x0800015d   Thumb Code     0  libinit2.o(.ARM.Collect$$libinit$$00000030)
    __rt_lib_init_fp_1                       0x0800015d   Thumb Code     0  libinit2.o(.ARM.Collect$$libinit$$00000002)
    __rt_lib_init_fp_trap_1                  0x0800015d   Thumb Code     0  libinit2.o(.ARM.Collect$$libinit$$0000001F)
    __rt_lib_init_getenv_1                   0x0800015d   Thumb Code     0  libinit2.o(.ARM.Collect$$libinit$$00000023)
    __rt_lib_init_heap_1                     0x0800015d   Thumb Code     0  libinit2.o(.ARM.Collect$$libinit$$0000000A)
    __rt_lib_init_lc_collate_1               0x0800015d   Thumb Code     0  libinit2.o(.ARM.Collect$$libinit$$00000011)
    __rt_lib_init_lc_ctype_1                 0x0800015d   Thumb Code     0  libinit2.o(.ARM.Collect$$libinit$$00000013)
    __rt_lib_init_lc_monetary_1              0x0800015d   Thumb Code     0  libinit2.o(.ARM.Collect$$libinit$$00000015)
    __rt_lib_init_lc_numeric_1               0x0800015d   Thumb Code     0  libinit2.o(.ARM.Collect$$libinit$$00000017)
    __rt_lib_init_lc_time_1                  0x0800015d   Thumb Code     0  libinit2.o(.ARM.Collect$$libinit$$00000019)
    __rt_lib_init_preinit_1                  0x0800015d   Thumb Code     0  libinit2.o(.ARM.Collect$$libinit$$00000004)
    __rt_lib_init_rand_1                     0x0800015d   Thumb Code     0  libinit2.o(.ARM.Collect$$libinit$$0000000E)
    __rt_lib_init_return                     0x0800015d   Thumb Code     0  libinit2.o(.ARM.Collect$$libinit$$00000033)
    __rt_lib_init_signal_1                   0x0800015d   Thumb Code     0  libinit2.o(.ARM.Collect$$libinit$$0000001D)
    __rt_lib_init_stdio_1                    0x0800015d   Thumb Code     0  libinit2.o(.ARM.Collect$$libinit$$00000025)
    __rt_lib_init_user_alloc_1               0x0800015d   Thumb Code     0  libinit2.o(.ARM.Collect$$libinit$$0000000C)
    __rt_lib_shutdown                        0x0800015f   Thumb Code     0  libshutdown.o(.ARM.Collect$$libshutdown$$00000000)
    __rt_lib_shutdown_cpp_1                  0x08000161   Thumb Code     0  libshutdown2.o(.ARM.Collect$$libshutdown$$00000002)
    __rt_lib_shutdown_fp_trap_1              0x08000161   Thumb Code     0  libshutdown2.o(.ARM.Collect$$libshutdown$$00000007)
    __rt_lib_shutdown_heap_1                 0x08000161   Thumb Code     0  libshutdown2.o(.ARM.Collect$$libshutdown$$0000000F)
    __rt_lib_shutdown_return                 0x08000161   Thumb Code     0  libshutdown2.o(.ARM.Collect$$libshutdown$$00000010)
    __rt_lib_shutdown_signal_1               0x08000161   Thumb Code     0  libshutdown2.o(.ARM.Collect$$libshutdown$$0000000A)
    __rt_lib_shutdown_stdio_1                0x08000161   Thumb Code     0  libshutdown2.o(.ARM.Collect$$libshutdown$$00000004)
    __rt_lib_shutdown_user_alloc_1           0x08000161   Thumb Code     0  libshutdown2.o(.ARM.Collect$$libshutdown$$0000000C)
    __rt_entry                               0x08000163   Thumb Code     0  __rtentry.o(.ARM.Collect$$rtentry$$00000000)
    __rt_entry_presh_1                       0x08000163   Thumb Code     0  __rtentry2.o(.ARM.Collect$$rtentry$$00000002)
    __rt_entry_sh                            0x08000163   Thumb Code     0  __rtentry4.o(.ARM.Collect$$rtentry$$00000004)
    __rt_entry_li                            0x08000169   Thumb Code     0  __rtentry2.o(.ARM.Collect$$rtentry$$0000000A)
    __rt_entry_postsh_1                      0x08000169   Thumb Code     0  __rtentry2.o(.ARM.Collect$$rtentry$$00000009)
    __rt_entry_main                          0x0800016d   Thumb Code     0  __rtentry2.o(.ARM.Collect$$rtentry$$0000000D)
    __rt_entry_postli_1                      0x0800016d   Thumb Code     0  __rtentry2.o(.ARM.Collect$$rtentry$$0000000C)
    __rt_exit                                0x08000175   Thumb Code     0  rtexit.o(.ARM.Collect$$rtexit$$00000000)
    __rt_exit_ls                             0x08000177   Thumb Code     0  rtexit2.o(.ARM.Collect$$rtexit$$00000003)
    __rt_exit_prels_1                        0x08000177   Thumb Code     0  rtexit2.o(.ARM.Collect$$rtexit$$00000002)
    __rt_exit_exit                           0x0800017b   Thumb Code     0  rtexit2.o(.ARM.Collect$$rtexit$$00000004)
    Reset_Handler                            0x08000181   Thumb Code     8  startup_stm32f030x6.o(.text)
    ADC1_IRQHandler                          0x08000193   Thumb Code     0  startup_stm32f030x6.o(.text)
    DMA1_Channel1_IRQHandler                 0x08000193   Thumb Code     0  startup_stm32f030x6.o(.text)
    DMA1_Channel2_3_IRQHandler               0x08000193   Thumb Code     0  startup_stm32f030x6.o(.text)
    DMA1_Channel4_5_IRQHandler               0x08000193   Thumb Code     0  startup_stm32f030x6.o(.text)
    EXTI0_1_IRQHandler                       0x08000193   Thumb Code     0  startup_stm32f030x6.o(.text)
    EXTI2_3_IRQHandler                       0x08000193   Thumb Code     0  startup_stm32f030x6.o(.text)
    EXTI4_15_IRQHandler                      0x08000193   Thumb Code     0  startup_stm32f030x6.o(.text)
    FLASH_IRQHandler                         0x08000193   Thumb Code     0  startup_stm32f030x6.o(.text)
    I2C1_IRQHandler                          0x08000193   Thumb Code     0  startup_stm32f030x6.o(.text)
    RCC_IRQHandler                           0x08000193   Thumb Code     0  startup_stm32f030x6.o(.text)
    RTC_IRQHandler                           0x08000193   Thumb Code     0  startup_stm32f030x6.o(.text)
    SPI1_IRQHandler                          0x08000193   Thumb Code     0  startup_stm32f030x6.o(.text)
    TIM14_IRQHandler                         0x08000193   Thumb Code     0  startup_stm32f030x6.o(.text)
    TIM16_IRQHandler                         0x08000193   Thumb Code     0  startup_stm32f030x6.o(.text)
    TIM17_IRQHandler                         0x08000193   Thumb Code     0  startup_stm32f030x6.o(.text)
    TIM1_BRK_UP_TRG_COM_IRQHandler           0x08000193   Thumb Code     0  startup_stm32f030x6.o(.text)
    TIM1_CC_IRQHandler                       0x08000193   Thumb Code     0  startup_stm32f030x6.o(.text)
    TIM3_IRQHandler                          0x08000193   Thumb Code     0  startup_stm32f030x6.o(.text)
    WWDG_IRQHandler                          0x08000193   Thumb Code     0  startup_stm32f030x6.o(.text)
    __user_initial_stackheap                 0x08000195   Thumb Code     0  startup_stm32f030x6.o(.text)
    _printf_pre_padding                      0x080001b9   Thumb Code    44  _printf_pad.o(.text)
    _printf_post_padding                     0x080001e5   Thumb Code    34  _printf_pad.o(.text)
    _printf_str                              0x08000207   Thumb Code    82  _printf_str.o(.text)
    _printf_int_dec                          0x08000259   Thumb Code    90  _printf_dec.o(.text)
    _printf_int_hex                          0x080002c5   Thumb Code    84  _printf_hex_int.o(.text)
    _printf_longlong_hex                     0x080002c5   Thumb Code     0  _printf_hex_int.o(.text)
    _memset_w                                0x0800031d   Thumb Code    26  rt_memclr.o(.text)
    _memset                                  0x08000337   Thumb Code    30  rt_memclr.o(.text)
    __aeabi_memclr                           0x08000355   Thumb Code     4  rt_memclr.o(.text)
    __rt_memclr                              0x08000355   Thumb Code     0  rt_memclr.o(.text)
    __aeabi_memclr4                          0x08000359   Thumb Code     0  rt_memclr.o(.text)
    __aeabi_memclr8                          0x08000359   Thumb Code     0  rt_memclr.o(.text)
    __rt_memclr_w                            0x08000359   Thumb Code     4  rt_memclr.o(.text)
    __aeabi_uidiv                            0x0800035d   Thumb Code     0  aeabi_sdiv.o(.text)
    __aeabi_uidivmod                         0x0800035d   Thumb Code    20  aeabi_sdiv.o(.text)
    __aeabi_idiv                             0x08000371   Thumb Code     0  aeabi_sdiv.o(.text)
    __aeabi_idivmod                          0x08000371   Thumb Code   338  aeabi_sdiv.o(.text)
    __use_two_region_memory                  0x080004c9   Thumb Code     2  heapauxi.o(.text)
    __rt_heap_escrow                         0x080004cb   Thumb Code     2  heapauxi.o(.text)
    __rt_heap_expand                         0x080004cd   Thumb Code     2  heapauxi.o(.text)
    _printf_int_common                       0x080004cf   Thumb Code   176  _printf_intcommon.o(.text)
    _printf_cs_common                        0x0800057f   Thumb Code    22  _printf_char.o(.text)
    _printf_char                             0x08000595   Thumb Code    16  _printf_char.o(.text)
    _printf_string                           0x080005a5   Thumb Code     8  _printf_char.o(.text)
    __rt_udiv10                              0x080005ad   Thumb Code    40  rtudiv10.o(.text)
    __user_libspace                          0x080005d5   Thumb Code     8  libspace.o(.text)
    __user_perproc_libspace                  0x080005d5   Thumb Code     0  libspace.o(.text)
    __user_perthread_libspace                0x080005d5   Thumb Code     0  libspace.o(.text)
    __I$use$semihosting                      0x080005dd   Thumb Code     0  use_no_semi.o(.text)
    __use_no_semihosting_swi                 0x080005dd   Thumb Code     2  use_no_semi.o(.text)
    __semihosting_library_function           0x080005df   Thumb Code     0  indicate_semi.o(.text)
    __user_setup_stackheap                   0x080005df   Thumb Code    62  sys_stackheap_outer.o(.text)
    exit                                     0x0800061d   Thumb Code    16  exit.o(.text)
    _sys_exit                                0x0800062d   Thumb Code     8  sys_exit.o(.text)
    BINARY_Listener                          0x08000639   Thumb Code   316  main.o(.text.BINARY_Listener)
    Error_Handler                            0x08000775   Thumb Code    12  main.o(.text.Error_Handler)
    HAL_DMA_Abort                            0x08000781   Thumb Code    60  stm32f0xx_hal_dma.o(.text.HAL_DMA_Abort)
    HAL_DMA_Abort_IT                         0x080007bd   Thumb Code    68  stm32f0xx_hal_dma.o(.text.HAL_DMA_Abort_IT)
    HAL_DMA_GetError                         0x08000801   Thumb Code     4  stm32f0xx_hal_dma.o(.text.HAL_DMA_GetError)
    HAL_Delay                                0x08000805   Thumb Code    32  stm32f0xx_hal.o(.text.HAL_Delay)
    HAL_GPIO_Init                            0x08000825   Thumb Code   404  stm32f0xx_hal_gpio.o(.text.HAL_GPIO_Init)
    HAL_GPIO_ReadPin                         0x080009b9   Thumb Code    10  stm32f0xx_hal_gpio.o(.text.HAL_GPIO_ReadPin)
    HAL_GPIO_WritePin                        0x080009c3   Thumb Code    14  stm32f0xx_hal_gpio.o(.text.HAL_GPIO_WritePin)
    HAL_GetTick                              0x080009d1   Thumb Code     8  stm32f0xx_hal.o(.text.HAL_GetTick)
    HAL_IWDG_Init                            0x080009d9   Thumb Code    96  stm32f0xx_hal_iwdg.o(.text.HAL_IWDG_Init)
    HAL_IWDG_Refresh                         0x08000a39   Thumb Code    16  stm32f0xx_hal_iwdg.o(.text.HAL_IWDG_Refresh)
    HAL_IncTick                              0x08000a49   Thumb Code    20  stm32f0xx_hal.o(.text.HAL_IncTick)
    HAL_Init                                 0x08000a5d   Thumb Code    28  stm32f0xx_hal.o(.text.HAL_Init)
    HAL_InitTick                             0x08000a79   Thumb Code    64  stm32f0xx_hal.o(.text.HAL_InitTick)
    HAL_MspInit                              0x08000ab9   Thumb Code    44  stm32f0xx_hal_msp.o(.text.HAL_MspInit)
    HAL_NVIC_EnableIRQ                       0x08000ae5   Thumb Code    24  stm32f0xx_hal_cortex.o(.text.HAL_NVIC_EnableIRQ)
    HAL_NVIC_SetPriority                     0x08000afd   Thumb Code     8  stm32f0xx_hal_cortex.o(.text.HAL_NVIC_SetPriority)
    HAL_NVIC_SystemReset                     0x08000b05   Thumb Code     4  stm32f0xx_hal_cortex.o(.text.HAL_NVIC_SystemReset)
    HAL_RCCEx_PeriphCLKConfig                0x08000b09   Thumb Code   252  stm32f0xx_hal_rcc_ex.o(.text.HAL_RCCEx_PeriphCLKConfig)
    HAL_RCC_ClockConfig                      0x08000c05   Thumb Code   264  stm32f0xx_hal_rcc.o(.text.HAL_RCC_ClockConfig)
    HAL_RCC_GetPCLK1Freq                     0x08000d0d   Thumb Code    28  stm32f0xx_hal_rcc.o(.text.HAL_RCC_GetPCLK1Freq)
    HAL_RCC_GetSysClockFreq                  0x08000d29   Thumb Code   100  stm32f0xx_hal_rcc.o(.text.HAL_RCC_GetSysClockFreq)
    HAL_RCC_OscConfig                        0x08000d8d   Thumb Code  1000  stm32f0xx_hal_rcc.o(.text.HAL_RCC_OscConfig)
    HAL_RS485Ex_Init                         0x08001175   Thumb Code   136  stm32f0xx_hal_uart_ex.o(.text.HAL_RS485Ex_Init)
    HAL_SPI_Init                             0x080011fd   Thumb Code   244  stm32f0xx_hal_spi.o(.text.HAL_SPI_Init)
    HAL_SPI_MspInit                          0x080012f1   Thumb Code   100  stm32f0xx_hal_msp.o(.text.HAL_SPI_MspInit)
    HAL_SPI_Transmit                         0x08001355   Thumb Code   396  stm32f0xx_hal_spi.o(.text.HAL_SPI_Transmit)
    HAL_SYSTICK_Config                       0x080014e1   Thumb Code    52  stm32f0xx_hal_cortex.o(.text.HAL_SYSTICK_Config)
    HAL_UARTEx_RxEventCallback               0x08001515   Thumb Code     2  stm32f0xx_hal_uart.o(.text.HAL_UARTEx_RxEventCallback)
    HAL_UART_AbortReceive                    0x08001517   Thumb Code   178  stm32f0xx_hal_uart.o(.text.HAL_UART_AbortReceive)
    HAL_UART_ErrorCallback                   0x080015c9   Thumb Code    52  main.o(.text.HAL_UART_ErrorCallback)
    HAL_UART_IRQHandler                      0x080015fd   Thumb Code   732  stm32f0xx_hal_uart.o(.text.HAL_UART_IRQHandler)
    HAL_UART_MspInit                         0x080018d9   Thumb Code   116  stm32f0xx_hal_msp.o(.text.HAL_UART_MspInit)
    HAL_UART_Receive_IT                      0x0800194d   Thumb Code    90  stm32f0xx_hal_uart.o(.text.HAL_UART_Receive_IT)
    HAL_UART_RxCpltCallback                  0x080019a9   Thumb Code    28  main.o(.text.HAL_UART_RxCpltCallback)
    HAL_UART_Transmit                        0x080019c5   Thumb Code   212  stm32f0xx_hal_uart.o(.text.HAL_UART_Transmit)
    HAL_UART_TxCpltCallback                  0x08001a99   Thumb Code     2  main.o(.text.HAL_UART_TxCpltCallback)
    HardFault_Handler                        0x08001a9b   Thumb Code     2  stm32f0xx_it.o(.text.HardFault_Handler)
    NMI_Handler                              0x08001a9d   Thumb Code     2  stm32f0xx_it.o(.text.NMI_Handler)
    PendSV_Handler                           0x08001a9f   Thumb Code     2  stm32f0xx_it.o(.text.PendSV_Handler)
    RS485_Init                               0x08001aa1   Thumb Code    72  main.o(.text.RS485_Init)
    STATUS_Listener                          0x08001ca9   Thumb Code   104  main.o(.text.STATUS_Listener)
    SVC_Handler                              0x08001d11   Thumb Code     2  stm32f0xx_it.o(.text.SVC_Handler)
    SysTick_Handler                          0x08001d13   Thumb Code     8  stm32f0xx_it.o(.text.SysTick_Handler)
    SystemClock_Config                       0x08001d1b   Thumb Code   116  main.o(.text.SystemClock_Config)
    SystemInit                               0x08001d8f   Thumb Code     2  system_stm32f0xx.o(.text.SystemInit)
    TF_AcceptChar                            0x08001d91   Thumb Code   344  tinyframe.o(.text.TF_AcceptChar)
    TF_AddIdListener                         0x08001ee9   Thumb Code    68  tinyframe.o(.text.TF_AddIdListener)
    TF_AddTypeListener                       0x08001f2d   Thumb Code    60  tinyframe.o(.text.TF_AddTypeListener)
    TF_InitStatic                            0x08001f79   Thumb Code    34  tinyframe.o(.text.TF_InitStatic)
    TF_Respond                               0x08001f9b   Thumb Code    12  tinyframe.o(.text.TF_Respond)
    TF_Send                                  0x08001fa7   Thumb Code    12  tinyframe.o(.text.TF_Send)
    TF_WriteImpl                             0x08001fb5   Thumb Code    36  main.o(.text.TF_WriteImpl)
    USART1_IRQHandler                        0x08001ff1   Thumb Code    12  stm32f0xx_it.o(.text.USART1_IRQHandler)
    size                                     0x08002000   Data           4  common.o(.ARM.__at_0x08002000)
    crc_32                                   0x08002004   Data           4  common.o(.ARM.__at_0x08002004)
    version                                  0x08002008   Data           4  common.o(.ARM.__at_0x08002008)
    address                                  0x0800200c   Data           4  common.o(.ARM.__at_0x0800200C)
    UART_AdvFeatureConfig                    0x08002301   Thumb Code   184  stm32f0xx_hal_uart.o(.text.UART_AdvFeatureConfig)
    UART_CheckIdleState                      0x080023b9   Thumb Code   184  stm32f0xx_hal_uart.o(.text.UART_CheckIdleState)
    UART_SetConfig                           0x08002655   Thumb Code   264  stm32f0xx_hal_uart.o(.text.UART_SetConfig)
    UART_Start_Receive_IT                    0x0800275d   Thumb Code   168  stm32f0xx_hal_uart.o(.text.UART_Start_Receive_IT)
    UART_WaitOnFlagUntilTimeout              0x08002805   Thumb Code   132  stm32f0xx_hal_uart.o(.text.UART_WaitOnFlagUntilTimeout)
    main                                     0x0800292d   Thumb Code   604  main.o(.text.main)
    sys_init                                 0x08002b89   Thumb Code   224  main.o(.text.sys_init)
    AHBPrescTable                            0x08002c90   Data          16  system_stm32f0xx.o(.rodata.AHBPrescTable)
    APBPrescTable                            0x08002ca0   Data           8  system_stm32f0xx.o(.rodata.APBPrescTable)
    Region$$Table$$Base                      0x08002ea8   Number         0  anon$$obj.o(Region$$Table)
    Region$$Table$$Limit                     0x08002ec8   Number         0  anon$$obj.o(Region$$Table)
    ml                                       0x20000000   Data           1  main.o(.data..L_MergedGlobals)
    rel                                      0x20000001   Data           4  main.o(.data..L_MergedGlobals)
    rel_old                                  0x20000005   Data           4  main.o(.data..L_MergedGlobals)
    uwTickFreq                               0x2000000c   Data           1  stm32f0xx_hal.o(.data..L_MergedGlobals)
    uwTickPrio                               0x20000010   Data           4  stm32f0xx_hal.o(.data..L_MergedGlobals)
    SystemCoreClock                          0x20000014   Data           4  system_stm32f0xx.o(.data.SystemCoreClock)
    __libspace_start                         0x20000018   Data          96  libspace.o(.bss)
    __temporary_stack_top$libspace           0x20000078   Data           0  libspace.o(.bss)
    sel                                      0x20000078   Data           1  main.o(.bss..L_MergedGlobals.1)
    init_tf                                  0x20000079   Data           1  main.o(.bss..L_MergedGlobals.1)
    led_status                               0x2000007a   Data           1  main.o(.bss..L_MergedGlobals.1)
    rec                                      0x2000007b   Data           1  main.o(.bss..L_MergedGlobals.1)
    rel_start                                0x2000007c   Data           2  main.o(.bss..L_MergedGlobals.1)
    rel_end                                  0x2000007e   Data           2  main.o(.bss..L_MergedGlobals.1)
    hiwdg                                    0x20000080   Data          16  main.o(.bss..L_MergedGlobals.1)
    hspi1                                    0x20000090   Data         100  main.o(.bss..L_MergedGlobals.1)
    huart1                                   0x200000f4   Data         136  main.o(.bss.huart1)
    tfapp                                    0x2000017c   Data        1776  main.o(.bss.tfapp)
    uwTick                                   0x2000086c   Data           4  stm32f0xx_hal.o(.bss.uwTick)



==============================================================================

Memory Map of the image

  Image Entry point : 0x080000b1

  Load Region LR_IROM1 (Base: 0x08000000, Size: 0x00002ee0, Max: 0x00004000, ABSOLUTE)

    Execution Region ER_IROM1 (Exec base: 0x08000000, Load base: 0x08000000, Size: 0x00002ec8, Max: 0x00004000, ABSOLUTE)

    Exec Addr    Load Addr    Size         Type   Attr      Idx    E Section Name        Object

    0x08000000   0x08000000   0x000000b0   Data   RO            3    RESET               startup_stm32f030x6.o
    0x080000b0   0x080000b0   0x00000008   Code   RO         1211  * !!!main             c_p.l(__main.o)
    0x080000b8   0x080000b8   0x0000003c   Code   RO         1522    !!!scatter          c_p.l(__scatter.o)
    0x080000f4   0x080000f4   0x0000001a   Code   RO         1524    !!handler_copy      c_p.l(__scatter_copy.o)
    0x0800010e   0x0800010e   0x00000002   PAD
    0x08000110   0x08000110   0x0000001c   Code   RO         1526    !!handler_zi        c_p.l(__scatter_zi.o)
    0x0800012c   0x0800012c   0x00000002   Code   RO         1196    .ARM.Collect$$_printf_percent$$00000000  c_p.l(_printf_percent.o)
    0x0800012e   0x0800012e   0x0000000a   Code   RO         1195    .ARM.Collect$$_printf_percent$$0000000A  c_p.l(_printf_u.o)
    0x08000138   0x08000138   0x0000000a   Code   RO         1194    .ARM.Collect$$_printf_percent$$0000000C  c_p.l(_printf_x.o)
    0x08000142   0x08000142   0x0000000a   Code   RO         1192    .ARM.Collect$$_printf_percent$$00000013  c_p.l(_printf_c.o)
    0x0800014c   0x0800014c   0x0000000a   Code   RO         1193    .ARM.Collect$$_printf_percent$$00000014  c_p.l(_printf_s.o)
    0x08000156   0x08000156   0x00000004   Code   RO         1249    .ARM.Collect$$_printf_percent$$00000017  c_p.l(_printf_percent_end.o)
    0x0800015a   0x0800015a   0x00000002   Code   RO         1437    .ARM.Collect$$libinit$$00000000  c_p.l(libinit.o)
    0x0800015c   0x0800015c   0x00000000   Code   RO         1271    .ARM.Collect$$libinit$$00000002  c_p.l(libinit2.o)
    0x0800015c   0x0800015c   0x00000000   Code   RO         1273    .ARM.Collect$$libinit$$00000004  c_p.l(libinit2.o)
    0x0800015c   0x0800015c   0x00000000   Code   RO         1276    .ARM.Collect$$libinit$$0000000A  c_p.l(libinit2.o)
    0x0800015c   0x0800015c   0x00000000   Code   RO         1278    .ARM.Collect$$libinit$$0000000C  c_p.l(libinit2.o)
    0x0800015c   0x0800015c   0x00000000   Code   RO         1280    .ARM.Collect$$libinit$$0000000E  c_p.l(libinit2.o)
    0x0800015c   0x0800015c   0x00000000   Code   RO         1283    .ARM.Collect$$libinit$$00000011  c_p.l(libinit2.o)
    0x0800015c   0x0800015c   0x00000000   Code   RO         1285    .ARM.Collect$$libinit$$00000013  c_p.l(libinit2.o)
    0x0800015c   0x0800015c   0x00000000   Code   RO         1287    .ARM.Collect$$libinit$$00000015  c_p.l(libinit2.o)
    0x0800015c   0x0800015c   0x00000000   Code   RO         1289    .ARM.Collect$$libinit$$00000017  c_p.l(libinit2.o)
    0x0800015c   0x0800015c   0x00000000   Code   RO         1291    .ARM.Collect$$libinit$$00000019  c_p.l(libinit2.o)
    0x0800015c   0x0800015c   0x00000000   Code   RO         1293    .ARM.Collect$$libinit$$0000001B  c_p.l(libinit2.o)
    0x0800015c   0x0800015c   0x00000000   Code   RO         1295    .ARM.Collect$$libinit$$0000001D  c_p.l(libinit2.o)
    0x0800015c   0x0800015c   0x00000000   Code   RO         1297    .ARM.Collect$$libinit$$0000001F  c_p.l(libinit2.o)
    0x0800015c   0x0800015c   0x00000000   Code   RO         1299    .ARM.Collect$$libinit$$00000021  c_p.l(libinit2.o)
    0x0800015c   0x0800015c   0x00000000   Code   RO         1301    .ARM.Collect$$libinit$$00000023  c_p.l(libinit2.o)
    0x0800015c   0x0800015c   0x00000000   Code   RO         1303    .ARM.Collect$$libinit$$00000025  c_p.l(libinit2.o)
    0x0800015c   0x0800015c   0x00000000   Code   RO         1307    .ARM.Collect$$libinit$$0000002C  c_p.l(libinit2.o)
    0x0800015c   0x0800015c   0x00000000   Code   RO         1309    .ARM.Collect$$libinit$$0000002E  c_p.l(libinit2.o)
    0x0800015c   0x0800015c   0x00000000   Code   RO         1311    .ARM.Collect$$libinit$$00000030  c_p.l(libinit2.o)
    0x0800015c   0x0800015c   0x00000000   Code   RO         1313    .ARM.Collect$$libinit$$00000032  c_p.l(libinit2.o)
    0x0800015c   0x0800015c   0x00000002   Code   RO         1314    .ARM.Collect$$libinit$$00000033  c_p.l(libinit2.o)
    0x0800015e   0x0800015e   0x00000002   Code   RO         1519    .ARM.Collect$$libshutdown$$00000000  c_p.l(libshutdown.o)
    0x08000160   0x08000160   0x00000000   Code   RO         1439    .ARM.Collect$$libshutdown$$00000002  c_p.l(libshutdown2.o)
    0x08000160   0x08000160   0x00000000   Code   RO         1441    .ARM.Collect$$libshutdown$$00000004  c_p.l(libshutdown2.o)
    0x08000160   0x08000160   0x00000000   Code   RO         1444    .ARM.Collect$$libshutdown$$00000007  c_p.l(libshutdown2.o)
    0x08000160   0x08000160   0x00000000   Code   RO         1447    .ARM.Collect$$libshutdown$$0000000A  c_p.l(libshutdown2.o)
    0x08000160   0x08000160   0x00000000   Code   RO         1449    .ARM.Collect$$libshutdown$$0000000C  c_p.l(libshutdown2.o)
    0x08000160   0x08000160   0x00000000   Code   RO         1452    .ARM.Collect$$libshutdown$$0000000F  c_p.l(libshutdown2.o)
    0x08000160   0x08000160   0x00000002   Code   RO         1453    .ARM.Collect$$libshutdown$$00000010  c_p.l(libshutdown2.o)
    0x08000162   0x08000162   0x00000000   Code   RO         1215    .ARM.Collect$$rtentry$$00000000  c_p.l(__rtentry.o)
    0x08000162   0x08000162   0x00000000   Code   RO         1323    .ARM.Collect$$rtentry$$00000002  c_p.l(__rtentry2.o)
    0x08000162   0x08000162   0x00000006   Code   RO         1335    .ARM.Collect$$rtentry$$00000004  c_p.l(__rtentry4.o)
    0x08000168   0x08000168   0x00000000   Code   RO         1325    .ARM.Collect$$rtentry$$00000009  c_p.l(__rtentry2.o)
    0x08000168   0x08000168   0x00000004   Code   RO         1326    .ARM.Collect$$rtentry$$0000000A  c_p.l(__rtentry2.o)
    0x0800016c   0x0800016c   0x00000000   Code   RO         1328    .ARM.Collect$$rtentry$$0000000C  c_p.l(__rtentry2.o)
    0x0800016c   0x0800016c   0x00000008   Code   RO         1329    .ARM.Collect$$rtentry$$0000000D  c_p.l(__rtentry2.o)
    0x08000174   0x08000174   0x00000002   Code   RO         1459    .ARM.Collect$$rtexit$$00000000  c_p.l(rtexit.o)
    0x08000176   0x08000176   0x00000000   Code   RO         1490    .ARM.Collect$$rtexit$$00000002  c_p.l(rtexit2.o)
    0x08000176   0x08000176   0x00000004   Code   RO         1491    .ARM.Collect$$rtexit$$00000003  c_p.l(rtexit2.o)
    0x0800017a   0x0800017a   0x00000006   Code   RO         1492    .ARM.Collect$$rtexit$$00000004  c_p.l(rtexit2.o)
    0x08000180   0x08000180   0x00000038   Code   RO            4    .text               startup_stm32f030x6.o
    0x080001b8   0x080001b8   0x0000004e   Code   RO         1145    .text               c_p.l(_printf_pad.o)
    0x08000206   0x08000206   0x00000052   Code   RO         1147    .text               c_p.l(_printf_str.o)
    0x08000258   0x08000258   0x0000006c   Code   RO         1149    .text               c_p.l(_printf_dec.o)
    0x080002c4   0x080002c4   0x00000058   Code   RO         1154    .text               c_p.l(_printf_hex_int.o)
    0x0800031c   0x0800031c   0x00000040   Code   RO         1203    .text               c_p.l(rt_memclr.o)
    0x0800035c   0x0800035c   0x0000016c   Code   RO         1205    .text               c_p.l(aeabi_sdiv.o)
    0x080004c8   0x080004c8   0x00000006   Code   RO         1209    .text               c_p.l(heapauxi.o)
    0x080004ce   0x080004ce   0x000000b0   Code   RO         1243    .text               c_p.l(_printf_intcommon.o)
    0x0800057e   0x0800057e   0x0000002e   Code   RO         1245    .text               c_p.l(_printf_char.o)
    0x080005ac   0x080005ac   0x00000028   Code   RO         1266    .text               c_p.l(rtudiv10.o)
    0x080005d4   0x080005d4   0x00000008   Code   RO         1319    .text               c_p.l(libspace.o)
    0x080005dc   0x080005dc   0x00000002   Code   RO         1379    .text               c_p.l(use_no_semi.o)
    0x080005de   0x080005de   0x00000000   Code   RO         1381    .text               c_p.l(indicate_semi.o)
    0x080005de   0x080005de   0x0000003e   Code   RO         1382    .text               c_p.l(sys_stackheap_outer.o)
    0x0800061c   0x0800061c   0x00000010   Code   RO         1412    .text               c_p.l(exit.o)
    0x0800062c   0x0800062c   0x0000000c   Code   RO         1454    .text               c_p.l(sys_exit.o)
    0x08000638   0x08000638   0x0000013c   Code   RO           27    .text.BINARY_Listener  main.o
    0x08000774   0x08000774   0x0000000c   Code   RO           19    .text.Error_Handler  main.o
    0x08000780   0x08000780   0x0000003c   Code   RO          566    .text.HAL_DMA_Abort  stm32f0xx_hal_dma.o
    0x080007bc   0x080007bc   0x00000044   Code   RO          568    .text.HAL_DMA_Abort_IT  stm32f0xx_hal_dma.o
    0x08000800   0x08000800   0x00000004   Code   RO          580    .text.HAL_DMA_GetError  stm32f0xx_hal_dma.o
    0x08000804   0x08000804   0x00000020   Code   RO          314    .text.HAL_Delay     stm32f0xx_hal.o
    0x08000824   0x08000824   0x00000194   Code   RO          532    .text.HAL_GPIO_Init  stm32f0xx_hal_gpio.o
    0x080009b8   0x080009b8   0x0000000a   Code   RO          536    .text.HAL_GPIO_ReadPin  stm32f0xx_hal_gpio.o
    0x080009c2   0x080009c2   0x0000000e   Code   RO          538    .text.HAL_GPIO_WritePin  stm32f0xx_hal_gpio.o
    0x080009d0   0x080009d0   0x00000008   Code   RO          306    .text.HAL_GetTick   stm32f0xx_hal.o
    0x080009d8   0x080009d8   0x00000060   Code   RO          234    .text.HAL_IWDG_Init  stm32f0xx_hal_iwdg.o
    0x08000a38   0x08000a38   0x00000010   Code   RO          236    .text.HAL_IWDG_Refresh  stm32f0xx_hal_iwdg.o
    0x08000a48   0x08000a48   0x00000014   Code   RO          304    .text.HAL_IncTick   stm32f0xx_hal.o
    0x08000a5c   0x08000a5c   0x0000001c   Code   RO          294    .text.HAL_Init      stm32f0xx_hal.o
    0x08000a78   0x08000a78   0x00000040   Code   RO          296    .text.HAL_InitTick  stm32f0xx_hal.o
    0x08000ab8   0x08000ab8   0x0000002c   Code   RO          150    .text.HAL_MspInit   stm32f0xx_hal_msp.o
    0x08000ae4   0x08000ae4   0x00000018   Code   RO          594    .text.HAL_NVIC_EnableIRQ  stm32f0xx_hal_cortex.o
    0x08000afc   0x08000afc   0x00000008   Code   RO          590    .text.HAL_NVIC_SetPriority  stm32f0xx_hal_cortex.o
    0x08000b04   0x08000b04   0x00000004   Code   RO          598    .text.HAL_NVIC_SystemReset  stm32f0xx_hal_cortex.o
    0x08000b08   0x08000b08   0x000000fc   Code   RO          280    .text.HAL_RCCEx_PeriphCLKConfig  stm32f0xx_hal_rcc_ex.o
    0x08000c04   0x08000c04   0x00000108   Code   RO          250    .text.HAL_RCC_ClockConfig  stm32f0xx_hal_rcc.o
    0x08000d0c   0x08000d0c   0x0000001c   Code   RO          262    .text.HAL_RCC_GetPCLK1Freq  stm32f0xx_hal_rcc.o
    0x08000d28   0x08000d28   0x00000064   Code   RO          252    .text.HAL_RCC_GetSysClockFreq  stm32f0xx_hal_rcc.o
    0x08000d8c   0x08000d8c   0x000003e8   Code   RO          248    .text.HAL_RCC_OscConfig  stm32f0xx_hal_rcc.o
    0x08001174   0x08001174   0x00000088   Code   RO         1013    .text.HAL_RS485Ex_Init  stm32f0xx_hal_uart_ex.o
    0x080011fc   0x080011fc   0x000000f4   Code   RO          748    .text.HAL_SPI_Init  stm32f0xx_hal_spi.o
    0x080012f0   0x080012f0   0x00000064   Code   RO          152    .text.HAL_SPI_MspInit  stm32f0xx_hal_msp.o
    0x08001354   0x08001354   0x0000018c   Code   RO          756    .text.HAL_SPI_Transmit  stm32f0xx_hal_spi.o
    0x080014e0   0x080014e0   0x00000034   Code   RO          602    .text.HAL_SYSTICK_Config  stm32f0xx_hal_cortex.o
    0x08001514   0x08001514   0x00000002   Code   RO          967    .text.HAL_UARTEx_RxEventCallback  stm32f0xx_hal_uart.o
    0x08001516   0x08001516   0x000000b2   Code   RO          939    .text.HAL_UART_AbortReceive  stm32f0xx_hal_uart.o
    0x080015c8   0x080015c8   0x00000034   Code   RO           37    .text.HAL_UART_ErrorCallback  main.o
    0x080015fc   0x080015fc   0x000002dc   Code   RO          961    .text.HAL_UART_IRQHandler  stm32f0xx_hal_uart.o
    0x080018d8   0x080018d8   0x00000074   Code   RO          156    .text.HAL_UART_MspInit  stm32f0xx_hal_msp.o
    0x0800194c   0x0800194c   0x0000005a   Code   RO          909    .text.HAL_UART_Receive_IT  stm32f0xx_hal_uart.o
    0x080019a6   0x080019a6   0x00000002   PAD
    0x080019a8   0x080019a8   0x0000001c   Code   RO           33    .text.HAL_UART_RxCpltCallback  main.o
    0x080019c4   0x080019c4   0x000000d4   Code   RO          897    .text.HAL_UART_Transmit  stm32f0xx_hal_uart.o
    0x08001a98   0x08001a98   0x00000002   Code   RO           35    .text.HAL_UART_TxCpltCallback  main.o
    0x08001a9a   0x08001a9a   0x00000002   Code   RO          133    .text.HardFault_Handler  stm32f0xx_it.o
    0x08001a9c   0x08001a9c   0x00000002   Code   RO          131    .text.NMI_Handler   stm32f0xx_it.o
    0x08001a9e   0x08001a9e   0x00000002   Code   RO          137    .text.PendSV_Handler  stm32f0xx_it.o
    0x08001aa0   0x08001aa0   0x00000048   Code   RO           15    .text.RS485_Init    main.o
    0x08001ae8   0x08001ae8   0x00000048   Code   RO          758    .text.SPI_EndRxTxTransaction  stm32f0xx_hal_spi.o
    0x08001b30   0x08001b30   0x000000d4   Code   RO          814    .text.SPI_WaitFifoStateUntilTimeout  stm32f0xx_hal_spi.o
    0x08001c04   0x08001c04   0x000000a4   Code   RO          816    .text.SPI_WaitFlagStateUntilTimeout  stm32f0xx_hal_spi.o
    0x08001ca8   0x08001ca8   0x00000068   Code   RO           25    .text.STATUS_Listener  main.o
    0x08001d10   0x08001d10   0x00000002   Code   RO          135    .text.SVC_Handler   stm32f0xx_it.o
    0x08001d12   0x08001d12   0x00000008   Code   RO          139    .text.SysTick_Handler  stm32f0xx_it.o
    0x08001d1a   0x08001d1a   0x00000074   Code   RO           13    .text.SystemClock_Config  main.o
    0x08001d8e   0x08001d8e   0x00000002   Code   RO         1059    .text.SystemInit    system_stm32f0xx.o
    0x08001d90   0x08001d90   0x00000158   Code   RO           77    .text.TF_AcceptChar  tinyframe.o
    0x08001ee8   0x08001ee8   0x00000044   Code   RO           59    .text.TF_AddIdListener  tinyframe.o
    0x08001f2c   0x08001f2c   0x0000003c   Code   RO           61    .text.TF_AddTypeListener  tinyframe.o
    0x08001f68   0x08001f68   0x00000010   Code   RO           81    .text.TF_CksumAdd   tinyframe.o
    0x08001f78   0x08001f78   0x00000022   Code   RO           53    .text.TF_InitStatic  tinyframe.o
    0x08001f9a   0x08001f9a   0x0000000c   Code   RO           95    .text.TF_Respond    tinyframe.o
    0x08001fa6   0x08001fa6   0x0000000c   Code   RO           85    .text.TF_Send       tinyframe.o
    0x08001fb2   0x08001fb2   0x00000002   PAD
    0x08001fb4   0x08001fb4   0x00000024   Code   RO           31    .text.TF_WriteImpl  main.o
    0x08001fd8   0x08001fd8   0x00000016   Code   RO          963    .text.UART_DMAAbortOnError  stm32f0xx_hal_uart.o
    0x08001fee   0x08001fee   0x00000002   PAD
    0x08001ff0   0x08001ff0   0x0000000c   Code   RO          141    .text.USART1_IRQHandler  stm32f0xx_it.o
    0x08001ffc   0x08001ffc   0x00000004   Code   RO         1528    Veneer$$LitPool     anon$$obj.o
    0x08002000   0x08002000   0x00000004   Data   RO          222    .ARM.__at_0x08002000  common.o
    0x08002004   0x08002004   0x00000004   Data   RO          223    .ARM.__at_0x08002004  common.o
    0x08002008   0x08002008   0x00000004   Data   RO          224    .ARM.__at_0x08002008  common.o
    0x0800200c   0x0800200c   0x00000004   Data   RO          225    .ARM.__at_0x0800200C  common.o
    0x08002010   0x08002010   0x00000114   Code   RO           83    .text.TF_HandleReceivedMessage  tinyframe.o
    0x08002124   0x08002124   0x000000f8   Code   RO           87    .text.TF_SendFrame  tinyframe.o
    0x0800221c   0x0800221c   0x00000090   Code   RO          109    .text.TF_SendFrame_Chunk  tinyframe.o
    0x080022ac   0x080022ac   0x00000054   Code   RO          113    .text.TF_SendFrame_End  tinyframe.o
    0x08002300   0x08002300   0x000000b8   Code   RO          885    .text.UART_AdvFeatureConfig  stm32f0xx_hal_uart.o
    0x080023b8   0x080023b8   0x000000b8   Code   RO          887    .text.UART_CheckIdleState  stm32f0xx_hal_uart.o
    0x08002470   0x08002470   0x0000005a   Code   RO          933    .text.UART_EndRxTransfer  stm32f0xx_hal_uart.o
    0x080024ca   0x080024ca   0x000000c4   Code   RO          997    .text.UART_RxISR_16BIT  stm32f0xx_hal_uart.o
    0x0800258e   0x0800258e   0x000000c6   Code   RO          999    .text.UART_RxISR_8BIT  stm32f0xx_hal_uart.o
    0x08002654   0x08002654   0x00000108   Code   RO          883    .text.UART_SetConfig  stm32f0xx_hal_uart.o
    0x0800275c   0x0800275c   0x000000a8   Code   RO          911    .text.UART_Start_Receive_IT  stm32f0xx_hal_uart.o
    0x08002804   0x08002804   0x00000084   Code   RO          899    .text.UART_WaitOnFlagUntilTimeout  stm32f0xx_hal_uart.o
    0x08002888   0x08002888   0x00000040   Code   RO          592    .text.__NVIC_SetPriority  stm32f0xx_hal_cortex.o
    0x080028c8   0x080028c8   0x0000001c   Code   RO          600    .text.__NVIC_SystemReset  stm32f0xx_hal_cortex.o
    0x080028e4   0x080028e4   0x00000048   Code   RO           67    .text.cleanup_id_listener  tinyframe.o
    0x0800292c   0x0800292c   0x0000025c   Code   RO           11    .text.main          main.o
    0x08002b88   0x08002b88   0x000000e0   Code   RO           17    .text.sys_init      main.o
    0x08002c68   0x08002c68   0x00000028   Data   RO         1155    .constdata          c_p.l(_printf_hex_int.o)
    0x08002c90   0x08002c90   0x00000010   Data   RO         1064    .rodata.AHBPrescTable  system_stm32f0xx.o
    0x08002ca0   0x08002ca0   0x00000008   Data   RO         1065    .rodata.APBPrescTable  system_stm32f0xx.o
    0x08002ca8   0x08002ca8   0x00000200   Data   RO          122    .rodata.crc16_table  tinyframe.o
    0x08002ea8   0x08002ea8   0x00000020   Data   RO         1521    Region$$Table       anon$$obj.o


    Execution Region RW_IRAM1 (Exec base: 0x20000000, Load base: 0x08002ec8, Size: 0x00000e70, Max: 0x00001000, ABSOLUTE)

    Exec Addr    Load Addr    Size         Type   Attr      Idx    E Section Name        Object

    0x20000000   0x08002ec8   0x00000009   Data   RW           43    .data..L_MergedGlobals  main.o
    0x20000009   0x08002ed1   0x00000003   PAD
    0x2000000c   0x08002ed4   0x00000008   Data   RW          341    .data..L_MergedGlobals  stm32f0xx_hal.o
    0x20000014   0x08002edc   0x00000004   Data   RW         1063    .data.SystemCoreClock  system_stm32f0xx.o
    0x20000018        -       0x00000060   Zero   RW         1320    .bss                c_p.l(libspace.o)
    0x20000078        -       0x0000007c   Zero   RW           44    .bss..L_MergedGlobals.1  main.o
    0x200000f4        -       0x00000088   Zero   RW           40    .bss.huart1         main.o
    0x2000017c        -       0x000006f0   Zero   RW           39    .bss.tfapp          main.o
    0x2000086c        -       0x00000004   Zero   RW          340    .bss.uwTick         stm32f0xx_hal.o
    0x20000870        -       0x00000200   Zero   RW            2    HEAP                startup_stm32f030x6.o
    0x20000a70        -       0x00000400   Zero   RW            1    STACK               startup_stm32f030x6.o


==============================================================================

Image component sizes


      Code (inc. data)   RO Data    RW Data    ZI Data      Debug   Object Name

         0          0         16          0          0       7300   common.o
      1566        100          0          9       2036      14759   main.o
        56         26        176          0       1536        604   startup_stm32f030x6.o
       152          8          0          8          4       5191   stm32f0xx_hal.o
       180         32          0          0          0       5344   stm32f0xx_hal_cortex.o
       132          0          0          0          0       7113   stm32f0xx_hal_dma.o
       428         20          0          0          0       4755   stm32f0xx_hal_gpio.o
       112         12          0          0          0       1716   stm32f0xx_hal_iwdg.o
       260         20          0          0          0       6600   stm32f0xx_hal_msp.o
      1392         76          0          0          0       7277   stm32f0xx_hal_rcc.o
       252         12          0          0          0       3052   stm32f0xx_hal_rcc_ex.o
      1088          8          0          0          0      22985   stm32f0xx_hal_spi.o
      2652         84          0          0          0      41667   stm32f0xx_hal_uart.o
       136          4          0          0          0       7269   stm32f0xx_hal_uart_ex.o
        28          0          0          0          0        789   stm32f0xx_it.o
         2          0         24          4          0       1707   system_stm32f0xx.o
      1370         52        512          0          0      17104   tinyframe.o

    ----------------------------------------------------------------------
      9816        458        760         24       3576     155232   Object Totals
         4          4         32          0          0          0   (incl. Generated)
         6          0          0          3          0          0   (incl. Padding)

    ----------------------------------------------------------------------

      Code (inc. data)   RO Data    RW Data    ZI Data      Debug   Library Member Name

         8          0          0          0          0         68   __main.o
         0          0          0          0          0          0   __rtentry.o
        12          0          0          0          0          0   __rtentry2.o
         6          0          0          0          0          0   __rtentry4.o
        60          8          0          0          0          0   __scatter.o
        26          0          0          0          0          0   __scatter_copy.o
        28          0          0          0          0          0   __scatter_zi.o
        10          0          0          0          0          0   _printf_c.o
        46          0          0          0          0        100   _printf_char.o
       108         18          0          0          0         76   _printf_dec.o
        88          4         40          0          0         72   _printf_hex_int.o
       176          0          0          0          0         84   _printf_intcommon.o
        78          0          0          0          0        100   _printf_pad.o
         2          0          0          0          0          0   _printf_percent.o
         4          0          0          0          0          0   _printf_percent_end.o
        10          0          0          0          0          0   _printf_s.o
        82          0          0          0          0         72   _printf_str.o
        10          0          0          0          0          0   _printf_u.o
        10          0          0          0          0          0   _printf_x.o
       364          4          0          0          0         92   aeabi_sdiv.o
        16          0          0          0          0         68   exit.o
         6          0          0          0          0        136   heapauxi.o
         0          0          0          0          0          0   indicate_semi.o
         2          0          0          0          0          0   libinit.o
         2          0          0          0          0          0   libinit2.o
         2          0          0          0          0          0   libshutdown.o
         2          0          0          0          0          0   libshutdown2.o
         8          4          0          0         96         68   libspace.o
        64          0          0          0          0        108   rt_memclr.o
         2          0          0          0          0          0   rtexit.o
        10          0          0          0          0          0   rtexit2.o
        40          0          0          0          0         60   rtudiv10.o
        12          4          0          0          0         60   sys_exit.o
        62          0          0          0          0         80   sys_stackheap_outer.o
         2          0          0          0          0         68   use_no_semi.o

    ----------------------------------------------------------------------
      1360         42         40          0         96       1312   Library Totals
         2          0          0          0          0          0   (incl. Padding)

    ----------------------------------------------------------------------

      Code (inc. data)   RO Data    RW Data    ZI Data      Debug   Library Name

      1358         42         40          0         96       1312   c_p.l

    ----------------------------------------------------------------------
      1360         42         40          0         96       1312   Library Totals

    ----------------------------------------------------------------------

==============================================================================


      Code (inc. data)   RO Data    RW Data    ZI Data      Debug   

     11176        500        800         24       3672     155824   Grand Totals
     11176        500        800         24       3672     155824   ELF Image Totals
     11176        500        800         24          0          0   ROM Totals

==============================================================================

    Total RO  Size (Code + RO Data)                11976 (  11.70kB)
    Total RW  Size (RW Data + ZI Data)              3696 (   3.61kB)
    Total ROM Size (Code + RO Data + RW Data)      12000 (  11.72kB)

==============================================================================

