Component: Arm Compiler for Embedded 6.19 Tool: armlink [5e73cb00]

==============================================================================

Section Cross References

    startup_stm32f030x8.o(RESET) refers to startup_stm32f030x8.o(STACK) for __initial_sp
    startup_stm32f030x8.o(RESET) refers to startup_stm32f030x8.o(.text) for Reset_Handler
    startup_stm32f030x8.o(RESET) refers to lto-llvm-b63257.o(.text.NMI_Handler) for NMI_Handler
    startup_stm32f030x8.o(RESET) refers to lto-llvm-b63257.o(.text.HardFault_Handler) for HardFault_Handler
    startup_stm32f030x8.o(RESET) refers to lto-llvm-b63257.o(.text.SVC_Handler) for SVC_Handler
    startup_stm32f030x8.o(RESET) refers to lto-llvm-b63257.o(.text.PendSV_Handler) for PendSV_Handler
    startup_stm32f030x8.o(RESET) refers to lto-llvm-b63257.o(.text.SysTick_Handler) for SysTick_Handler
    startup_stm32f030x8.o(RESET) refers to lto-llvm-b63257.o(.text.USART1_IRQHandler) for USART1_IRQHandler
    startup_stm32f030x8.o(.text) refers to lto-llvm-b63257.o(.text.SystemInit) for SystemInit
    startup_stm32f030x8.o(.text) refers to entry.o(.ARM.Collect$$$$00000000) for __main
    entry.o(.ARM.Collect$$$$00000000) refers (Special) to entry10a.o(.ARM.Collect$$$$0000000D) for __rt_final_cpp
    entry.o(.ARM.Collect$$$$00000000) refers (Special) to entry11a.o(.ARM.Collect$$$$0000000F) for __rt_final_exit
    entry.o(.ARM.Collect$$$$00000000) refers (Special) to entry7b.o(.ARM.Collect$$$$00000008) for _main_clock
    entry.o(.ARM.Collect$$$$00000000) refers (Special) to entry8b.o(.ARM.Collect$$$$0000000A) for _main_cpp_init
    entry.o(.ARM.Collect$$$$00000000) refers (Special) to entry9a.o(.ARM.Collect$$$$0000000B) for _main_init
    entry.o(.ARM.Collect$$$$00000000) refers (Special) to entry5.o(.ARM.Collect$$$$00000004) for _main_scatterload
    entry.o(.ARM.Collect$$$$00000000) refers (Special) to entry2.o(.ARM.Collect$$$$00000001) for _main_stk
    puts.o(i.puts) refers to fputc.o(i.fputc) for fputc
    puts.o(i.puts) refers to stdout.o(.data) for __stdout
    putchar.o(i.putchar) refers to fputc.o(i.fputc) for fputc
    putchar.o(i.putchar) refers to stdout.o(.data) for __stdout
    puts_e.o(.text) refers to fputc.o(i.fputc) for fputc
    puts_e.o(.text) refers to stdout.o(.data) for __stdout
    printfb.o(i.__0fprintf$bare) refers to printfb.o(i._printf_core) for _printf_core
    printfb.o(i.__0fprintf$bare) refers to fputc.o(i.fputc) for fputc
    printfb.o(i.__0printf$bare) refers to printfb.o(i._printf_core) for _printf_core
    printfb.o(i.__0printf$bare) refers to fputc.o(i.fputc) for fputc
    printfb.o(i.__0printf$bare) refers to stdout.o(.data) for __stdout
    printfb.o(i.__0snprintf$bare) refers to printfb.o(i._printf_core) for _printf_core
    printfb.o(i.__0snprintf$bare) refers to printfb.o(i._snputc) for _snputc
    printfb.o(i.__0sprintf$bare) refers to printfb.o(i._printf_core) for _printf_core
    printfb.o(i.__0sprintf$bare) refers to printfb.o(i._sputc) for _sputc
    printfb.o(i.__0vfprintf$bare) refers to printfb.o(i._printf_core) for _printf_core
    printfb.o(i.__0vfprintf$bare) refers to fputc.o(i.fputc) for fputc
    printfb.o(i.__0vprintf$bare) refers to printfb.o(i._printf_core) for _printf_core
    printfb.o(i.__0vprintf$bare) refers to fputc.o(i.fputc) for fputc
    printfb.o(i.__0vprintf$bare) refers to stdout.o(.data) for __stdout
    printfb.o(i.__0vsnprintf$bare) refers to printfb.o(i._printf_core) for _printf_core
    printfb.o(i.__0vsnprintf$bare) refers to printfb.o(i._snputc) for _snputc
    printfb.o(i.__0vsprintf$bare) refers to printfb.o(i._printf_core) for _printf_core
    printfb.o(i.__0vsprintf$bare) refers to printfb.o(i._sputc) for _sputc
    printf0.o(i.__0fprintf$0) refers to printf0.o(i._printf_core) for _printf_core
    printf0.o(i.__0fprintf$0) refers to fputc.o(i.fputc) for fputc
    printf0.o(i.__0printf$0) refers to printf0.o(i._printf_core) for _printf_core
    printf0.o(i.__0printf$0) refers to fputc.o(i.fputc) for fputc
    printf0.o(i.__0printf$0) refers to stdout.o(.data) for __stdout
    printf0.o(i.__0snprintf$0) refers to printf0.o(i._printf_core) for _printf_core
    printf0.o(i.__0snprintf$0) refers to printf0.o(i._snputc) for _snputc
    printf0.o(i.__0sprintf$0) refers to printf0.o(i._printf_core) for _printf_core
    printf0.o(i.__0sprintf$0) refers to printf0.o(i._sputc) for _sputc
    printf0.o(i.__0vfprintf$0) refers to printf0.o(i._printf_core) for _printf_core
    printf0.o(i.__0vfprintf$0) refers to fputc.o(i.fputc) for fputc
    printf0.o(i.__0vprintf$0) refers to printf0.o(i._printf_core) for _printf_core
    printf0.o(i.__0vprintf$0) refers to fputc.o(i.fputc) for fputc
    printf0.o(i.__0vprintf$0) refers to stdout.o(.data) for __stdout
    printf0.o(i.__0vsnprintf$0) refers to printf0.o(i._printf_core) for _printf_core
    printf0.o(i.__0vsnprintf$0) refers to printf0.o(i._snputc) for _snputc
    printf0.o(i.__0vsprintf$0) refers to printf0.o(i._printf_core) for _printf_core
[...]
    printfa.o(i.__0snprintf) refers (Special) to iusefp.o(.text) for __I$use$fp
    printfa.o(i.__0snprintf) refers to printfa.o(i._printf_core) for _printf_core
    printfa.o(i.__0snprintf) refers to printfa.o(i._snputc) for _snputc
    printfa.o(i.__0sprintf) refers (Special) to iusefp.o(.text) for __I$use$fp
    printfa.o(i.__0sprintf) refers to printfa.o(i._printf_core) for _printf_core
    printfa.o(i.__0sprintf) refers to printfa.o(i._sputc) for _sputc
    printfa.o(i.__0vfprintf) refers (Special) to iusefp.o(.text) for __I$use$fp
    printfa.o(i.__0vfprintf) refers to printfa.o(i._printf_core) for _printf_core
    printfa.o(i.__0vfprintf) refers to fputc.o(i.fputc) for fputc
    printfa.o(i.__0vprintf) refers (Special) to iusefp.o(.text) for __I$use$fp
    printfa.o(i.__0vprintf) refers to printfa.o(i._printf_core) for _printf_core
    printfa.o(i.__0vprintf) refers to fputc.o(i.fputc) for fputc
    printfa.o(i.__0vprintf) refers to stdout.o(.data) for __stdout
    printfa.o(i.__0vsnprintf) refers (Special) to iusefp.o(.text) for __I$use$fp
    printfa.o(i.__0vsnprintf) refers to printfa.o(i._printf_core) for _printf_core
    printfa.o(i.__0vsnprintf) refers to printfa.o(i._snputc) for _snputc
    printfa.o(i.__0vsprintf) refers (Special) to iusefp.o(.text) for __I$use$fp
    printfa.o(i.__0vsprintf) refers to printfa.o(i._printf_core) for _printf_core
    printfa.o(i.__0vsprintf) refers to printfa.o(i._sputc) for _sputc
    printfa.o(i._fp_digits) refers (Special) to iusefp.o(.text) for __I$use$fp
    printfa.o(i._fp_digits) refers to dmul.o(.text) for __aeabi_dmul
    printfa.o(i._fp_digits) refers to ddiv.o(.text) for __aeabi_ddiv
    printfa.o(i._fp_digits) refers to cdrcmple.o(.text) for __aeabi_cdrcmple
    printfa.o(i._fp_digits) refers to dadd.o(.text) for __aeabi_dadd
    printfa.o(i._fp_digits) refers to dfixul.o(.text) for __aeabi_d2ulz
    printfa.o(i._fp_digits) refers to uldiv.o(.text) for __aeabi_uldivmod
    printfa.o(i._printf_core) refers (Special) to iusefp.o(.text) for __I$use$fp
    printfa.o(i._printf_core) refers to printfa.o(i._printf_pre_padding) for _printf_pre_padding
    printfa.o(i._printf_core) refers to uldiv.o(.text) for __aeabi_uldivmod
    printfa.o(i._printf_core) refers to printfa.o(i._printf_post_padding) for _printf_post_padding
    printfa.o(i._printf_core) refers to printfa.o(i._fp_digits) for _fp_digits
    printfa.o(i._printf_core) refers to uidiv_div0.o(.text) for __aeabi_uidivmod
    printfa.o(i._printf_post_padding) refers (Special) to iusefp.o(.text) for __I$use$fp
    printfa.o(i._printf_pre_padding) refers (Special) to iusefp.o(.text) for __I$use$fp
    printfa.o(i._snputc) refers (Special) to iusefp.o(.text) for __I$use$fp
    printfa.o(i._sputc) refers (Special) to iusefp.o(.text) for __I$use$fp
    malloc.o(i.free) refers to mvars.o(.data) for __microlib_freelist
    malloc.o(i.malloc) refers to mvars.o(.data) for __microlib_freelist_initialised
    malloc.o(i.malloc) refers to mvars.o(.data) for __microlib_freelist
    malloc.o(i.malloc) refers to startup_stm32f030x8.o(HEAP) for __heap_base
    mallocr.o(i.__free$realloc) refers to mvars.o(.data) for __microlib_freelist
    mallocr.o(i.__malloc$realloc) refers to mallocr.o(i.internal_alloc) for internal_alloc
    mallocr.o(i.__malloc$realloc) refers to mvars.o(.data) for __microlib_freelist_initialised
    mallocr.o(i.__malloc$realloc) refers to startup_stm32f030x8.o(HEAP) for __heap_base
    mallocr.o(i.__malloc$realloc) refers to mvars.o(.data) for __microlib_freelist
    mallocr.o(i.internal_alloc) refers to memcpya.o(.text) for __aeabi_memcpy
    mallocr.o(i.internal_alloc) refers to mvars.o(.data) for __microlib_freelist
    mallocr.o(i.realloc) refers to mallocr.o(i.__free$realloc) for __free$realloc
    mallocr.o(i.realloc) refers to mallocr.o(i.internal_alloc) for internal_alloc
    mallocr.o(i.realloc) refers to mallocr.o(i.__malloc$realloc) for __malloc$realloc
    mallocr.o(i.realloc) refers to mvars.o(.data) for __microlib_freelist
    malloca.o(i.__aligned_malloc) refers to mvars.o(.data) for __microlib_freelist
    malloca.o(i.__aligned_malloc) refers to mvars.o(.data) for __microlib_freelist_initialised
    malloca.o(i.__aligned_malloc) refers to startup_stm32f030x8.o(HEAP) for __heap_base
    malloca.o(i.__free$memalign) refers to mvars.o(.data) for __microlib_freelist
    malloca.o(i.__malloc$memalign) refers to malloca.o(i.__aligned_malloc) for __aligned_malloc
    mallocra.o(i.__aligned_malloc$realloc) refers to mallocra.o(i.internal_alloc) for internal_alloc
    mallocra.o(i.__aligned_malloc$realloc) refers to startup_stm32f030x8.o(HEAP) for __heap_base
    mallocra.o(i.__aligned_malloc$realloc) refers to mvars.o(.data) for __microlib_freelist
    mallocra.o(i.__aligned_malloc$realloc) refers to mvars.o(.data) for __microlib_freelist_initialised
    mallocra.o(i.__free$realloc$memalign) refers to mvars.o(.data) for __microlib_freelist
    mallocra.o(i.__malloc$realloc$memalign) refers to mallocra.o(i.__aligned_malloc$realloc) for __aligned_malloc$realloc
    mallocra.o(i.__realloc$memalign) refers to mallocra.o(i.__free$realloc$memalign) for __free$realloc$memalign
    mallocra.o(i.__realloc$memalign) refers to mallocra.o(i.internal_alloc) for internal_alloc
    mallocra.o(i.__realloc$memalign) refers to mallocra.o(i.__malloc$realloc$memalign) for __malloc$realloc$memalign
    mallocra.o(i.__realloc$memalign) refers to mvars.o(.data) for __microlib_freelist
    mallocra.o(i.internal_alloc) refers to memcpya.o(.text) for __aeabi_memcpy
    mallocra.o(i.internal_alloc) refers to mvars.o(.data) for __microlib_freelist
    entry2.o(.ARM.Collect$$$$00000001) refers to entry2.o(.ARM.Collect$$$$00002712) for __lit__00000000
    entry2.o(.ARM.Collect$$$$00002712) refers to startup_stm32f030x8.o(STACK) for __initial_sp
    entry2.o(__vectab_stack_and_reset_area) refers to startup_stm32f030x8.o(STACK) for __initial_sp
    entry2.o(__vectab_stack_and_reset_area) refers to entry.o(.ARM.Collect$$$$00000000) for __main
    entry5.o(.ARM.Collect$$$$00000004) refers to init.o(.text) for __scatterload
    entry9a.o(.ARM.Collect$$$$0000000B) refers to lto-llvm-b63257.o(.text.main) for main
    entry9b.o(.ARM.Collect$$$$0000000C) refers to lto-llvm-b63257.o(.text.main) for main
    fputc.o(i.fputc) refers (Special) to iusesemip.o(.text) for __I$use$semihosting$fputc
    fputc.o(i.fputc) refers (Special) to semi.o(.text) for __semihosting_library_function
    fputc_h.o(i._fputc$hlt) refers (Special) to iusesemip.o(.text) for __I$use$semihosting$fputc
    fputc_h.o(i._fputc$hlt) refers (Special) to semi.o(.text) for __semihosting_library_function
    uldiv.o(.text) refers to llushr.o(.text) for __aeabi_llsr
    uldiv.o(.text) refers to llshl.o(.text) for __aeabi_llsl
    dadd.o(.text) refers (Special) to iusefp.o(.text) for __I$use$fp
    dadd.o(.text) refers to llshl.o(.text) for __aeabi_llsl
    dadd.o(.text) refers to llsshr.o(.text) for __aeabi_lasr
    dadd.o(.text) refers to depilogue.o(.text) for _double_epilogue
    dmul.o(.text) refers (Special) to iusefp.o(.text) for __I$use$fp
    dmul.o(.text) refers to depilogue.o(.text) for _double_epilogue
    ddiv.o(.text) refers (Special) to iusefp.o(.text) for __I$use$fp
    ddiv.o(.text) refers to depilogue.o(.text) for _double_round
    dfixul.o(.text) refers (Special) to iusefp.o(.text) for __I$use$fp
    dfixul.o(.text) refers to llushr.o(.text) for __aeabi_llsr
    dfixul.o(.text) refers to llshl.o(.text) for __aeabi_llsl
    cdrcmple.o(.text) refers (Special) to iusefp.o(.text) for __I$use$fp
    init.o(.text) refers to entry5.o(.ARM.Collect$$$$00000004) for __main_after_scatterload
    idiv_div0.o(.text) refers to uidiv_div0.o(.text) for __aeabi_uidivmod
    depilogue.o(.text) refers (Special) to iusefp.o(.text) for __I$use$fp
    depilogue.o(.text) refers to depilogue.o(i.__ARM_clz) for __ARM_clz
    depilogue.o(.text) refers to llshl.o(.text) for __aeabi_llsl
    depilogue.o(.text) refers to llushr.o(.text) for __aeabi_llsr
    lto-llvm-b63257.o(.text.relay_update) refers to uidiv_div0.o(.text) for __aeabi_uidiv
    lto-llvm-b63257.o(.text.relay_update) refers to lto-llvm-b63257.o(.bss.uwTick) for [Anonymous Symbol]
    lto-llvm-b63257.o(.text.relay_update) refers to lto-llvm-b63257.o(.bss.relay_update.last_change_time) for [Anonymous Symbol]
    lto-llvm-b63257.o(.text.relay_update) refers to lto-llvm-b63257.o(.data.relay_update.pwm_duty_cycle) for [Anonymous Symbol]
    lto-llvm-b63257.o(.text.relay_update) refers to lto-llvm-b63257.o(.bss.relay_update.last_state) for [Anonymous Symbol]
    lto-llvm-b63257.o(.text.relay_update) refers to lto-llvm-b63257.o(.bss.htim1) for [Anonymous Symbol]
    lto-llvm-b63257.o(.text.relay_update) refers to lto-llvm-b63257.o(.bss.htim3) for [Anonymous Symbol]
    lto-llvm-b63257.o(.text.relay_update) refers to lto-llvm-b63257.o(.bss.relay_states) for [Anonymous Symbol]
    lto-llvm-b63257.o(.ARM.exidx.text.relay_update) refers to lto-llvm-b63257.o(.text.relay_update) for [Anonymous Symbol]
    lto-llvm-b63257.o(.text.main) refers to lto-llvm-b63257.o(.text.HAL_InitTick) for HAL_InitTick
    lto-llvm-b63257.o(.text.main) refers to lto-llvm-b63257.o(.text.HAL_RCC_GetSysClockFreq) for HAL_RCC_GetSysClockFreq
    lto-llvm-b63257.o(.text.main) refers to lto-llvm-b63257.o(.text.HAL_GPIO_Init) for HAL_GPIO_Init
    lto-llvm-b63257.o(.text.main) refers to memseta.o(.text) for __aeabi_memclr4
    lto-llvm-b63257.o(.text.main) refers to lto-llvm-b63257.o(.text.Error_Handler) for Error_Handler
    lto-llvm-b63257.o(.text.main) refers to lto-llvm-b63257.o(.bss.uwTick) for [Anonymous Symbol]
    lto-llvm-b63257.o(.text.main) refers to lto-llvm-b63257.o(.data.SystemCoreClock) for [Anonymous Symbol]
    lto-llvm-b63257.o(.text.main) refers to lto-llvm-b63257.o(.bss.hcrc) for [Anonymous Symbol]
    lto-llvm-b63257.o(.text.main) refers to lto-llvm-b63257.o(.bss.hi2c1) for [Anonymous Symbol]
    lto-llvm-b63257.o(.text.main) refers to lto-llvm-b63257.o(.text.HAL_TIM_Base_Init) for HAL_TIM_Base_Init
    lto-llvm-b63257.o(.text.main) refers to lto-llvm-b63257.o(.text.HAL_TIM_ConfigClockSource) for HAL_TIM_ConfigClockSource
    lto-llvm-b63257.o(.text.main) refers to lto-llvm-b63257.o(.text.HAL_TIM_PWM_Init) for HAL_TIM_PWM_Init
    lto-llvm-b63257.o(.text.main) refers to lto-llvm-b63257.o(.text.HAL_TIMEx_MasterConfigSynchronization) for HAL_TIMEx_MasterConfigSynchronization
    lto-llvm-b63257.o(.text.main) refers to lto-llvm-b63257.o(.text.HAL_TIM_PWM_ConfigChannel) for HAL_TIM_PWM_ConfigChannel
    lto-llvm-b63257.o(.text.main) refers to lto-llvm-b63257.o(.text.HAL_TIM_PWM_Start) for HAL_TIM_PWM_Start
    lto-llvm-b63257.o(.text.main) refers to lto-llvm-b63257.o(.text.HAL_TIM_MspPostInit) for HAL_TIM_MspPostInit
    lto-llvm-b63257.o(.text.main) refers to lto-llvm-b63257.o(.bss.htim1) for [Anonymous Symbol]
    lto-llvm-b63257.o(.text.main) refers to lto-llvm-b63257.o(.bss.htim3) for [Anonymous Symbol]
    lto-llvm-b63257.o(.text.main) refers to lto-llvm-b63257.o(.bss.huart1) for [Anonymous Symbol]
    lto-llvm-b63257.o(.text.main) refers to lto-llvm-b63257.o(.rodata.cst8) for [Anonymous Symbol]
    lto-llvm-b63257.o(.text.main) refers to uidiv_div0.o(.text) for __aeabi_uidiv
    lto-llvm-b63257.o(.text.main) refers to lto-llvm-b63257.o(.text.UART_WaitOnFlagUntilTimeout) for UART_WaitOnFlagUntilTimeout
    lto-llvm-b63257.o(.text.main) refers to lto-llvm-b63257.o(.text.TF_AddTypeListener) for TF_AddTypeListener
    lto-llvm-b63257.o(.text.main) refers to lto-llvm-b63257.o(.text.HAL_UART_Receive_IT) for HAL_UART_Receive_IT
    lto-llvm-b63257.o(.text.main) refers to lto-llvm-b63257.o(.text.relay_update) for relay_update
    lto-llvm-b63257.o(.text.main) refers to lto-llvm-b63257.o(.bss.init_tf) for [Anonymous Symbol]
    lto-llvm-b63257.o(.text.main) refers to lto-llvm-b63257.o(.bss.tfapp) for [Anonymous Symbol]
    lto-llvm-b63257.o(.text.main) refers to lto-llvm-b63257.o(.text.STATUS_Listener) for STATUS_Listener
    lto-llvm-b63257.o(.text.main) refers to lto-llvm-b63257.o(.text.BINARY_Listener) for BINARY_Listener
    lto-llvm-b63257.o(.text.main) refers to lto-llvm-b63257.o(.bss.button_select_prev) for [Anonymous Symbol]
    lto-llvm-b63257.o(.text.main) refers to lto-llvm-b63257.o(.rodata.cst16) for [Anonymous Symbol]
    lto-llvm-b63257.o(.text.main) refers to lto-llvm-b63257.o(.rodata.cst32) for [Anonymous Symbol]
    lto-llvm-b63257.o(.text.main) refers to lto-llvm-b63257.o(.bss.relay_states) for [Anonymous Symbol]
    lto-llvm-b63257.o(.text.main) refers to lto-llvm-b63257.o(.bss.menu_activ) for [Anonymous Symbol]
    lto-llvm-b63257.o(.text.main) refers to lto-llvm-b63257.o(.bss.toggle_state) for [Anonymous Symbol]
    lto-llvm-b63257.o(.text.main) refers to lto-llvm-b63257.o(.data.selected_channel) for [Anonymous Symbol]
    lto-llvm-b63257.o(.text.main) refers to lto-llvm-b63257.o(.bss.menu_timer) for [Anonymous Symbol]
    lto-llvm-b63257.o(.text.main) refers to lto-llvm-b63257.o(.bss.last_press_time) for [Anonymous Symbol]
    lto-llvm-b63257.o(.text.main) refers to lto-llvm-b63257.o(.bss.error_state) for [Anonymous Symbol]
    lto-llvm-b63257.o(.text.main) refers to lto-llvm-b63257.o(.bss.button_onoff_prev) for [Anonymous Symbol]
    lto-llvm-b63257.o(.text.main) refers to lto-llvm-b63257.o(.bss.last_toggle_time) for [Anonymous Symbol]
    lto-llvm-b63257.o(.text.main) refers to lto-llvm-b63257.o(.bss.rel_end) for [Anonymous Symbol]
    lto-llvm-b63257.o(.text.main) refers to lto-llvm-b63257.o(.bss.rel_start) for [Anonymous Symbol]
    lto-llvm-b63257.o(.text.main) refers to lto-llvm-b63257.o(.bss.relay_old_states) for [Anonymous Symbol]
    lto-llvm-b63257.o(.text.main) refers to lto-llvm-b63257.o(.bss.set_relay.set_tmr) for [Anonymous Symbol]
    lto-llvm-b63257.o(.ARM.exidx.text.main) refers to lto-llvm-b63257.o(.text.main) for [Anonymous Symbol]
    lto-llvm-b63257.o(.text.Error_Handler) refers to lto-llvm-b63257.o(.text.HAL_GPIO_DeInit) for HAL_GPIO_DeInit
    lto-llvm-b63257.o(.text.Error_Handler) refers to lto-llvm-b63257.o(.bss.hcrc) for [Anonymous Symbol]
    lto-llvm-b63257.o(.text.Error_Handler) refers to lto-llvm-b63257.o(.bss.hi2c1) for [Anonymous Symbol]
    lto-llvm-b63257.o(.text.Error_Handler) refers to lto-llvm-b63257.o(.bss.htim1) for [Anonymous Symbol]
    lto-llvm-b63257.o(.text.Error_Handler) refers to lto-llvm-b63257.o(.bss.htim3) for [Anonymous Symbol]
    lto-llvm-b63257.o(.text.Error_Handler) refers to lto-llvm-b63257.o(.bss.huart1) for [Anonymous Symbol]
    lto-llvm-b63257.o(.ARM.exidx.text.Error_Handler) refers to lto-llvm-b63257.o(.text.Error_Handler) for [Anonymous Symbol]
    lto-llvm-b63257.o(.text.STATUS_Listener) refers to lto-llvm-b63257.o(.text.TF_Respond) for TF_Respond
    lto-llvm-b63257.o(.text.STATUS_Listener) refers to lto-llvm-b63257.o(.bss.rel_end) for [Anonymous Symbol]
    lto-llvm-b63257.o(.text.STATUS_Listener) refers to lto-llvm-b63257.o(.bss.rel_start) for [Anonymous Symbol]
    lto-llvm-b63257.o(.text.STATUS_Listener) refers to lto-llvm-b63257.o(.bss.relay_states) for [Anonymous Symbol]
    lto-llvm-b63257.o(.ARM.exidx.text.STATUS_Listener) refers to lto-llvm-b63257.o(.text.STATUS_Listener) for [Anonymous Symbol]
    lto-llvm-b63257.o(.text.BINARY_Listener) refers to lto-llvm-b63257.o(.text.TF_Respond) for TF_Respond
    lto-llvm-b63257.o(.text.BINARY_Listener) refers to lto-llvm-b63257.o(.bss.rel_end) for [Anonymous Symbol]
    lto-llvm-b63257.o(.text.BINARY_Listener) refers to lto-llvm-b63257.o(.bss.rel_start) for [Anonymous Symbol]
    lto-llvm-b63257.o(.text.BINARY_Listener) refers to lto-llvm-b63257.o(.bss.relay_states) for [Anonymous Symbol]
    lto-llvm-b63257.o(.ARM.exidx.text.BINARY_Listener) refers to lto-llvm-b63257.o(.text.BINARY_Listener) for [Anonymous Symbol]
    lto-llvm-b63257.o(.text.TF_WriteImpl) refers to lto-llvm-b63257.o(.text.HAL_UART_Receive_IT) for HAL_UART_Receive_IT
    lto-llvm-b63257.o(.text.TF_WriteImpl) refers to lto-llvm-b63257.o(.bss.huart1) for [Anonymous Symbol]
    lto-llvm-b63257.o(.text.TF_WriteImpl) refers to lto-llvm-b63257.o(.bss.uwTick) for [Anonymous Symbol]
    lto-llvm-b63257.o(.ARM.exidx.text.TF_WriteImpl) refers to lto-llvm-b63257.o(.text.TF_WriteImpl) for [Anonymous Symbol]
    lto-llvm-b63257.o(.text.HAL_UART_RxCpltCallback) refers to lto-llvm-b63257.o(.text.HAL_UART_Receive_IT) for HAL_UART_Receive_IT
    lto-llvm-b63257.o(.text.HAL_UART_RxCpltCallback) refers to lto-llvm-b63257.o(.text.TF_HandleReceivedMessage) for TF_HandleReceivedMessage
    lto-llvm-b63257.o(.text.HAL_UART_RxCpltCallback) refers to lto-llvm-b63257.o(.bss.tfapp) for [Anonymous Symbol]
    lto-llvm-b63257.o(.text.HAL_UART_RxCpltCallback) refers to lto-llvm-b63257.o(.bss.rec) for [Anonymous Symbol]
    lto-llvm-b63257.o(.text.HAL_UART_RxCpltCallback) refers to lto-llvm-b63257.o(.rodata.crc16_table) for [Anonymous Symbol]
    lto-llvm-b63257.o(.ARM.exidx.text.HAL_UART_RxCpltCallback) refers to lto-llvm-b63257.o(.text.HAL_UART_RxCpltCallback) for [Anonymous Symbol]
    lto-llvm-b63257.o(.text.HAL_UART_ErrorCallback) refers to lto-llvm-b63257.o(.text.HAL_DMA_Abort) for HAL_DMA_Abort
    lto-llvm-b63257.o(.text.HAL_UART_ErrorCallback) refers to lto-llvm-b63257.o(.text.HAL_UART_Receive_IT) for HAL_UART_Receive_IT
    lto-llvm-b63257.o(.text.HAL_UART_ErrorCallback) refers to lto-llvm-b63257.o(.bss.huart1) for [Anonymous Symbol]
    lto-llvm-b63257.o(.ARM.exidx.text.HAL_UART_ErrorCallback) refers to lto-llvm-b63257.o(.text.HAL_UART_ErrorCallback) for [Anonymous Symbol]
    lto-llvm-b63257.o(.ARM.exidx.text.NMI_Handler) refers to lto-llvm-b63257.o(.text.NMI_Handler) for [Anonymous Symbol]
    lto-llvm-b63257.o(.ARM.exidx.text.HardFault_Handler) refers to lto-llvm-b63257.o(.text.HardFault_Handler) for [Anonymous Symbol]
    lto-llvm-b63257.o(.ARM.exidx.text.SVC_Handler) refers to lto-llvm-b63257.o(.text.SVC_Handler) for [Anonymous Symbol]
    lto-llvm-b63257.o(.ARM.exidx.text.PendSV_Handler) refers to lto-llvm-b63257.o(.text.PendSV_Handler) for [Anonymous Symbol]
    lto-llvm-b63257.o(.text.SysTick_Handler) refers to lto-llvm-b63257.o(.text.cleanup_id_listener) for cleanup_id_listener
    lto-llvm-b63257.o(.text.SysTick_Handler) refers to lto-llvm-b63257.o(.bss.uwTick) for [Anonymous Symbol]
    lto-llvm-b63257.o(.text.SysTick_Handler) refers to lto-llvm-b63257.o(.bss.init_tf) for [Anonymous Symbol]
    lto-llvm-b63257.o(.text.SysTick_Handler) refers to lto-llvm-b63257.o(.bss.tfapp) for [Anonymous Symbol]
    lto-llvm-b63257.o(.ARM.exidx.text.SysTick_Handler) refers to lto-llvm-b63257.o(.text.SysTick_Handler) for [Anonymous Symbol]
    lto-llvm-b63257.o(.text.USART1_IRQHandler) refers to lto-llvm-b63257.o(.text.HAL_UART_ErrorCallback) for HAL_UART_ErrorCallback
    lto-llvm-b63257.o(.text.USART1_IRQHandler) refers to lto-llvm-b63257.o(.text.HAL_DMA_Abort) for HAL_DMA_Abort
    lto-llvm-b63257.o(.text.USART1_IRQHandler) refers to lto-llvm-b63257.o(.text.UART_EndRxTransfer) for UART_EndRxTransfer
    lto-llvm-b63257.o(.text.USART1_IRQHandler) refers to lto-llvm-b63257.o(.text.UART_DMAAbortOnError) for UART_DMAAbortOnError
    lto-llvm-b63257.o(.text.USART1_IRQHandler) refers to lto-llvm-b63257.o(.bss.huart1) for [Anonymous Symbol]
    lto-llvm-b63257.o(.ARM.exidx.text.USART1_IRQHandler) refers to lto-llvm-b63257.o(.text.USART1_IRQHandler) for [Anonymous Symbol]
    lto-llvm-b63257.o(.text.HAL_TIM_MspPostInit) refers to memseta.o(.text) for __aeabi_memclr4
    lto-llvm-b63257.o(.text.HAL_TIM_MspPostInit) refers to lto-llvm-b63257.o(.text.HAL_GPIO_Init) for HAL_GPIO_Init
    lto-llvm-b63257.o(.ARM.exidx.text.HAL_TIM_MspPostInit) refers to lto-llvm-b63257.o(.text.HAL_TIM_MspPostInit) for [Anonymous Symbol]
    lto-llvm-b63257.o(.text.TF_AddTypeListener) refers to lto-llvm-b63257.o(.bss.tfapp) for [Anonymous Symbol]
    lto-llvm-b63257.o(.ARM.exidx.text.TF_AddTypeListener) refers to lto-llvm-b63257.o(.text.TF_AddTypeListener) for [Anonymous Symbol]
    lto-llvm-b63257.o(.text.cleanup_id_listener) refers to lto-llvm-b63257.o(.bss.tfapp) for [Anonymous Symbol]
    lto-llvm-b63257.o(.ARM.exidx.text.cleanup_id_listener) refers to lto-llvm-b63257.o(.text.cleanup_id_listener) for [Anonymous Symbol]
    lto-llvm-b63257.o(.text.TF_HandleReceivedMessage) refers to memseta.o(.text) for __aeabi_memclr4
    lto-llvm-b63257.o(.text.TF_HandleReceivedMessage) refers to lto-llvm-b63257.o(.text.cleanup_id_listener) for cleanup_id_listener
    lto-llvm-b63257.o(.text.TF_HandleReceivedMessage) refers to lto-llvm-b63257.o(.bss.tfapp) for [Anonymous Symbol]
    lto-llvm-b63257.o(.ARM.exidx.text.TF_HandleReceivedMessage) refers to lto-llvm-b63257.o(.text.TF_HandleReceivedMessage) for [Anonymous Symbol]
    lto-llvm-b63257.o(.text.TF_Respond) refers to lto-llvm-b63257.o(.text.TF_WriteImpl) for TF_WriteImpl
    lto-llvm-b63257.o(.text.TF_Respond) refers to lto-llvm-b63257.o(.rodata.crc16_table) for [Anonymous Symbol]
    lto-llvm-b63257.o(.ARM.exidx.text.TF_Respond) refers to lto-llvm-b63257.o(.text.TF_Respond) for [Anonymous Symbol]
    lto-llvm-b63257.o(.text.HAL_RCC_GetSysClockFreq) refers to uidiv_div0.o(.text) for __aeabi_uidiv
    lto-llvm-b63257.o(.ARM.exidx.text.HAL_RCC_GetSysClockFreq) refers to lto-llvm-b63257.o(.text.HAL_RCC_GetSysClockFreq) for [Anonymous Symbol]
    lto-llvm-b63257.o(.text.HAL_InitTick) refers to uidiv_div0.o(.text) for __aeabi_uidiv
    lto-llvm-b63257.o(.text.HAL_InitTick) refers to lto-llvm-b63257.o(.data.SystemCoreClock) for [Anonymous Symbol]
    lto-llvm-b63257.o(.ARM.exidx.text.HAL_InitTick) refers to lto-llvm-b63257.o(.text.HAL_InitTick) for [Anonymous Symbol]
    lto-llvm-b63257.o(.ARM.exidx.text.HAL_GPIO_Init) refers to lto-llvm-b63257.o(.text.HAL_GPIO_Init) for [Anonymous Symbol]
    lto-llvm-b63257.o(.ARM.exidx.text.HAL_GPIO_DeInit) refers to lto-llvm-b63257.o(.text.HAL_GPIO_DeInit) for [Anonymous Symbol]
    lto-llvm-b63257.o(.ARM.exidx.text.HAL_DMA_Abort) refers to lto-llvm-b63257.o(.text.HAL_DMA_Abort) for [Anonymous Symbol]
    lto-llvm-b63257.o(.text.HAL_TIM_Base_Init) refers to lto-llvm-b63257.o(.text.TIM_Base_SetConfig) for TIM_Base_SetConfig
    lto-llvm-b63257.o(.ARM.exidx.text.HAL_TIM_Base_Init) refers to lto-llvm-b63257.o(.text.HAL_TIM_Base_Init) for [Anonymous Symbol]
    lto-llvm-b63257.o(.ARM.exidx.text.TIM_Base_SetConfig) refers to lto-llvm-b63257.o(.text.TIM_Base_SetConfig) for [Anonymous Symbol]
    lto-llvm-b63257.o(.text.HAL_TIM_PWM_Init) refers to lto-llvm-b63257.o(.text.TIM_Base_SetConfig) for TIM_Base_SetConfig
    lto-llvm-b63257.o(.ARM.exidx.text.HAL_TIM_PWM_Init) refers to lto-llvm-b63257.o(.text.HAL_TIM_PWM_Init) for [Anonymous Symbol]
    lto-llvm-b63257.o(.ARM.exidx.text.HAL_TIM_PWM_Start) refers to lto-llvm-b63257.o(.text.HAL_TIM_PWM_Start) for [Anonymous Symbol]
    lto-llvm-b63257.o(.ARM.exidx.text.HAL_TIM_PWM_ConfigChannel) refers to lto-llvm-b63257.o(.text.HAL_TIM_PWM_ConfigChannel) for [Anonymous Symbol]
    lto-llvm-b63257.o(.ARM.exidx.text.HAL_TIM_ConfigClockSource) refers to lto-llvm-b63257.o(.text.HAL_TIM_ConfigClockSource) for [Anonymous Symbol]
    lto-llvm-b63257.o(.ARM.exidx.text.HAL_TIMEx_MasterConfigSynchronization) refers to lto-llvm-b63257.o(.text.HAL_TIMEx_MasterConfigSynchronization) for [Anonymous Symbol]
    lto-llvm-b63257.o(.text.UART_WaitOnFlagUntilTimeout) refers to lto-llvm-b63257.o(.text.UART_EndRxTransfer) for UART_EndRxTransfer
    lto-llvm-b63257.o(.text.UART_WaitOnFlagUntilTimeout) refers to lto-llvm-b63257.o(.bss.uwTick) for [Anonymous Symbol]
    lto-llvm-b63257.o(.ARM.exidx.text.UART_WaitOnFlagUntilTimeout) refers to lto-llvm-b63257.o(.text.UART_WaitOnFlagUntilTimeout) for [Anonymous Symbol]
    lto-llvm-b63257.o(.ARM.exidx.text.UART_EndRxTransfer) refers to lto-llvm-b63257.o(.text.UART_EndRxTransfer) for [Anonymous Symbol]
    lto-llvm-b63257.o(.text.HAL_UART_Receive_IT) refers to lto-llvm-b63257.o(.bss.huart1) for [Anonymous Symbol]
    lto-llvm-b63257.o(.text.HAL_UART_Receive_IT) refers to lto-llvm-b63257.o(.bss.rec) for [Anonymous Symbol]
    lto-llvm-b63257.o(.text.HAL_UART_Receive_IT) refers to lto-llvm-b63257.o(.text.UART_RxISR_8BIT) for UART_RxISR_8BIT
    lto-llvm-b63257.o(.text.HAL_UART_Receive_IT) refers to lto-llvm-b63257.o(.text.UART_RxISR_16BIT) for UART_RxISR_16BIT
    lto-llvm-b63257.o(.ARM.exidx.text.HAL_UART_Receive_IT) refers to lto-llvm-b63257.o(.text.HAL_UART_Receive_IT) for [Anonymous Symbol]
    lto-llvm-b63257.o(.text.UART_RxISR_8BIT) refers to lto-llvm-b63257.o(.text.HAL_UART_RxCpltCallback) for HAL_UART_RxCpltCallback
    lto-llvm-b63257.o(.ARM.exidx.text.UART_RxISR_8BIT) refers to lto-llvm-b63257.o(.text.UART_RxISR_8BIT) for [Anonymous Symbol]
    lto-llvm-b63257.o(.text.UART_RxISR_16BIT) refers to lto-llvm-b63257.o(.text.HAL_UART_RxCpltCallback) for HAL_UART_RxCpltCallback
    lto-llvm-b63257.o(.ARM.exidx.text.UART_RxISR_16BIT) refers to lto-llvm-b63257.o(.text.UART_RxISR_16BIT) for [Anonymous Symbol]
    lto-llvm-b63257.o(.text.UART_DMAAbortOnError) refers to lto-llvm-b63257.o(.text.HAL_UART_ErrorCallback) for HAL_UART_ErrorCallback
    lto-llvm-b63257.o(.ARM.exidx.text.UART_DMAAbortOnError) refers to lto-llvm-b63257.o(.text.UART_DMAAbortOnError) for [Anonymous Symbol]
    lto-llvm-b63257.o(.ARM.exidx.text.SystemInit) refers to lto-llvm-b63257.o(.text.SystemInit) for [Anonymous Symbol]
    depilogue.o(i.__ARM_clz) refers (Special) to iusefp.o(.text) for __I$use$fp


==============================================================================

Removing Unused input sections from the image.

    Removing startup_stm32f030x8.o(HEAP), (512 bytes).
    Removing dadd.o(.text), (356 bytes).
    Removing dmul.o(.text), (208 bytes).
    Removing ddiv.o(.text), (240 bytes).
    Removing dfixul.o(.text), (64 bytes).
    Removing cdrcmple.o(.text), (40 bytes).
    Removing depilogue.o(.text), (190 bytes).
    Removing lto-llvm-b63257.o(.text), (0 bytes).
    Removing lto-llvm-b63257.o(.ARM.exidx.text.relay_update), (8 bytes).
    Removing lto-llvm-b63257.o(.ARM.exidx.text.main), (8 bytes).
    Removing lto-llvm-b63257.o(.ARM.exidx.text.Error_Handler), (8 bytes).
    Removing lto-llvm-b63257.o(.ARM.exidx.text.STATUS_Listener), (8 bytes).
    Removing lto-llvm-b63257.o(.ARM.exidx.text.BINARY_Listener), (8 bytes).
    Removing lto-llvm-b63257.o(.ARM.exidx.text.TF_WriteImpl), (8 bytes).
    Removing lto-llvm-b63257.o(.ARM.exidx.text.HAL_UART_RxCpltCallback), (8 bytes).
    Removing lto-llvm-b63257.o(.ARM.exidx.text.HAL_UART_ErrorCallback), (8 bytes).
    Removing lto-llvm-b63257.o(.ARM.exidx.text.NMI_Handler), (8 bytes).
    Removing lto-llvm-b63257.o(.ARM.exidx.text.HardFault_Handler), (8 bytes).
    Removing lto-llvm-b63257.o(.ARM.exidx.text.SVC_Handler), (8 bytes).
    Removing lto-llvm-b63257.o(.ARM.exidx.text.PendSV_Handler), (8 bytes).
    Removing lto-llvm-b63257.o(.ARM.exidx.text.SysTick_Handler), (8 bytes).
    Removing lto-llvm-b63257.o(.ARM.exidx.text.USART1_IRQHandler), (8 bytes).
    Removing lto-llvm-b63257.o(.ARM.exidx.text.HAL_TIM_MspPostInit), (8 bytes).
    Removing lto-llvm-b63257.o(.ARM.exidx.text.TF_AddTypeListener), (8 bytes).
    Removing lto-llvm-b63257.o(.ARM.exidx.text.cleanup_id_listener), (8 bytes).
    Removing lto-llvm-b63257.o(.ARM.exidx.text.TF_HandleReceivedMessage), (8 bytes).
    Removing lto-llvm-b63257.o(.ARM.exidx.text.TF_Respond), (8 bytes).
    Removing lto-llvm-b63257.o(.ARM.exidx.text.HAL_RCC_GetSysClockFreq), (8 bytes).
    Removing lto-llvm-b63257.o(.ARM.exidx.text.HAL_InitTick), (8 bytes).
    Removing lto-llvm-b63257.o(.ARM.exidx.text.HAL_GPIO_Init), (8 bytes).
    Removing lto-llvm-b63257.o(.ARM.exidx.text.HAL_GPIO_DeInit), (8 bytes).
    Removing lto-llvm-b63257.o(.ARM.exidx.text.HAL_DMA_Abort), (8 bytes).
    Removing lto-llvm-b63257.o(.ARM.exidx.text.HAL_TIM_Base_Init), (8 bytes).
    Removing lto-llvm-b63257.o(.ARM.exidx.text.TIM_Base_SetConfig), (8 bytes).
    Removing lto-llvm-b63257.o(.ARM.exidx.text.HAL_TIM_PWM_Init), (8 bytes).
    Removing lto-llvm-b63257.o(.ARM.exidx.text.HAL_TIM_PWM_Start), (8 bytes).
    Removing lto-llvm-b63257.o(.ARM.exidx.text.HAL_TIM_PWM_ConfigChannel), (8 bytes).
    Removing lto-llvm-b63257.o(.ARM.exidx.text.HAL_TIM_ConfigClockSource), (8 bytes).
    Removing lto-llvm-b63257.o(.ARM.exidx.text.HAL_TIMEx_MasterConfigSynchronization), (8 bytes).
    Removing lto-llvm-b63257.o(.ARM.exidx.text.UART_WaitOnFlagUntilTimeout), (8 bytes).
    Removing lto-llvm-b63257.o(.ARM.exidx.text.UART_EndRxTransfer), (8 bytes).
    Removing lto-llvm-b63257.o(.ARM.exidx.text.HAL_UART_Receive_IT), (8 bytes).
    Removing lto-llvm-b63257.o(.ARM.exidx.text.UART_RxISR_8BIT), (8 bytes).
    Removing lto-llvm-b63257.o(.ARM.exidx.text.UART_RxISR_16BIT), (8 bytes).
    Removing lto-llvm-b63257.o(.ARM.exidx.text.UART_DMAAbortOnError), (8 bytes).
    Removing lto-llvm-b63257.o(.ARM.exidx.text.SystemInit), (8 bytes).
    Removing lto-llvm-b63257.o(.ARM.use_no_argv), (4 bytes).
    Removing depilogue.o(i.__ARM_clz), (46 bytes).

48 unused section(s) (total 1964 bytes) removed from the image.

==============================================================================

Image Symbol Table

    Local Symbols

    Symbol Name                              Value     Ov Type        Size  Object(Section)

    ../clib/division.s                       0x00000000   Number         0  aeabi_sdiv.o ABSOLUTE
    ../clib/division.s                       0x00000000   Number         0  aeabi_sdiv_div0.o ABSOLUTE
    ../clib/microlib/division.c              0x00000000   Number         0  uidiv.o ABSOLUTE
    ../clib/microlib/division.c              0x00000000   Number         0  uldiv.o ABSOLUTE
    ../clib/microlib/division.c              0x00000000   Number         0  uidiv_div0.o ABSOLUTE
    ../clib/microlib/division.c              0x00000000   Number         0  idiv_div0.o ABSOLUTE
    ../clib/microlib/division.c              0x00000000   Number         0  idiv0.o ABSOLUTE
    ../clib/microlib/init/entry.s            0x00000000   Number         0  entry.o ABSOLUTE
    ../clib/microlib/init/entry.s            0x00000000   Number         0  entry2.o ABSOLUTE
    ../clib/microlib/init/entry.s            0x00000000   Number         0  entry5.o ABSOLUTE
    ../clib/microlib/init/entry.s            0x00000000   Number         0  entry7a.o ABSOLUTE
    ../clib/microlib/init/entry.s            0x00000000   Number         0  entry7b.o ABSOLUTE
    ../clib/microlib/init/entry.s            0x00000000   Number         0  entry8a.o ABSOLUTE
    ../clib/microlib/init/entry.s            0x00000000   Number         0  entry8b.o ABSOLUTE
    ../clib/microlib/init/entry.s            0x00000000   Number         0  entry9a.o ABSOLUTE
    ../clib/microlib/init/entry.s            0x00000000   Number         0  entry9b.o ABSOLUTE
    ../clib/microlib/init/entry.s            0x00000000   Number         0  entry10a.o ABSOLUTE
    ../clib/microlib/init/entry.s            0x00000000   Number         0  entry10b.o ABSOLUTE
    ../clib/microlib/init/entry.s            0x00000000   Number         0  entry11a.o ABSOLUTE
    ../clib/microlib/init/entry.s            0x00000000   Number         0  entry11b.o ABSOLUTE
    ../clib/microlib/longlong.c              0x00000000   Number         0  llshl.o ABSOLUTE
    ../clib/microlib/longlong.c              0x00000000   Number         0  llushr.o ABSOLUTE
    ../clib/microlib/longlong.c              0x00000000   Number         0  llsshr.o ABSOLUTE
    ../clib/microlib/malloc/malloc.c         0x00000000   Number         0  malloc.o ABSOLUTE
    ../clib/microlib/malloc/malloc.c         0x00000000   Number         0  mallocr.o ABSOLUTE
    ../clib/microlib/malloc/malloc.c         0x00000000   Number         0  malloca.o ABSOLUTE
    ../clib/microlib/malloc/malloc.c         0x00000000   Number         0  mallocra.o ABSOLUTE
    ../clib/microlib/malloc/mvars.c          0x00000000   Number         0  mvars.o ABSOLUTE
    ../clib/microlib/printf/printf.c         0x00000000   Number         0  printfb.o ABSOLUTE
    ../clib/microlib/printf/printf.c         0x00000000   Number         0  printf0.o ABSOLUTE
    ../clib/microlib/printf/printf.c         0x00000000   Number         0  printf1.o ABSOLUTE
    ../clib/microlib/printf/printf.c         0x00000000   Number         0  printf2.o ABSOLUTE
    ../clib/microlib/printf/printf.c         0x00000000   Number         0  printf3.o ABSOLUTE
    ../clib/microlib/printf/printf.c         0x00000000   Number         0  printf4.o ABSOLUTE
    ../clib/microlib/printf/printf.c         0x00000000   Number         0  printf5.o ABSOLUTE
    ../clib/microlib/printf/printf.c         0x00000000   Number         0  printf6.o ABSOLUTE
    ../clib/microlib/printf/printf.c         0x00000000   Number         0  printf7.o ABSOLUTE
    ../clib/microlib/printf/printf.c         0x00000000   Number         0  printf8.o ABSOLUTE
    ../clib/microlib/printf/printf.c         0x00000000   Number         0  printfa.o ABSOLUTE
    ../clib/microlib/printf/stubs.s          0x00000000   Number         0  printfstubs.o ABSOLUTE
    ../clib/microlib/stdio/fputc.c           0x00000000   Number         0  fputc.o ABSOLUTE
    ../clib/microlib/stdio/fputc.c           0x00000000   Number         0  fputc_h.o ABSOLUTE
    ../clib/microlib/stdio/putchar.c         0x00000000   Number         0  putchar.o ABSOLUTE
    ../clib/microlib/stdio/puts.c            0x00000000   Number         0  puts.o ABSOLUTE
    ../clib/microlib/stdio/puts.c            0x00000000   Number         0  puts_e.o ABSOLUTE
    ../clib/microlib/stdio/semi.s            0x00000000   Number         0  semi.o ABSOLUTE
    ../clib/microlib/stdio/streams.c         0x00000000   Number         0  stdout.o ABSOLUTE
    ../clib/microlib/string/memcpy.c         0x00000000   Number         0  memcpya.o ABSOLUTE
    ../clib/microlib/string/memcpy.c         0x00000000   Number         0  memcpyb.o ABSOLUTE
    ../clib/microlib/string/memset.c         0x00000000   Number         0  memseta.o ABSOLUTE
    ../clib/microlib/stubs.s                 0x00000000   Number         0  iusefp.o ABSOLUTE
    ../clib/microlib/stubs.s                 0x00000000   Number         0  iusesemip.o ABSOLUTE
    ../fplib/microlib/fpadd.c                0x00000000   Number         0  dadd.o ABSOLUTE
    ../fplib/microlib/fpdiv.c                0x00000000   Number         0  ddiv.o ABSOLUTE
    ../fplib/microlib/fpepilogue.c           0x00000000   Number         0  depilogue.o ABSOLUTE
    ../fplib/microlib/fpfix.c                0x00000000   Number         0  dfixul.o ABSOLUTE
    ../fplib/microlib/fpmul.c                0x00000000   Number         0  dmul.o ABSOLUTE
    cdrcmple.s                               0x00000000   Number         0  cdrcmple.o ABSOLUTE
    dc.s                                     0x00000000   Number         0  dc.o ABSOLUTE
    handlers.s                               0x00000000   Number         0  handlers.o ABSOLUTE
    init.s                                   0x00000000   Number         0  init.o ABSOLUTE
    ld-temp.o                                0x00000000   Number         0  lto-llvm-b63257.o ABSOLUTE
    startup_stm32f030x8.s                    0x00000000   Number         0  startup_stm32f030x8.o ABSOLUTE
    RESET                                    0x08000000   Section      180  startup_stm32f030x8.o(RESET)
    .ARM.Collect$$$$00000000                 0x080000b4   Section        0  entry.o(.ARM.Collect$$$$00000000)
    .ARM.Collect$$$$00000001                 0x080000b4   Section        4  entry2.o(.ARM.Collect$$$$00000001)
    .ARM.Collect$$$$00000004                 0x080000b8   Section        4  entry5.o(.ARM.Collect$$$$00000004)
    .ARM.Collect$$$$00000008                 0x080000bc   Section        0  entry7b.o(.ARM.Collect$$$$00000008)
    .ARM.Collect$$$$0000000A                 0x080000bc   Section        0  entry8b.o(.ARM.Collect$$$$0000000A)
    .ARM.Collect$$$$0000000B                 0x080000bc   Section        8  entry9a.o(.ARM.Collect$$$$0000000B)
    __lit__00000000                          0x080000c4   Data           4  entry2.o(.ARM.Collect$$$$00002712)
    .ARM.Collect$$$$0000000D                 0x080000c4   Section        0  entry10a.o(.ARM.Collect$$$$0000000D)
    .ARM.Collect$$$$0000000F                 0x080000c4   Section        0  entry11a.o(.ARM.Collect$$$$0000000F)
    .ARM.Collect$$$$00002712                 0x080000c4   Section        4  entry2.o(.ARM.Collect$$$$00002712)
    .text                                    0x080000c8   Section       28  startup_stm32f030x8.o(.text)
    .text                                    0x080000e4   Section       36  init.o(.text)
    .text                                    0x08000108   Section        0  uidiv_div0.o(.text)
    .text                                    0x08000146   Section        0  memseta.o(.text)
    BINARY_Listener                          0x0800016d   Thumb Code    96  lto-llvm-b63257.o(.text.BINARY_Listener)
    [Anonymous Symbol]                       0x0800016c   Section        0  lto-llvm-b63257.o(.text.BINARY_Listener)
    __arm_cp.4_0                             0x080001cc   Number         4  lto-llvm-b63257.o(.text.BINARY_Listener)
    __arm_cp.4_1                             0x080001d0   Number         4  lto-llvm-b63257.o(.text.BINARY_Listener)
    __arm_cp.4_2                             0x080001d4   Number         4  lto-llvm-b63257.o(.text.BINARY_Listener)
    Error_Handler                            0x080001d9   Thumb Code   208  lto-llvm-b63257.o(.text.Error_Handler)
    [Anonymous Symbol]                       0x080001d8   Section        0  lto-llvm-b63257.o(.text.Error_Handler)
    __arm_cp.2_0                             0x080002a8   Number         4  lto-llvm-b63257.o(.text.Error_Handler)
    __arm_cp.2_2                             0x080002ac   Number         4  lto-llvm-b63257.o(.text.Error_Handler)
    __arm_cp.2_3                             0x080002b0   Number         4  lto-llvm-b63257.o(.text.Error_Handler)
    __arm_cp.2_4                             0x080002b4   Number         4  lto-llvm-b63257.o(.text.Error_Handler)
    __arm_cp.2_6                             0x080002b8   Number         4  lto-llvm-b63257.o(.text.Error_Handler)
    __arm_cp.2_7                             0x080002bc   Number         4  lto-llvm-b63257.o(.text.Error_Handler)
    __arm_cp.2_8                             0x080002c0   Number         4  lto-llvm-b63257.o(.text.Error_Handler)
    __arm_cp.2_9                             0x080002c4   Number         4  lto-llvm-b63257.o(.text.Error_Handler)
    __arm_cp.2_10                            0x080002c8   Number         4  lto-llvm-b63257.o(.text.Error_Handler)
    __arm_cp.2_11                            0x080002cc   Number         4  lto-llvm-b63257.o(.text.Error_Handler)
    __arm_cp.2_12                            0x080002d0   Number         4  lto-llvm-b63257.o(.text.Error_Handler)
    __arm_cp.2_13                            0x080002d4   Number         4  lto-llvm-b63257.o(.text.Error_Handler)
    __arm_cp.2_14                            0x080002d8   Number         4  lto-llvm-b63257.o(.text.Error_Handler)
    HAL_DMA_Abort                            0x080002dd   Thumb Code    58  lto-llvm-b63257.o(.text.HAL_DMA_Abort)
    [Anonymous Symbol]                       0x080002dc   Section        0  lto-llvm-b63257.o(.text.HAL_DMA_Abort)
    HAL_GPIO_DeInit                          0x08000319   Thumb Code   240  lto-llvm-b63257.o(.text.HAL_GPIO_DeInit)
    [Anonymous Symbol]                       0x08000318   Section        0  lto-llvm-b63257.o(.text.HAL_GPIO_DeInit)
    HAL_GPIO_Init                            0x08000409   Thumb Code   408  lto-llvm-b63257.o(.text.HAL_GPIO_Init)
    [Anonymous Symbol]                       0x08000408   Section        0  lto-llvm-b63257.o(.text.HAL_GPIO_Init)
    __arm_cp.21_0                            0x080005a0   Number         4  lto-llvm-b63257.o(.text.HAL_GPIO_Init)
    __arm_cp.21_1                            0x080005a4   Number         4  lto-llvm-b63257.o(.text.HAL_GPIO_Init)
    __arm_cp.21_2                            0x080005a8   Number         4  lto-llvm-b63257.o(.text.HAL_GPIO_Init)
    __arm_cp.21_3                            0x080005ac   Number         4  lto-llvm-b63257.o(.text.HAL_GPIO_Init)
    __arm_cp.21_4                            0x080005b0   Number         4  lto-llvm-b63257.o(.text.HAL_GPIO_Init)
    __arm_cp.21_5                            0x080005b4   Number         4  lto-llvm-b63257.o(.text.HAL_GPIO_Init)
    HAL_InitTick                             0x080005b9   Thumb Code    60  lto-llvm-b63257.o(.text.HAL_InitTick)
    [Anonymous Symbol]                       0x080005b8   Section        0  lto-llvm-b63257.o(.text.HAL_InitTick)
    __arm_cp.20_0                            0x080005f4   Number         4  lto-llvm-b63257.o(.text.HAL_InitTick)
    __arm_cp.20_1                            0x080005f8   Number         4  lto-llvm-b63257.o(.text.HAL_InitTick)
    __arm_cp.20_2                            0x080005fc   Number         4  lto-llvm-b63257.o(.text.HAL_InitTick)
    __arm_cp.20_3                            0x08000600   Number         4  lto-llvm-b63257.o(.text.HAL_InitTick)
    HAL_RCC_GetSysClockFreq                  0x08000605   Thumb Code    56  lto-llvm-b63257.o(.text.HAL_RCC_GetSysClockFreq)
    [Anonymous Symbol]                       0x08000604   Section        0  lto-llvm-b63257.o(.text.HAL_RCC_GetSysClockFreq)
    __arm_cp.19_0                            0x0800063c   Number         4  lto-llvm-b63257.o(.text.HAL_RCC_GetSysClockFreq)
    __arm_cp.19_1                            0x08000640   Number         4  lto-llvm-b63257.o(.text.HAL_RCC_GetSysClockFreq)
    HAL_RCC_GetSysClockFreq.aPLLMULFactorTable 0x08000644   Number         0  lto-llvm-b63257.o(.text.HAL_RCC_GetSysClockFreq)
    HAL_RCC_GetSysClockFreq.aPredivFactorTable 0x08000654   Number         0  lto-llvm-b63257.o(.text.HAL_RCC_GetSysClockFreq)
    __arm_cp.19_4                            0x08000664   Number         4  lto-llvm-b63257.o(.text.HAL_RCC_GetSysClockFreq)
    HAL_TIMEx_MasterConfigSynchronization    0x08000669   Thumb Code    72  lto-llvm-b63257.o(.text.HAL_TIMEx_MasterConfigSynchronization)
    [Anonymous Symbol]                       0x08000668   Section        0  lto-llvm-b63257.o(.text.HAL_TIMEx_MasterConfigSynchronization)
    __arm_cp.30_1                            0x080006b0   Number         4  lto-llvm-b63257.o(.text.HAL_TIMEx_MasterConfigSynchronization)
    HAL_TIM_Base_Init                        0x080006b5   Thumb Code   128  lto-llvm-b63257.o(.text.HAL_TIM_Base_Init)
    [Anonymous Symbol]                       0x080006b4   Section        0  lto-llvm-b63257.o(.text.HAL_TIM_Base_Init)
    __arm_cp.24_2                            0x08000734   Number         4  lto-llvm-b63257.o(.text.HAL_TIM_Base_Init)
    HAL_TIM_ConfigClockSource                0x08000739   Thumb Code   328  lto-llvm-b63257.o(.text.HAL_TIM_ConfigClockSource)
    [Anonymous Symbol]                       0x08000738   Section        0  lto-llvm-b63257.o(.text.HAL_TIM_ConfigClockSource)
    __arm_cp.29_0                            0x08000880   Number         4  lto-llvm-b63257.o(.text.HAL_TIM_ConfigClockSource)
    HAL_TIM_MspPostInit                      0x08000885   Thumb Code   156  lto-llvm-b63257.o(.text.HAL_TIM_MspPostInit)
    [Anonymous Symbol]                       0x08000884   Section        0  lto-llvm-b63257.o(.text.HAL_TIM_MspPostInit)
    __arm_cp.14_0                            0x08000920   Number         4  lto-llvm-b63257.o(.text.HAL_TIM_MspPostInit)
    __arm_cp.14_1                            0x08000924   Number         4  lto-llvm-b63257.o(.text.HAL_TIM_MspPostInit)
    __arm_cp.14_2                            0x08000928   Number         4  lto-llvm-b63257.o(.text.HAL_TIM_MspPostInit)
    __arm_cp.14_3                            0x0800092c   Number         4  lto-llvm-b63257.o(.text.HAL_TIM_MspPostInit)
    HAL_TIM_PWM_ConfigChannel                0x08000931   Thumb Code   628  lto-llvm-b63257.o(.text.HAL_TIM_PWM_ConfigChannel)
    [Anonymous Symbol]                       0x08000930   Section        0  lto-llvm-b63257.o(.text.HAL_TIM_PWM_ConfigChannel)
    __arm_cp.28_1                            0x08000ba4   Number         4  lto-llvm-b63257.o(.text.HAL_TIM_PWM_ConfigChannel)
    __arm_cp.28_2                            0x08000ba8   Number         4  lto-llvm-b63257.o(.text.HAL_TIM_PWM_ConfigChannel)
    HAL_TIM_PWM_Init                         0x08000bad   Thumb Code    66  lto-llvm-b63257.o(.text.HAL_TIM_PWM_Init)
    [Anonymous Symbol]                       0x08000bac   Section        0  lto-llvm-b63257.o(.text.HAL_TIM_PWM_Init)
    HAL_TIM_PWM_Start                        0x08000bf1   Thumb Code   156  lto-llvm-b63257.o(.text.HAL_TIM_PWM_Start)
    [Anonymous Symbol]                       0x08000bf0   Section        0  lto-llvm-b63257.o(.text.HAL_TIM_PWM_Start)
    __arm_cp.27_0                            0x08000c8c   Number         4  lto-llvm-b63257.o(.text.HAL_TIM_PWM_Start)
    __arm_cp.27_1                            0x08000c90   Number         4  lto-llvm-b63257.o(.text.HAL_TIM_PWM_Start)
    __arm_cp.27_2                            0x08000c94   Number         4  lto-llvm-b63257.o(.text.HAL_TIM_PWM_Start)
    __arm_cp.27_3                            0x08000c98   Number         4  lto-llvm-b63257.o(.text.HAL_TIM_PWM_Start)
    HAL_UART_ErrorCallback                   0x08000c9d   Thumb Code   196  lto-llvm-b63257.o(.text.HAL_UART_ErrorCallback)
    [Anonymous Symbol]                       0x08000c9c   Section        0  lto-llvm-b63257.o(.text.HAL_UART_ErrorCallback)
    HAL_UART_Receive_IT                      0x08000d61   Thumb Code   236  lto-llvm-b63257.o(.text.HAL_UART_Receive_IT)
    [Anonymous Symbol]                       0x08000d60   Section        0  lto-llvm-b63257.o(.text.HAL_UART_Receive_IT)
    __arm_cp.33_0                            0x08000e4c   Number         4  lto-llvm-b63257.o(.text.HAL_UART_Receive_IT)
    __arm_cp.33_2                            0x08000e50   Number         4  lto-llvm-b63257.o(.text.HAL_UART_Receive_IT)
    __arm_cp.33_3                            0x08000e54   Number         4  lto-llvm-b63257.o(.text.HAL_UART_Receive_IT)
    __arm_cp.33_4                            0x08000e58   Number         4  lto-llvm-b63257.o(.text.HAL_UART_Receive_IT)
    HAL_UART_RxCpltCallback                  0x08000e5d   Thumb Code   420  lto-llvm-b63257.o(.text.HAL_UART_RxCpltCallback)
    [Anonymous Symbol]                       0x08000e5c   Section        0  lto-llvm-b63257.o(.text.HAL_UART_RxCpltCallback)
    __arm_cp.6_1                             0x08001000   Number         4  lto-llvm-b63257.o(.text.HAL_UART_RxCpltCallback)
    __arm_cp.6_2                             0x08001004   Number         4  lto-llvm-b63257.o(.text.HAL_UART_RxCpltCallback)
    __arm_cp.6_3                             0x08001008   Number         4  lto-llvm-b63257.o(.text.HAL_UART_RxCpltCallback)
    __arm_cp.6_4                             0x0800100c   Number         4  lto-llvm-b63257.o(.text.HAL_UART_RxCpltCallback)
    __arm_cp.6_5                             0x08001010   Number         4  lto-llvm-b63257.o(.text.HAL_UART_RxCpltCallback)
    __arm_cp.6_6                             0x08001014   Number         4  lto-llvm-b63257.o(.text.HAL_UART_RxCpltCallback)
    __arm_cp.6_7                             0x08001018   Number         4  lto-llvm-b63257.o(.text.HAL_UART_RxCpltCallback)
    __arm_cp.6_8                             0x0800101c   Number         4  lto-llvm-b63257.o(.text.HAL_UART_RxCpltCallback)
    [Anonymous Symbol]                       0x08001020   Section        0  lto-llvm-b63257.o(.text.HardFault_Handler)
    [Anonymous Symbol]                       0x08001022   Section        0  lto-llvm-b63257.o(.text.NMI_Handler)
    [Anonymous Symbol]                       0x08001024   Section        0  lto-llvm-b63257.o(.text.PendSV_Handler)
    STATUS_Listener                          0x08001029   Thumb Code    64  lto-llvm-b63257.o(.text.STATUS_Listener)
    [Anonymous Symbol]                       0x08001028   Section        0  lto-llvm-b63257.o(.text.STATUS_Listener)
    __arm_cp.3_0                             0x08001068   Number         4  lto-llvm-b63257.o(.text.STATUS_Listener)
    __arm_cp.3_1                             0x0800106c   Number         4  lto-llvm-b63257.o(.text.STATUS_Listener)
    __arm_cp.3_2                             0x08001070   Number         4  lto-llvm-b63257.o(.text.STATUS_Listener)
    [Anonymous Symbol]                       0x08001074   Section        0  lto-llvm-b63257.o(.text.SVC_Handler)
    [Anonymous Symbol]                       0x08001078   Section        0  lto-llvm-b63257.o(.text.SysTick_Handler)
    __arm_cp.12_1                            0x080010d4   Number         4  lto-llvm-b63257.o(.text.SysTick_Handler)
    [Anonymous Symbol]                       0x080010d8   Section        0  lto-llvm-b63257.o(.text.SystemInit)
    TF_AddTypeListener                       0x080010dd   Thumb Code    68  lto-llvm-b63257.o(.text.TF_AddTypeListener)
    [Anonymous Symbol]                       0x080010dc   Section        0  lto-llvm-b63257.o(.text.TF_AddTypeListener)
    __arm_cp.15_0                            0x08001120   Number         4  lto-llvm-b63257.o(.text.TF_AddTypeListener)
    TF_HandleReceivedMessage                 0x08001125   Thumb Code   276  lto-llvm-b63257.o(.text.TF_HandleReceivedMessage)
    [Anonymous Symbol]                       0x08001124   Section        0  lto-llvm-b63257.o(.text.TF_HandleReceivedMessage)
    __arm_cp.17_0                            0x08001238   Number         4  lto-llvm-b63257.o(.text.TF_HandleReceivedMessage)
    __arm_cp.17_1                            0x0800123c   Number         4  lto-llvm-b63257.o(.text.TF_HandleReceivedMessage)
    __arm_cp.17_2                            0x08001240   Number         4  lto-llvm-b63257.o(.text.TF_HandleReceivedMessage)
    __arm_cp.17_3                            0x08001244   Number         4  lto-llvm-b63257.o(.text.TF_HandleReceivedMessage)
    TF_Respond                               0x08001249   Thumb Code   304  lto-llvm-b63257.o(.text.TF_Respond)
    [Anonymous Symbol]                       0x08001248   Section        0  lto-llvm-b63257.o(.text.TF_Respond)
    __arm_cp.18_0                            0x08001378   Number         4  lto-llvm-b63257.o(.text.TF_Respond)
    __arm_cp.18_1                            0x0800137c   Number         4  lto-llvm-b63257.o(.text.TF_Respond)
    __arm_cp.18_2                            0x08001380   Number         4  lto-llvm-b63257.o(.text.TF_Respond)
    TF_WriteImpl                             0x08001385   Thumb Code   200  lto-llvm-b63257.o(.text.TF_WriteImpl)
    [Anonymous Symbol]                       0x08001384   Section        0  lto-llvm-b63257.o(.text.TF_WriteImpl)
    __arm_cp.5_0                             0x0800144c   Number         4  lto-llvm-b63257.o(.text.TF_WriteImpl)
    __arm_cp.5_1                             0x08001450   Number         4  lto-llvm-b63257.o(.text.TF_WriteImpl)
    __arm_cp.5_2                             0x08001454   Number         4  lto-llvm-b63257.o(.text.TF_WriteImpl)
    TIM_Base_SetConfig                       0x08001459   Thumb Code   144  lto-llvm-b63257.o(.text.TIM_Base_SetConfig)
    [Anonymous Symbol]                       0x08001458   Section        0  lto-llvm-b63257.o(.text.TIM_Base_SetConfig)
    __arm_cp.25_0                            0x080014e8   Number         4  lto-llvm-b63257.o(.text.TIM_Base_SetConfig)
    __arm_cp.25_1                            0x080014ec   Number         4  lto-llvm-b63257.o(.text.TIM_Base_SetConfig)
    __arm_cp.25_2                            0x080014f0   Number         4  lto-llvm-b63257.o(.text.TIM_Base_SetConfig)
    __arm_cp.25_3                            0x080014f4   Number         4  lto-llvm-b63257.o(.text.TIM_Base_SetConfig)
    __arm_cp.25_4                            0x080014f8   Number         4  lto-llvm-b63257.o(.text.TIM_Base_SetConfig)
    __arm_cp.25_5                            0x080014fc   Number         4  lto-llvm-b63257.o(.text.TIM_Base_SetConfig)
    __arm_cp.25_6                            0x08001500   Number         4  lto-llvm-b63257.o(.text.TIM_Base_SetConfig)
    __arm_cp.25_7                            0x08001504   Number         4  lto-llvm-b63257.o(.text.TIM_Base_SetConfig)
    UART_DMAAbortOnError                     0x08001509   Thumb Code    22  lto-llvm-b63257.o(.text.UART_DMAAbortOnError)
    [Anonymous Symbol]                       0x08001508   Section        0  lto-llvm-b63257.o(.text.UART_DMAAbortOnError)
    UART_EndRxTransfer                       0x0800151f   Thumb Code    90  lto-llvm-b63257.o(.text.UART_EndRxTransfer)
    [Anonymous Symbol]                       0x0800151e   Section        0  lto-llvm-b63257.o(.text.UART_EndRxTransfer)
    UART_RxISR_16BIT                         0x08001579   Thumb Code   192  lto-llvm-b63257.o(.text.UART_RxISR_16BIT)
    [Anonymous Symbol]                       0x08001578   Section        0  lto-llvm-b63257.o(.text.UART_RxISR_16BIT)
    UART_RxISR_8BIT                          0x08001639   Thumb Code   194  lto-llvm-b63257.o(.text.UART_RxISR_8BIT)
    [Anonymous Symbol]                       0x08001638   Section        0  lto-llvm-b63257.o(.text.UART_RxISR_8BIT)
    UART_WaitOnFlagUntilTimeout              0x080016fd   Thumb Code   124  lto-llvm-b63257.o(.text.UART_WaitOnFlagUntilTimeout)
    [Anonymous Symbol]                       0x080016fc   Section        0  lto-llvm-b63257.o(.text.UART_WaitOnFlagUntilTimeout)
    __arm_cp.31_0                            0x08001778   Number         4  lto-llvm-b63257.o(.text.UART_WaitOnFlagUntilTimeout)
    [Anonymous Symbol]                       0x0800177c   Section        0  lto-llvm-b63257.o(.text.USART1_IRQHandler)
    __arm_cp.13_0                            0x08001ad4   Number         4  lto-llvm-b63257.o(.text.USART1_IRQHandler)
    __arm_cp.13_1                            0x08001ad8   Number         4  lto-llvm-b63257.o(.text.USART1_IRQHandler)
    __arm_cp.13_2                            0x08001adc   Number         4  lto-llvm-b63257.o(.text.USART1_IRQHandler)
    __arm_cp.13_3                            0x08001ae0   Number         4  lto-llvm-b63257.o(.text.USART1_IRQHandler)
    cleanup_id_listener                      0x08001ae5   Thumb Code    60  lto-llvm-b63257.o(.text.cleanup_id_listener)
    [Anonymous Symbol]                       0x08001ae4   Section        0  lto-llvm-b63257.o(.text.cleanup_id_listener)
    __arm_cp.16_0                            0x08001b20   Number         4  lto-llvm-b63257.o(.text.cleanup_id_listener)
    __arm_cp.16_1                            0x08001b24   Number         4  lto-llvm-b63257.o(.text.cleanup_id_listener)
    [Anonymous Symbol]                       0x08001b28   Section        0  lto-llvm-b63257.o(.text.main)
    __arm_cp.1_57                            0x08001e5c   Number         4  lto-llvm-b63257.o(.text.main)
    __arm_cp.1_62                            0x08001e70   Number         4  lto-llvm-b63257.o(.text.main)
    AHBPrescTable                            0x08001e74   Number         0  lto-llvm-b63257.o(.text.main)
    __arm_cp.1_66                            0x08001e8c   Number         4  lto-llvm-b63257.o(.text.main)
    __arm_cp.1_67                            0x08001e90   Number         4  lto-llvm-b63257.o(.text.main)
    __arm_cp.1_68                            0x08001e94   Number         4  lto-llvm-b63257.o(.text.main)
    __arm_cp.1_69                            0x08001e98   Number         4  lto-llvm-b63257.o(.text.main)
    __arm_cp.1_70                            0x08001e9c   Number         4  lto-llvm-b63257.o(.text.main)
    __arm_cp.1_71                            0x08001ea0   Number         4  lto-llvm-b63257.o(.text.main)
    __arm_cp.1_73                            0x08001ea8   Number         4  lto-llvm-b63257.o(.text.main)
    __arm_cp.1_95                            0x080021a4   Number         4  lto-llvm-b63257.o(.text.main)
    __arm_cp.1_75                            0x08002338   Number         4  lto-llvm-b63257.o(.text.main)
    __arm_cp.1_99                            0x08002344   Number         4  lto-llvm-b63257.o(.text.main)
    __arm_cp.1_76                            0x08002370   Number         4  lto-llvm-b63257.o(.text.main)
    __arm_cp.1_79                            0x08002378   Number         4  lto-llvm-b63257.o(.text.main)
    __arm_cp.1_80                            0x0800237c   Number         4  lto-llvm-b63257.o(.text.main)
    __arm_cp.1_83                            0x08002388   Number         4  lto-llvm-b63257.o(.text.main)
    __arm_cp.1_84                            0x0800238c   Number         4  lto-llvm-b63257.o(.text.main)
    __arm_cp.1_85                            0x08002390   Number         4  lto-llvm-b63257.o(.text.main)
    __arm_cp.1_88                            0x080023a8   Number         4  lto-llvm-b63257.o(.text.main)
    __arm_cp.1_89                            0x080023ac   Number         4  lto-llvm-b63257.o(.text.main)
    __arm_cp.1_92                            0x080023b8   Number         4  lto-llvm-b63257.o(.text.main)
    __arm_cp.1_93                            0x080023bc   Number         4  lto-llvm-b63257.o(.text.main)
    __arm_cp.1_94                            0x080023c0   Number         4  lto-llvm-b63257.o(.text.main)
    __arm_cp.1_100                           0x08002798   Number         4  lto-llvm-b63257.o(.text.main)
    __arm_cp.1_2                             0x0800279c   Number         4  lto-llvm-b63257.o(.text.main)
    __arm_cp.1_3                             0x080027a0   Number         4  lto-llvm-b63257.o(.text.main)
    __arm_cp.1_4                             0x080027a4   Number         4  lto-llvm-b63257.o(.text.main)
    __arm_cp.1_9                             0x080027a8   Number         4  lto-llvm-b63257.o(.text.main)
    __arm_cp.1_16                            0x080027ac   Number         4  lto-llvm-b63257.o(.text.main)
    __arm_cp.1_20                            0x080027b0   Number         4  lto-llvm-b63257.o(.text.main)
    __arm_cp.1_24                            0x080027b4   Number         4  lto-llvm-b63257.o(.text.main)
    __arm_cp.1_33                            0x080027b8   Number         4  lto-llvm-b63257.o(.text.main)
    __arm_cp.1_34                            0x080027bc   Number         4  lto-llvm-b63257.o(.text.main)
    __arm_cp.1_35                            0x080027c0   Number         4  lto-llvm-b63257.o(.text.main)
    __arm_cp.1_36                            0x080027c4   Number         4  lto-llvm-b63257.o(.text.main)
    __arm_cp.1_37                            0x080027c8   Number         4  lto-llvm-b63257.o(.text.main)
    __arm_cp.1_38                            0x080027cc   Number         4  lto-llvm-b63257.o(.text.main)
    __arm_cp.1_39                            0x080027d0   Number         4  lto-llvm-b63257.o(.text.main)
    __arm_cp.1_40                            0x080027d4   Number         4  lto-llvm-b63257.o(.text.main)
    __arm_cp.1_41                            0x080027d8   Number         4  lto-llvm-b63257.o(.text.main)
    __arm_cp.1_42                            0x080027dc   Number         4  lto-llvm-b63257.o(.text.main)
    __arm_cp.1_43                            0x080027e0   Number         4  lto-llvm-b63257.o(.text.main)
    __arm_cp.1_44                            0x080027e4   Number         4  lto-llvm-b63257.o(.text.main)
    __arm_cp.1_45                            0x080027e8   Number         4  lto-llvm-b63257.o(.text.main)
    __arm_cp.1_46                            0x080027ec   Number         4  lto-llvm-b63257.o(.text.main)
    __arm_cp.1_47                            0x080027f0   Number         4  lto-llvm-b63257.o(.text.main)
    __arm_cp.1_48                            0x080027f4   Number         4  lto-llvm-b63257.o(.text.main)
    __arm_cp.1_49                            0x080027f8   Number         4  lto-llvm-b63257.o(.text.main)
    __arm_cp.1_50                            0x080027fc   Number         4  lto-llvm-b63257.o(.text.main)
    __arm_cp.1_51                            0x08002800   Number         4  lto-llvm-b63257.o(.text.main)
    __arm_cp.1_52                            0x08002804   Number         4  lto-llvm-b63257.o(.text.main)
    __arm_cp.1_53                            0x08002808   Number         4  lto-llvm-b63257.o(.text.main)
    __arm_cp.1_54                            0x0800280c   Number         4  lto-llvm-b63257.o(.text.main)
    relay_update                             0x08002811   Thumb Code   236  lto-llvm-b63257.o(.text.relay_update)
    [Anonymous Symbol]                       0x08002810   Section        0  lto-llvm-b63257.o(.text.relay_update)
    __arm_cp.0_0                             0x080028fc   Number         4  lto-llvm-b63257.o(.text.relay_update)
    __arm_cp.0_1                             0x08002900   Number         4  lto-llvm-b63257.o(.text.relay_update)
    __arm_cp.0_2                             0x08002904   Number         4  lto-llvm-b63257.o(.text.relay_update)
    __arm_cp.0_3                             0x08002908   Number         4  lto-llvm-b63257.o(.text.relay_update)
    __arm_cp.0_4                             0x0800290c   Number         4  lto-llvm-b63257.o(.text.relay_update)
    __arm_cp.0_5                             0x08002910   Number         4  lto-llvm-b63257.o(.text.relay_update)
    __arm_cp.0_6                             0x08002914   Number         4  lto-llvm-b63257.o(.text.relay_update)
    i.__scatterload_copy                     0x08002918   Section       14  handlers.o(i.__scatterload_copy)
    i.__scatterload_null                     0x08002926   Section        2  handlers.o(i.__scatterload_null)
    i.__scatterload_zeroinit                 0x08002928   Section       14  handlers.o(i.__scatterload_zeroinit)
    crc16_table                              0x08002936   Data         512  lto-llvm-b63257.o(.rodata.crc16_table)
    [Anonymous Symbol]                       0x08002936   Section        0  lto-llvm-b63257.o(.rodata.crc16_table)
    LED_PIN                                  0x08002b36   Data          16  lto-llvm-b63257.o(.rodata.cst16)
    [Anonymous Symbol]                       0x08002b36   Section        0  lto-llvm-b63257.o(.rodata.cst16)
    LED_PORT                                 0x08002b48   Data          32  lto-llvm-b63257.o(.rodata.cst32)
    [Anonymous Symbol]                       0x08002b48   Section        0  lto-llvm-b63257.o(.rodata.cst32)
    APBPrescTable                            0x08002b68   Data           8  lto-llvm-b63257.o(.rodata.cst8)
    [Anonymous Symbol]                       0x08002b68   Section        0  lto-llvm-b63257.o(.rodata.cst8)
    SystemCoreClock                          0x20000000   Data           4  lto-llvm-b63257.o(.data.SystemCoreClock)
    [Anonymous Symbol]                       0x20000000   Section        0  lto-llvm-b63257.o(.data.SystemCoreClock)
    relay_update.pwm_duty_cycle              0x20000004   Data          32  lto-llvm-b63257.o(.data.relay_update.pwm_duty_cycle)
    [Anonymous Symbol]                       0x20000004   Section        0  lto-llvm-b63257.o(.data.relay_update.pwm_duty_cycle)
    selected_channel                         0x20000024   Data           1  lto-llvm-b63257.o(.data.selected_channel)
    [Anonymous Symbol]                       0x20000024   Section        0  lto-llvm-b63257.o(.data.selected_channel)
    button_onoff_prev                        0x20000028   Data           1  lto-llvm-b63257.o(.bss.button_onoff_prev)
    [Anonymous Symbol]                       0x20000028   Section        0  lto-llvm-b63257.o(.bss.button_onoff_prev)
    button_select_prev                       0x20000029   Data           1  lto-llvm-b63257.o(.bss.button_select_prev)
    [Anonymous Symbol]                       0x20000029   Section        0  lto-llvm-b63257.o(.bss.button_select_prev)
    error_state                              0x2000002a   Data           1  lto-llvm-b63257.o(.bss.error_state)
    [Anonymous Symbol]                       0x2000002a   Section        0  lto-llvm-b63257.o(.bss.error_state)
    hcrc                                     0x2000002c   Data          28  lto-llvm-b63257.o(.bss.hcrc)
    [Anonymous Symbol]                       0x2000002c   Section        0  lto-llvm-b63257.o(.bss.hcrc)
    hi2c1                                    0x20000048   Data          84  lto-llvm-b63257.o(.bss.hi2c1)
    [Anonymous Symbol]                       0x20000048   Section        0  lto-llvm-b63257.o(.bss.hi2c1)
    htim1                                    0x2000009c   Data          72  lto-llvm-b63257.o(.bss.htim1)
    [Anonymous Symbol]                       0x2000009c   Section        0  lto-llvm-b63257.o(.bss.htim1)
    htim3                                    0x200000e4   Data          72  lto-llvm-b63257.o(.bss.htim3)
    [Anonymous Symbol]                       0x200000e4   Section        0  lto-llvm-b63257.o(.bss.htim3)
    huart1                                   0x2000012c   Data         136  lto-llvm-b63257.o(.bss.huart1)
    [Anonymous Symbol]                       0x2000012c   Section        0  lto-llvm-b63257.o(.bss.huart1)
    init_tf                                  0x200001b4   Data           1  lto-llvm-b63257.o(.bss.init_tf)
    [Anonymous Symbol]                       0x200001b4   Section        0  lto-llvm-b63257.o(.bss.init_tf)
    last_press_time                          0x200001b8   Data           4  lto-llvm-b63257.o(.bss.last_press_time)
    [Anonymous Symbol]                       0x200001b8   Section        0  lto-llvm-b63257.o(.bss.last_press_time)
    last_toggle_time                         0x200001bc   Data           4  lto-llvm-b63257.o(.bss.last_toggle_time)
    [Anonymous Symbol]                       0x200001bc   Section        0  lto-llvm-b63257.o(.bss.last_toggle_time)
    menu_activ                               0x200001c0   Data           1  lto-llvm-b63257.o(.bss.menu_activ)
    [Anonymous Symbol]                       0x200001c0   Section        0  lto-llvm-b63257.o(.bss.menu_activ)
    menu_timer                               0x200001c4   Data           4  lto-llvm-b63257.o(.bss.menu_timer)
    [Anonymous Symbol]                       0x200001c4   Section        0  lto-llvm-b63257.o(.bss.menu_timer)
    rec                                      0x200001c8   Data           1  lto-llvm-b63257.o(.bss.rec)
    [Anonymous Symbol]                       0x200001c8   Section        0  lto-llvm-b63257.o(.bss.rec)
    rel_end                                  0x200001ca   Data           2  lto-llvm-b63257.o(.bss.rel_end)
    [Anonymous Symbol]                       0x200001ca   Section        0  lto-llvm-b63257.o(.bss.rel_end)
    rel_start                                0x200001cc   Data           2  lto-llvm-b63257.o(.bss.rel_start)
    [Anonymous Symbol]                       0x200001cc   Section        0  lto-llvm-b63257.o(.bss.rel_start)
    relay_old_states                         0x200001ce   Data           8  lto-llvm-b63257.o(.bss.relay_old_states)
    [Anonymous Symbol]                       0x200001ce   Section        0  lto-llvm-b63257.o(.bss.relay_old_states)
    relay_states                             0x200001d6   Data           8  lto-llvm-b63257.o(.bss.relay_states)
    [Anonymous Symbol]                       0x200001d6   Section        0  lto-llvm-b63257.o(.bss.relay_states)
    relay_update.last_change_time            0x200001e0   Data          32  lto-llvm-b63257.o(.bss.relay_update.last_change_time)
    [Anonymous Symbol]                       0x200001e0   Section        0  lto-llvm-b63257.o(.bss.relay_update.last_change_time)
    relay_update.last_state                  0x20000200   Data          32  lto-llvm-b63257.o(.bss.relay_update.last_state)
    [Anonymous Symbol]                       0x20000200   Section        0  lto-llvm-b63257.o(.bss.relay_update.last_state)
    set_relay.set_tmr                        0x20000220   Data           4  lto-llvm-b63257.o(.bss.set_relay.set_tmr)
    [Anonymous Symbol]                       0x20000220   Section        0  lto-llvm-b63257.o(.bss.set_relay.set_tmr)
    tfapp                                    0x20000224   Data        1776  lto-llvm-b63257.o(.bss.tfapp)
    [Anonymous Symbol]                       0x20000224   Section        0  lto-llvm-b63257.o(.bss.tfapp)
    toggle_state                             0x20000914   Data           1  lto-llvm-b63257.o(.bss.toggle_state)
    [Anonymous Symbol]                       0x20000914   Section        0  lto-llvm-b63257.o(.bss.toggle_state)
    uwTick                                   0x20000918   Data           4  lto-llvm-b63257.o(.bss.uwTick)
    [Anonymous Symbol]                       0x20000918   Section        0  lto-llvm-b63257.o(.bss.uwTick)
    STACK                                    0x20000920   Section     1024  startup_stm32f030x8.o(STACK)

    Global Symbols

    Symbol Name                              Value     Ov Type        Size  Object(Section)

    BuildAttributes$$THM_ISAv3M$S$PE$A:L22$X:L11$S22$IEEE1$IW$~IW$USESV6$~STKCKD$USESV7$~SHL$OSPACE$ROPI$IEEEF$EBA8$MICROLIB$REQ8$PRES8$EABIv2 0x00000000   Number         0  anon$$obj.o ABSOLUTE
    _printf_a                                0x00000000   Number         0  printfstubs.o ABSOLUTE
    _printf_c                                0x00000000   Number         0  printfstubs.o ABSOLUTE
    _printf_charcount                        0x00000000   Number         0  printfstubs.o ABSOLUTE
    _printf_d                                0x00000000   Number         0  printfstubs.o ABSOLUTE
    _printf_e                                0x00000000   Number         0  printfstubs.o ABSOLUTE
    _printf_f                                0x00000000   Number         0  printfstubs.o ABSOLUTE
    _printf_flags                            0x00000000   Number         0  printfstubs.o ABSOLUTE
    _printf_fp_dec                           0x00000000   Number         0  printfstubs.o ABSOLUTE
    _printf_fp_hex                           0x00000000   Number         0  printfstubs.o ABSOLUTE
    _printf_g                                0x00000000   Number         0  printfstubs.o ABSOLUTE
    _printf_i                                0x00000000   Number         0  printfstubs.o ABSOLUTE
    _printf_int_dec                          0x00000000   Number         0  printfstubs.o ABSOLUTE
    _printf_l                                0x00000000   Number         0  printfstubs.o ABSOLUTE
    _printf_lc                               0x00000000   Number         0  printfstubs.o ABSOLUTE
    _printf_ll                               0x00000000   Number         0  printfstubs.o ABSOLUTE
    _printf_lld                              0x00000000   Number         0  printfstubs.o ABSOLUTE
    _printf_lli                              0x00000000   Number         0  printfstubs.o ABSOLUTE
    _printf_llo                              0x00000000   Number         0  printfstubs.o ABSOLUTE
    _printf_llu                              0x00000000   Number         0  printfstubs.o ABSOLUTE
    _printf_llx                              0x00000000   Number         0  printfstubs.o ABSOLUTE
    _printf_longlong_dec                     0x00000000   Number         0  printfstubs.o ABSOLUTE
    _printf_longlong_hex                     0x00000000   Number         0  printfstubs.o ABSOLUTE
    _printf_longlong_oct                     0x00000000   Number         0  printfstubs.o ABSOLUTE
    _printf_ls                               0x00000000   Number         0  printfstubs.o ABSOLUTE
    _printf_mbtowc                           0x00000000   Number         0  printfstubs.o ABSOLUTE
    _printf_n                                0x00000000   Number         0  printfstubs.o ABSOLUTE
    _printf_o                                0x00000000   Number         0  printfstubs.o ABSOLUTE
    _printf_p                                0x00000000   Number         0  printfstubs.o ABSOLUTE
    _printf_percent                          0x00000000   Number         0  printfstubs.o ABSOLUTE
    _printf_pre_padding                      0x00000000   Number         0  printfstubs.o ABSOLUTE
    _printf_return_value                     0x00000000   Number         0  printfstubs.o ABSOLUTE
    _printf_s                                0x00000000   Number         0  printfstubs.o ABSOLUTE
    _printf_sizespec                         0x00000000   Number         0  printfstubs.o ABSOLUTE
    _printf_str                              0x00000000   Number         0  printfstubs.o ABSOLUTE
    _printf_truncate_signed                  0x00000000   Number         0  printfstubs.o ABSOLUTE
    _printf_truncate_unsigned                0x00000000   Number         0  printfstubs.o ABSOLUTE
    _printf_u                                0x00000000   Number         0  printfstubs.o ABSOLUTE
    _printf_wc                               0x00000000   Number         0  printfstubs.o ABSOLUTE
    _printf_wctomb                           0x00000000   Number         0  printfstubs.o ABSOLUTE
    _printf_widthprec                        0x00000000   Number         0  printfstubs.o ABSOLUTE
    _printf_x                                0x00000000   Number         0  printfstubs.o ABSOLUTE
    __cpp_initialize__aeabi_                  - Undefined Weak Reference
    __cxa_finalize                            - Undefined Weak Reference
    __decompress                              - Undefined Weak Reference
    _clock_init                               - Undefined Weak Reference
    _microlib_exit                            - Undefined Weak Reference
    __Vectors_Size                           0x000000b4   Number         0  startup_stm32f030x8.o ABSOLUTE
    __Vectors                                0x08000000   Data           4  startup_stm32f030x8.o(RESET)
    __Vectors_End                            0x080000b4   Data           0  startup_stm32f030x8.o(RESET)
    __main                                   0x080000b5   Thumb Code     0  entry.o(.ARM.Collect$$$$00000000)
    _main_stk                                0x080000b5   Thumb Code     0  entry2.o(.ARM.Collect$$$$00000001)
    _main_scatterload                        0x080000b9   Thumb Code     0  entry5.o(.ARM.Collect$$$$00000004)
    __main_after_scatterload                 0x080000bd   Thumb Code     0  entry5.o(.ARM.Collect$$$$00000004)
    _main_clock                              0x080000bd   Thumb Code     0  entry7b.o(.ARM.Collect$$$$00000008)
    _main_cpp_init                           0x080000bd   Thumb Code     0  entry8b.o(.ARM.Collect$$$$0000000A)
    _main_init                               0x080000bd   Thumb Code     0  entry9a.o(.ARM.Collect$$$$0000000B)
    __rt_final_cpp                           0x080000c5   Thumb Code     0  entry10a.o(.ARM.Collect$$$$0000000D)
    __rt_final_exit                          0x080000c5   Thumb Code     0  entry11a.o(.ARM.Collect$$$$0000000F)
    Reset_Handler                            0x080000c9   Thumb Code     8  startup_stm32f030x8.o(.text)
    ADC1_IRQHandler                          0x080000db   Thumb Code     0  startup_stm32f030x8.o(.text)
    DMA1_Channel1_IRQHandler                 0x080000db   Thumb Code     0  startup_stm32f030x8.o(.text)
    DMA1_Channel2_3_IRQHandler               0x080000db   Thumb Code     0  startup_stm32f030x8.o(.text)
    DMA1_Channel4_5_IRQHandler               0x080000db   Thumb Code     0  startup_stm32f030x8.o(.text)
    EXTI0_1_IRQHandler                       0x080000db   Thumb Code     0  startup_stm32f030x8.o(.text)
    EXTI2_3_IRQHandler                       0x080000db   Thumb Code     0  startup_stm32f030x8.o(.text)
    EXTI4_15_IRQHandler                      0x080000db   Thumb Code     0  startup_stm32f030x8.o(.text)
    FLASH_IRQHandler                         0x080000db   Thumb Code     0  startup_stm32f030x8.o(.text)
    I2C1_IRQHandler                          0x080000db   Thumb Code     0  startup_stm32f030x8.o(.text)
    I2C2_IRQHandler                          0x080000db   Thumb Code     0  startup_stm32f030x8.o(.text)
    RCC_IRQHandler                           0x080000db   Thumb Code     0  startup_stm32f030x8.o(.text)
    RTC_IRQHandler                           0x080000db   Thumb Code     0  startup_stm32f030x8.o(.text)
    SPI1_IRQHandler                          0x080000db   Thumb Code     0  startup_stm32f030x8.o(.text)
    SPI2_IRQHandler                          0x080000db   Thumb Code     0  startup_stm32f030x8.o(.text)
    TIM14_IRQHandler                         0x080000db   Thumb Code     0  startup_stm32f030x8.o(.text)
    TIM15_IRQHandler                         0x080000db   Thumb Code     0  startup_stm32f030x8.o(.text)
    TIM16_IRQHandler                         0x080000db   Thumb Code     0  startup_stm32f030x8.o(.text)
    TIM17_IRQHandler                         0x080000db   Thumb Code     0  startup_stm32f030x8.o(.text)
    TIM1_BRK_UP_TRG_COM_IRQHandler           0x080000db   Thumb Code     0  startup_stm32f030x8.o(.text)
    TIM1_CC_IRQHandler                       0x080000db   Thumb Code     0  startup_stm32f030x8.o(.text)
    TIM3_IRQHandler                          0x080000db   Thumb Code     0  startup_stm32f030x8.o(.text)
    TIM6_IRQHandler                          0x080000db   Thumb Code     0  startup_stm32f030x8.o(.text)
    USART2_IRQHandler                        0x080000db   Thumb Code     0  startup_stm32f030x8.o(.text)
    WWDG_IRQHandler                          0x080000db   Thumb Code     0  startup_stm32f030x8.o(.text)
    __scatterload                            0x080000e5   Thumb Code    28  init.o(.text)
    __scatterload_rt2                        0x080000e5   Thumb Code     0  init.o(.text)
    __aeabi_uidiv                            0x08000109   Thumb Code     0  uidiv_div0.o(.text)
    __aeabi_uidivmod                         0x08000109   Thumb Code    62  uidiv_div0.o(.text)
    __aeabi_memset                           0x08000147   Thumb Code    14  memseta.o(.text)
    __aeabi_memset4                          0x08000147   Thumb Code     0  memseta.o(.text)
    __aeabi_memset8                          0x08000147   Thumb Code     0  memseta.o(.text)
    __aeabi_memclr                           0x08000155   Thumb Code     4  memseta.o(.text)
    __aeabi_memclr4                          0x08000155   Thumb Code     0  memseta.o(.text)
    __aeabi_memclr8                          0x08000155   Thumb Code     0  memseta.o(.text)
    _memset$wrapper                          0x08000159   Thumb Code    18  memseta.o(.text)
    HardFault_Handler                        0x08001021   Thumb Code     2  lto-llvm-b63257.o(.text.HardFault_Handler)
    NMI_Handler                              0x08001023   Thumb Code     2  lto-llvm-b63257.o(.text.NMI_Handler)
    PendSV_Handler                           0x08001025   Thumb Code     2  lto-llvm-b63257.o(.text.PendSV_Handler)
    SVC_Handler                              0x08001075   Thumb Code     2  lto-llvm-b63257.o(.text.SVC_Handler)
    SysTick_Handler                          0x08001079   Thumb Code    92  lto-llvm-b63257.o(.text.SysTick_Handler)
    SystemInit                               0x080010d9   Thumb Code     2  lto-llvm-b63257.o(.text.SystemInit)
    USART1_IRQHandler                        0x0800177d   Thumb Code   856  lto-llvm-b63257.o(.text.USART1_IRQHandler)
    main                                     0x08001b29   Thumb Code  3184  lto-llvm-b63257.o(.text.main)
    __scatterload_copy                       0x08002919   Thumb Code    14  handlers.o(i.__scatterload_copy)
    __scatterload_null                       0x08002927   Thumb Code     2  handlers.o(i.__scatterload_null)
    __scatterload_zeroinit                   0x08002929   Thumb Code    14  handlers.o(i.__scatterload_zeroinit)
    Region$$Table$$Base                      0x08002b70   Number         0  anon$$obj.o(Region$$Table)
    Region$$Table$$Limit                     0x08002b90   Number         0  anon$$obj.o(Region$$Table)
    __initial_sp                             0x20000d20   Data           0  startup_stm32f030x8.o(STACK)



==============================================================================

Memory Map of the image

  Image Entry point : 0x080000b5

  Load Region LR_IROM1 (Base: 0x08000000, Size: 0x00002bb8, Max: 0x00010000, ABSOLUTE)

    Execution Region ER_IROM1 (Exec base: 0x08000000, Load base: 0x08000000, Size: 0x00002b90, Max: 0x00010000, ABSOLUTE)

    Exec Addr    Load Addr    Size         Type   Attr      Idx    E Section Name        Object

    0x08000000   0x08000000   0x000000b4   Data   RO            3    RESET               startup_stm32f030x8.o
    0x080000b4   0x080000b4   0x00000000   Code   RO           35  * .ARM.Collect$$$$00000000  mc_p.l(entry.o)
    0x080000b4   0x080000b4   0x00000004   Code   RO          333    .ARM.Collect$$$$00000001  mc_p.l(entry2.o)
    0x080000b8   0x080000b8   0x00000004   Code   RO          336    .ARM.Collect$$$$00000004  mc_p.l(entry5.o)
    0x080000bc   0x080000bc   0x00000000   Code   RO          338    .ARM.Collect$$$$00000008  mc_p.l(entry7b.o)
    0x080000bc   0x080000bc   0x00000000   Code   RO          340    .ARM.Collect$$$$0000000A  mc_p.l(entry8b.o)
    0x080000bc   0x080000bc   0x00000008   Code   RO          341    .ARM.Collect$$$$0000000B  mc_p.l(entry9a.o)
    0x080000c4   0x080000c4   0x00000000   Code   RO          343    .ARM.Collect$$$$0000000D  mc_p.l(entry10a.o)
    0x080000c4   0x080000c4   0x00000000   Code   RO          345    .ARM.Collect$$$$0000000F  mc_p.l(entry11a.o)
    0x080000c4   0x080000c4   0x00000004   Code   RO          334    .ARM.Collect$$$$00002712  mc_p.l(entry2.o)
    0x080000c8   0x080000c8   0x0000001c   Code   RO            4    .text               startup_stm32f030x8.o
    0x080000e4   0x080000e4   0x00000024   Code   RO          375    .text               mc_p.l(init.o)
    0x08000108   0x08000108   0x0000003e   Code   RO          380    .text               mc_p.l(uidiv_div0.o)
    0x08000146   0x08000146   0x00000024   Code   RO          513    .text               mc_p.l(memseta.o)
    0x0800016a   0x0800016a   0x00000002   PAD
    0x0800016c   0x0800016c   0x0000006c   Code   RO          406    .text.BINARY_Listener  lto-llvm-b63257.o
    0x080001d8   0x080001d8   0x00000104   Code   RO          402    .text.Error_Handler  lto-llvm-b63257.o
    0x080002dc   0x080002dc   0x0000003a   Code   RO          444    .text.HAL_DMA_Abort  lto-llvm-b63257.o
    0x08000316   0x08000316   0x00000002   PAD
    0x08000318   0x08000318   0x000000f0   Code   RO          442    .text.HAL_GPIO_DeInit  lto-llvm-b63257.o
    0x08000408   0x08000408   0x000001b0   Code   RO          440    .text.HAL_GPIO_Init  lto-llvm-b63257.o
    0x080005b8   0x080005b8   0x0000004c   Code   RO          438    .text.HAL_InitTick  lto-llvm-b63257.o
    0x08000604   0x08000604   0x00000064   Code   RO          436    .text.HAL_RCC_GetSysClockFreq  lto-llvm-b63257.o
    0x08000668   0x08000668   0x0000004c   Code   RO          458    .text.HAL_TIMEx_MasterConfigSynchronization  lto-llvm-b63257.o
    0x080006b4   0x080006b4   0x00000084   Code   RO          446    .text.HAL_TIM_Base_Init  lto-llvm-b63257.o
    0x08000738   0x08000738   0x0000014c   Code   RO          456    .text.HAL_TIM_ConfigClockSource  lto-llvm-b63257.o
    0x08000884   0x08000884   0x000000ac   Code   RO          426    .text.HAL_TIM_MspPostInit  lto-llvm-b63257.o
    0x08000930   0x08000930   0x0000027c   Code   RO          454    .text.HAL_TIM_PWM_ConfigChannel  lto-llvm-b63257.o
    0x08000bac   0x08000bac   0x00000042   Code   RO          450    .text.HAL_TIM_PWM_Init  lto-llvm-b63257.o
    0x08000bee   0x08000bee   0x00000002   PAD
    0x08000bf0   0x08000bf0   0x000000ac   Code   RO          452    .text.HAL_TIM_PWM_Start  lto-llvm-b63257.o
    0x08000c9c   0x08000c9c   0x000000c4   Code   RO          412    .text.HAL_UART_ErrorCallback  lto-llvm-b63257.o
    0x08000d60   0x08000d60   0x000000fc   Code   RO          464    .text.HAL_UART_Receive_IT  lto-llvm-b63257.o
    0x08000e5c   0x08000e5c   0x000001c4   Code   RO          410    .text.HAL_UART_RxCpltCallback  lto-llvm-b63257.o
    0x08001020   0x08001020   0x00000002   Code   RO          416    .text.HardFault_Handler  lto-llvm-b63257.o
    0x08001022   0x08001022   0x00000002   Code   RO          414    .text.NMI_Handler   lto-llvm-b63257.o
    0x08001024   0x08001024   0x00000002   Code   RO          420    .text.PendSV_Handler  lto-llvm-b63257.o
    0x08001026   0x08001026   0x00000002   PAD
    0x08001028   0x08001028   0x0000004c   Code   RO          404    .text.STATUS_Listener  lto-llvm-b63257.o
    0x08001074   0x08001074   0x00000002   Code   RO          418    .text.SVC_Handler   lto-llvm-b63257.o
    0x08001076   0x08001076   0x00000002   PAD
    0x08001078   0x08001078   0x00000060   Code   RO          422    .text.SysTick_Handler  lto-llvm-b63257.o
    0x080010d8   0x080010d8   0x00000002   Code   RO          472    .text.SystemInit    lto-llvm-b63257.o
    0x080010da   0x080010da   0x00000002   PAD
    0x080010dc   0x080010dc   0x00000048   Code   RO          428    .text.TF_AddTypeListener  lto-llvm-b63257.o
    0x08001124   0x08001124   0x00000124   Code   RO          432    .text.TF_HandleReceivedMessage  lto-llvm-b63257.o
    0x08001248   0x08001248   0x0000013c   Code   RO          434    .text.TF_Respond    lto-llvm-b63257.o
    0x08001384   0x08001384   0x000000d4   Code   RO          408    .text.TF_WriteImpl  lto-llvm-b63257.o
    0x08001458   0x08001458   0x000000b0   Code   RO          448    .text.TIM_Base_SetConfig  lto-llvm-b63257.o
    0x08001508   0x08001508   0x00000016   Code   RO          470    .text.UART_DMAAbortOnError  lto-llvm-b63257.o
    0x0800151e   0x0800151e   0x0000005a   Code   RO          462    .text.UART_EndRxTransfer  lto-llvm-b63257.o
    0x08001578   0x08001578   0x000000c0   Code   RO          468    .text.UART_RxISR_16BIT  lto-llvm-b63257.o
    0x08001638   0x08001638   0x000000c2   Code   RO          466    .text.UART_RxISR_8BIT  lto-llvm-b63257.o
    0x080016fa   0x080016fa   0x00000002   PAD
    0x080016fc   0x080016fc   0x00000080   Code   RO          460    .text.UART_WaitOnFlagUntilTimeout  lto-llvm-b63257.o
    0x0800177c   0x0800177c   0x00000368   Code   RO          424    .text.USART1_IRQHandler  lto-llvm-b63257.o
    0x08001ae4   0x08001ae4   0x00000044   Code   RO          430    .text.cleanup_id_listener  lto-llvm-b63257.o
    0x08001b28   0x08001b28   0x00000ce8   Code   RO          400    .text.main          lto-llvm-b63257.o
    0x08002810   0x08002810   0x00000108   Code   RO          398    .text.relay_update  lto-llvm-b63257.o
    0x08002918   0x08002918   0x0000000e   Code   RO          517    i.__scatterload_copy  mc_p.l(handlers.o)
    0x08002926   0x08002926   0x00000002   Code   RO          518    i.__scatterload_null  mc_p.l(handlers.o)
    0x08002928   0x08002928   0x0000000e   Code   RO          519    i.__scatterload_zeroinit  mc_p.l(handlers.o)
    0x08002936   0x08002936   0x00000200   Data   RO          502    .rodata.crc16_table  lto-llvm-b63257.o
    0x08002b36   0x08002b36   0x00000010   Data   RO          475    .rodata.cst16       lto-llvm-b63257.o
    0x08002b46   0x08002b46   0x00000002   PAD
    0x08002b48   0x08002b48   0x00000020   Data   RO          474    .rodata.cst32       lto-llvm-b63257.o
    0x08002b68   0x08002b68   0x00000008   Data   RO          505    .rodata.cst8        lto-llvm-b63257.o
    0x08002b70   0x08002b70   0x00000020   Data   RO          516    Region$$Table       anon$$obj.o


    Execution Region RW_IRAM1 (Exec base: 0x20000000, Load base: 0x08002b90, Size: 0x00000d20, Max: 0x00002000, ABSOLUTE)

    Exec Addr    Load Addr    Size         Type   Attr      Idx    E Section Name        Object

    0x20000000   0x08002b90   0x00000004   Data   RW          504    .data.SystemCoreClock  lto-llvm-b63257.o
    0x20000004   0x08002b94   0x00000020   Data   RW          492    .data.relay_update.pwm_duty_cycle  lto-llvm-b63257.o
    0x20000024   0x08002bb4   0x00000001   Data   RW          476    .data.selected_channel  lto-llvm-b63257.o
    0x20000025   0x08002bb5   0x00000003   PAD
    0x20000028        -       0x00000001   Zero   RW          484    .bss.button_onoff_prev  lto-llvm-b63257.o
    0x20000029        -       0x00000001   Zero   RW          483    .bss.button_select_prev  lto-llvm-b63257.o
    0x2000002a        -       0x00000001   Zero   RW          480    .bss.error_state    lto-llvm-b63257.o
    0x2000002b   0x08002bb5   0x00000001   PAD
    0x2000002c        -       0x0000001c   Zero   RW          498    .bss.hcrc           lto-llvm-b63257.o
    0x20000048        -       0x00000054   Zero   RW          499    .bss.hi2c1          lto-llvm-b63257.o
    0x2000009c        -       0x00000048   Zero   RW          493    .bss.htim1          lto-llvm-b63257.o
    0x200000e4        -       0x00000048   Zero   RW          494    .bss.htim3          lto-llvm-b63257.o
    0x2000012c        -       0x00000088   Zero   RW          501    .bss.huart1         lto-llvm-b63257.o
    0x200001b4        -       0x00000001   Zero   RW          487    .bss.init_tf        lto-llvm-b63257.o
    0x200001b5   0x08002bb5   0x00000003   PAD
    0x200001b8        -       0x00000004   Zero   RW          481    .bss.last_press_time  lto-llvm-b63257.o
    0x200001bc        -       0x00000004   Zero   RW          482    .bss.last_toggle_time  lto-llvm-b63257.o
    0x200001c0        -       0x00000001   Zero   RW          477    .bss.menu_activ     lto-llvm-b63257.o
    0x200001c1   0x08002bb5   0x00000003   PAD
    0x200001c4        -       0x00000004   Zero   RW          478    .bss.menu_timer     lto-llvm-b63257.o
    0x200001c8        -       0x00000001   Zero   RW          497    .bss.rec            lto-llvm-b63257.o
    0x200001c9   0x08002bb5   0x00000001   PAD
    0x200001ca        -       0x00000002   Zero   RW          489    .bss.rel_end        lto-llvm-b63257.o
    0x200001cc        -       0x00000002   Zero   RW          488    .bss.rel_start      lto-llvm-b63257.o
    0x200001ce        -       0x00000008   Zero   RW          486    .bss.relay_old_states  lto-llvm-b63257.o
    0x200001d6        -       0x00000008   Zero   RW          485    .bss.relay_states   lto-llvm-b63257.o
    0x200001de   0x08002bb5   0x00000002   PAD
    0x200001e0        -       0x00000020   Zero   RW          491    .bss.relay_update.last_change_time  lto-llvm-b63257.o
    0x20000200        -       0x00000020   Zero   RW          490    .bss.relay_update.last_state  lto-llvm-b63257.o
    0x20000220        -       0x00000004   Zero   RW          495    .bss.set_relay.set_tmr  lto-llvm-b63257.o
    0x20000224        -       0x000006f0   Zero   RW          496    .bss.tfapp          lto-llvm-b63257.o
    0x20000914        -       0x00000001   Zero   RW          479    .bss.toggle_state   lto-llvm-b63257.o
    0x20000915   0x08002bb5   0x00000003   PAD
    0x20000918        -       0x00000004   Zero   RW          503    .bss.uwTick         lto-llvm-b63257.o
    0x2000091c   0x08002bb5   0x00000004   PAD
    0x20000920        -       0x00000400   Zero   RW            1    STACK               startup_stm32f030x8.o


==============================================================================

Image component sizes


      Code (inc. data)   RO Data    RW Data    ZI Data      Debug   Object Name

     10144        754        568         37       2279      81975   lto-llvm-b63257.o
        28          8        180          0       1024        624   startup_stm32f030x8.o

    ----------------------------------------------------------------------
     10184        762        782         40       3320      82599   Object Totals
         0          0         32          0          0          0   (incl. Generated)
        12          0          2          3         17          0   (incl. Padding)

    ----------------------------------------------------------------------

      Code (inc. data)   RO Data    RW Data    ZI Data      Debug   Library Member Name

         0          0          0          0          0          0   entry.o
         0          0          0          0          0          0   entry10a.o
         0          0          0          0          0          0   entry11a.o
         8          4          0          0          0          0   entry2.o
         4          0          0          0          0          0   entry5.o
         0          0          0          0          0          0   entry7b.o
         0          0          0          0          0          0   entry8b.o
         8          4          0          0          0          0   entry9a.o
        30          0          0          0          0          0   handlers.o
        36          8          0          0          0         68   init.o
        36          0          0          0          0        100   memseta.o
        62          0          0          0          0         72   uidiv_div0.o

    ----------------------------------------------------------------------
       186         16          0          0          0        240   Library Totals
         2          0          0          0          0          0   (incl. Padding)

    ----------------------------------------------------------------------

      Code (inc. data)   RO Data    RW Data    ZI Data      Debug   Library Name

       184         16          0          0          0        240   mc_p.l

    ----------------------------------------------------------------------
       186         16          0          0          0        240   Library Totals

    ----------------------------------------------------------------------

==============================================================================


      Code (inc. data)   RO Data    RW Data    ZI Data      Debug   

     10370        778        782         40       3320      82991   Grand Totals
     10370        778        782         40       3320      82991   ELF Image Totals
     10370        778        782         40          0          0   ROM Totals

==============================================================================

    Total RO  Size (Code + RO Data)                11152 (  10.89kB)
    Total RW  Size (RW Data + ZI Data)              3360 (   3.28kB)
    Total ROM Size (Code + RO Data + RW Data)      11192 (  10.93kB)

==============================================================================

