Component: Arm Compiler for Embedded 6.19 Tool: armlink [5e73cb00]

==============================================================================

Section Cross References

    startup_stm32f030x8.o(RESET) refers to startup_stm32f030x8.o(STACK) for __initial_sp
    startup_stm32f030x8.o(RESET) refers to startup_stm32f030x8.o(.text) for Reset_Handler
    startup_stm32f030x8.o(RESET) refers to lto-llvm-1a5717.o(.text.NMI_Handler) for NMI_Handler
    startup_stm32f030x8.o(RESET) refers to lto-llvm-1a5717.o(.text.HardFault_Handler) for HardFault_Handler
    startup_stm32f030x8.o(RESET) refers to lto-llvm-1a5717.o(.text.SVC_Handler) for SVC_Handler
    startup_stm32f030x8.o(RESET) refers to lto-llvm-1a5717.o(.text.PendSV_Handler) for PendSV_Handler
    startup_stm32f030x8.o(RESET) refers to lto-llvm-1a5717.o(.text.SysTick_Handler) for SysTick_Handler
    startup_stm32f030x8.o(RESET) refers to lto-llvm-1a5717.o(.text.USART1_IRQHandler) for USART1_IRQHandler
    startup_stm32f030x8.o(.text) refers to lto-llvm-1a5717.o(.text.SystemInit) for SystemInit
    startup_stm32f030x8.o(.text) refers to entry.o(.ARM.Collect$$$$00000000) for __main
    entry.o(.ARM.Collect$$$$00000000) refers (Special) to entry10a.o(.ARM.Collect$$$$0000000D) for __rt_final_cpp
    entry.o(.ARM.Collect$$$$00000000) refers (Special) to entry11a.o(.ARM.Collect$$$$0000000F) for __rt_final_exit
    entry.o(.ARM.Collect$$$$00000000) refers (Special) to entry7b.o(.ARM.Collect$$$$00000008) for _main_clock
    entry.o(.ARM.Collect$$$$00000000) refers (Special) to entry8b.o(.ARM.Collect$$$$0000000A) for _main_cpp_init
    entry.o(.ARM.Collect$$$$00000000) refers (Special) to entry9a.o(.ARM.Collect$$$$0000000B) for _main_init
    entry.o(.ARM.Collect$$$$00000000) refers (Special) to entry5.o(.ARM.Collect$$$$00000004) for _main_scatterload
    entry.o(.ARM.Collect$$$$00000000) refers (Special) to entry2.o(.ARM.Collect$$$$00000001) for _main_stk
    puts.o(i.puts) refers to fputc.o(i.fputc) for fputc
    puts.o(i.puts) refers to stdout.o(.data) for __stdout
    putchar.o(i.putchar) refers to fputc.o(i.fputc) for fputc
    putchar.o(i.putchar) refers to stdout.o(.data) for __stdout
    puts_e.o(.text) refers to fputc.o(i.fputc) for fputc
    puts_e.o(.text) refers to stdout.o(.data) for __stdout
    printfb.o(i.__0fprintf$bare) refers to printfb.o(i._printf_core) for _printf_core
    printfb.o(i.__0fprintf$bare) refers to fputc.o(i.fputc) for fputc
    printfb.o(i.__0printf$bare) refers to printfb.o(i._printf_core) for _printf_core
    printfb.o(i.__0printf$bare) refers to fputc.o(i.fputc) for fputc
    printfb.o(i.__0printf$bare) refers to stdout.o(.data) for __stdout
    printfb.o(i.__0snprintf$bare) refers to printfb.o(i._printf_core) for _printf_core
    printfb.o(i.__0snprintf$bare) refers to printfb.o(i._snputc) for _snputc
    printfb.o(i.__0sprintf$bare) refers to printfb.o(i._printf_core) for _printf_core
    printfb.o(i.__0sprintf$bare) refers to printfb.o(i._sputc) for _sputc
    printfb.o(i.__0vfprintf$bare) refers to printfb.o(i._printf_core) for _printf_core
    printfb.o(i.__0vfprintf$bare) refers to fputc.o(i.fputc) for fputc
    printfb.o(i.__0vprintf$bare) refers to printfb.o(i._printf_core) for _printf_core
    printfb.o(i.__0vprintf$bare) refers to fputc.o(i.fputc) for fputc
    printfb.o(i.__0vprintf$bare) refers to stdout.o(.data) for __stdout
    printfb.o(i.__0vsnprintf$bare) refers to printfb.o(i._printf_core) for _printf_core
    printfb.o(i.__0vsnprintf$bare) refers to printfb.o(i._snputc) for _snputc
    printfb.o(i.__0vsprintf$bare) refers to printfb.o(i._printf_core) for _printf_core
    printfb.o(i.__0vsprintf$bare) refers to printfb.o(i._sputc) for _sputc
    printf0.o(i.__0fprintf$0) refers to printf0.o(i._printf_core) for _printf_core
    printf0.o(i.__0fprintf$0) refers to fputc.o(i.fputc) for fputc
    printf0.o(i.__0printf$0) refers to printf0.o(i._printf_core) for _printf_core
    printf0.o(i.__0printf$0) refers to fputc.o(i.fputc) for fputc
    printf0.o(i.__0printf$0) refers to stdout.o(.data) for __stdout
    printf0.o(i.__0snprintf$0) refers to printf0.o(i._printf_core) for _printf_core
    printf0.o(i.__0snprintf$0) refers to printf0.o(i._snputc) for _snputc
    printf0.o(i.__0sprintf$0) refers to printf0.o(i._printf_core) for _printf_core
    printf0.o(i.__0sprintf$0) refers to printf0.o(i._sputc) for _sputc
    printf0.o(i.__0vfprintf$0) refers to printf0.o(i._printf_core) for _printf_core
    printf0.o(i.__0vfprintf$0) refers to fputc.o(i.fputc) for fputc
    printf0.o(i.__0vprintf$0) refers to printf0.o(i._printf_core) for _printf_core
    printf0.o(i.__0vprintf$0) refers to fputc.o(i.fputc) for fputc
    printf0.o(i.__0vprintf$0) refers to stdout.o(.data) for __stdout
    printf0.o(i.__0vsnprintf$0) refers to printf0.o(i._printf_core) for _printf_core
    printf0.o(i.__0vsnprintf$0) refers to printf0.o(i._snputc) for _snputc
    printf0.o(i.__0vsprintf$0) refers to printf0.o(i._printf_core) for _printf_core
[...]
    lto-llvm-1a5717.o(.text.main) refers to lto-llvm-1a5717.o(.bss.hcrc) for [Anonymous Symbol]
    lto-llvm-1a5717.o(.text.main) refers to lto-llvm-1a5717.o(.bss.htim1) for [Anonymous Symbol]
    lto-llvm-1a5717.o(.text.main) refers to lto-llvm-1a5717.o(.bss.htim3) for [Anonymous Symbol]
    lto-llvm-1a5717.o(.text.main) refers to lto-llvm-1a5717.o(.rodata.cst16) for [Anonymous Symbol]
    lto-llvm-1a5717.o(.text.main) refers to lto-llvm-1a5717.o(.text.HAL_GPIO_Init) for HAL_GPIO_Init
    lto-llvm-1a5717.o(.text.main) refers to lto-llvm-1a5717.o(.text.HAL_GPIO_DeInit) for HAL_GPIO_DeInit
    lto-llvm-1a5717.o(.text.main) refers to lto-llvm-1a5717.o(.bss.hi2c1) for [Anonymous Symbol]
    lto-llvm-1a5717.o(.text.main) refers to lto-llvm-1a5717.o(.text.HAL_TIM_Base_Init) for HAL_TIM_Base_Init
    lto-llvm-1a5717.o(.text.main) refers to lto-llvm-1a5717.o(.text.HAL_TIM_ConfigClockSource) for HAL_TIM_ConfigClockSource
    lto-llvm-1a5717.o(.text.main) refers to lto-llvm-1a5717.o(.text.HAL_TIM_PWM_Init) for HAL_TIM_PWM_Init
    lto-llvm-1a5717.o(.text.main) refers to lto-llvm-1a5717.o(.text.HAL_TIMEx_MasterConfigSynchronization) for HAL_TIMEx_MasterConfigSynchronization
    lto-llvm-1a5717.o(.text.main) refers to lto-llvm-1a5717.o(.text.HAL_TIM_PWM_ConfigChannel) for HAL_TIM_PWM_ConfigChannel
    lto-llvm-1a5717.o(.text.main) refers to lto-llvm-1a5717.o(.text.HAL_TIMEx_ConfigBreakDeadTime) for HAL_TIMEx_ConfigBreakDeadTime
    lto-llvm-1a5717.o(.text.main) refers to lto-llvm-1a5717.o(.text.HAL_TIM_PWM_Start) for HAL_TIM_PWM_Start
    lto-llvm-1a5717.o(.text.main) refers to lto-llvm-1a5717.o(.text.HAL_TIM_MspPostInit) for HAL_TIM_MspPostInit
    lto-llvm-1a5717.o(.text.main) refers to lto-llvm-1a5717.o(.text.HAL_RS485Ex_Init) for HAL_RS485Ex_Init
    lto-llvm-1a5717.o(.text.main) refers to memseta.o(.text) for __aeabi_memclr4
    lto-llvm-1a5717.o(.text.main) refers to lto-llvm-1a5717.o(.text.TF_AddTypeListener) for TF_AddTypeListener
    lto-llvm-1a5717.o(.text.main) refers to lto-llvm-1a5717.o(.text.HAL_UART_Receive_IT) for HAL_UART_Receive_IT
    lto-llvm-1a5717.o(.text.main) refers to lto-llvm-1a5717.o(.text.start_effect) for start_effect
    lto-llvm-1a5717.o(.text.main) refers to lto-llvm-1a5717.o(.text.get_address) for get_address
    lto-llvm-1a5717.o(.text.main) refers to lto-llvm-1a5717.o(.bss.huart1) for [Anonymous Symbol]
    lto-llvm-1a5717.o(.text.main) refers to lto-llvm-1a5717.o(.bss.init_tf) for [Anonymous Symbol]
    lto-llvm-1a5717.o(.text.main) refers to lto-llvm-1a5717.o(.bss.tfapp) for [Anonymous Symbol]
    lto-llvm-1a5717.o(.text.main) refers to lto-llvm-1a5717.o(.text.BINARY_GET_Listener) for BINARY_GET_Listener
    lto-llvm-1a5717.o(.text.main) refers to lto-llvm-1a5717.o(.text.BINARY_SET_Listener) for BINARY_SET_Listener
    lto-llvm-1a5717.o(.text.main) refers to lto-llvm-1a5717.o(.text.BINARY_RESET_Listener) for BINARY_RESET_Listener
    lto-llvm-1a5717.o(.text.main) refers to lto-llvm-1a5717.o(.bss.restart) for [Anonymous Symbol]
    lto-llvm-1a5717.o(.text.main) refers to lto-llvm-1a5717.o(.bss.button_select_prev) for [Anonymous Symbol]
    lto-llvm-1a5717.o(.text.main) refers to lto-llvm-1a5717.o(.bss.error_state) for [Anonymous Symbol]
    lto-llvm-1a5717.o(.text.main) refers to lto-llvm-1a5717.o(.bss.last_press_time) for [Anonymous Symbol]
    lto-llvm-1a5717.o(.text.main) refers to lto-llvm-1a5717.o(.bss.relay_states) for [Anonymous Symbol]
    lto-llvm-1a5717.o(.text.main) refers to lto-llvm-1a5717.o(.bss.button_onoff_prev) for [Anonymous Symbol]
    lto-llvm-1a5717.o(.text.main) refers to lto-llvm-1a5717.o(.bss.menu_activ) for [Anonymous Symbol]
    lto-llvm-1a5717.o(.text.main) refers to lto-llvm-1a5717.o(.bss.menu_timer) for [Anonymous Symbol]
    lto-llvm-1a5717.o(.text.main) refers to lto-llvm-1a5717.o(.text.relay_update) for relay_update
    lto-llvm-1a5717.o(.text.main) refers to lto-llvm-1a5717.o(.bss.toggle_state) for [Anonymous Symbol]
    lto-llvm-1a5717.o(.text.main) refers to lto-llvm-1a5717.o(.data.selected_channel) for [Anonymous Symbol]
    lto-llvm-1a5717.o(.text.main) refers to lto-llvm-1a5717.o(.bss.last_toggle_time) for [Anonymous Symbol]
    lto-llvm-1a5717.o(.text.main) refers to lto-llvm-1a5717.o(.bss.relay_old_states.0) for [Anonymous Symbol]
    lto-llvm-1a5717.o(.text.main) refers to lto-llvm-1a5717.o(.bss.set_relay.set_tmr) for [Anonymous Symbol]
    lto-llvm-1a5717.o(.text.main) refers to lto-llvm-1a5717.o(.bss.relay_old_states.1) for [Anonymous Symbol]
    lto-llvm-1a5717.o(.text.main) refers to lto-llvm-1a5717.o(.bss.relay_old_states.2) for [Anonymous Symbol]
    lto-llvm-1a5717.o(.text.main) refers to lto-llvm-1a5717.o(.bss.relay_old_states.3) for [Anonymous Symbol]
    lto-llvm-1a5717.o(.text.main) refers to lto-llvm-1a5717.o(.bss.relay_old_states.4) for [Anonymous Symbol]
    lto-llvm-1a5717.o(.text.main) refers to lto-llvm-1a5717.o(.bss.relay_old_states.5) for [Anonymous Symbol]
    lto-llvm-1a5717.o(.text.main) refers to lto-llvm-1a5717.o(.bss.relay_old_states.6) for [Anonymous Symbol]
    lto-llvm-1a5717.o(.text.main) refers to lto-llvm-1a5717.o(.bss.relay_old_states.7) for [Anonymous Symbol]
    lto-llvm-1a5717.o(.ARM.exidx.text.main) refers to lto-llvm-1a5717.o(.text.main) for [Anonymous Symbol]
    lto-llvm-1a5717.o(.text.BINARY_GET_Listener) refers to lto-llvm-1a5717.o(.text.TF_Respond) for TF_Respond
    lto-llvm-1a5717.o(.text.BINARY_GET_Listener) refers to lto-llvm-1a5717.o(.bss.my_address) for [Anonymous Symbol]
    lto-llvm-1a5717.o(.text.BINARY_GET_Listener) refers to lto-llvm-1a5717.o(.bss.rel_start) for [Anonymous Symbol]
    lto-llvm-1a5717.o(.text.BINARY_GET_Listener) refers to lto-llvm-1a5717.o(.bss.rel_end) for [Anonymous Symbol]
    lto-llvm-1a5717.o(.text.BINARY_GET_Listener) refers to lto-llvm-1a5717.o(.bss.relay_states) for [Anonymous Symbol]
    lto-llvm-1a5717.o(.ARM.exidx.text.BINARY_GET_Listener) refers to lto-llvm-1a5717.o(.text.BINARY_GET_Listener) for [Anonymous Symbol]
    lto-llvm-1a5717.o(.text.BINARY_SET_Listener) refers to lto-llvm-1a5717.o(.text.TF_Respond) for TF_Respond
    lto-llvm-1a5717.o(.text.BINARY_SET_Listener) refers to lto-llvm-1a5717.o(.bss.my_address) for [Anonymous Symbol]
    lto-llvm-1a5717.o(.text.BINARY_SET_Listener) refers to lto-llvm-1a5717.o(.bss.rel_start) for [Anonymous Symbol]
    lto-llvm-1a5717.o(.text.BINARY_SET_Listener) refers to lto-llvm-1a5717.o(.bss.rel_end) for [Anonymous Symbol]
    lto-llvm-1a5717.o(.text.BINARY_SET_Listener) refers to lto-llvm-1a5717.o(.bss.relay_states) for [Anonymous Symbol]
    lto-llvm-1a5717.o(.ARM.exidx.text.BINARY_SET_Listener) refers to lto-llvm-1a5717.o(.text.BINARY_SET_Listener) for [Anonymous Symbol]
    lto-llvm-1a5717.o(.text.BINARY_RESET_Listener) refers to lto-llvm-1a5717.o(.text.TF_Respond) for TF_Respond
    lto-llvm-1a5717.o(.text.BINARY_RESET_Listener) refers to lto-llvm-1a5717.o(.bss.my_address) for [Anonymous Symbol]
    lto-llvm-1a5717.o(.text.BINARY_RESET_Listener) refers to lto-llvm-1a5717.o(.bss.rel_start) for [Anonymous Symbol]
    lto-llvm-1a5717.o(.text.BINARY_RESET_Listener) refers to lto-llvm-1a5717.o(.bss.rel_end) for [Anonymous Symbol]
    lto-llvm-1a5717.o(.text.BINARY_RESET_Listener) refers to lto-llvm-1a5717.o(.bss.restart) for [Anonymous Symbol]
    lto-llvm-1a5717.o(.ARM.exidx.text.BINARY_RESET_Listener) refers to lto-llvm-1a5717.o(.text.BINARY_RESET_Listener) for [Anonymous Symbol]
    lto-llvm-1a5717.o(.text.TF_WriteImpl) refers to uidiv_div0.o(.text) for __aeabi_uidiv
    lto-llvm-1a5717.o(.text.TF_WriteImpl) refers to lto-llvm-1a5717.o(.text.HAL_UART_Receive_IT) for HAL_UART_Receive_IT
    lto-llvm-1a5717.o(.text.TF_WriteImpl) refers to lto-llvm-1a5717.o(.data.SystemCoreClock) for [Anonymous Symbol]
    lto-llvm-1a5717.o(.text.TF_WriteImpl) refers to lto-llvm-1a5717.o(.bss.huart1) for [Anonymous Symbol]
    lto-llvm-1a5717.o(.text.TF_WriteImpl) refers to lto-llvm-1a5717.o(.bss.uwTick) for [Anonymous Symbol]
    lto-llvm-1a5717.o(.ARM.exidx.text.TF_WriteImpl) refers to lto-llvm-1a5717.o(.text.TF_WriteImpl) for [Anonymous Symbol]
    lto-llvm-1a5717.o(.text.HAL_UART_RxCpltCallback) refers to lto-llvm-1a5717.o(.text.HAL_UART_Receive_IT) for HAL_UART_Receive_IT
    lto-llvm-1a5717.o(.text.HAL_UART_RxCpltCallback) refers to lto-llvm-1a5717.o(.text.TF_HandleReceivedMessage) for TF_HandleReceivedMessage
    lto-llvm-1a5717.o(.text.HAL_UART_RxCpltCallback) refers to lto-llvm-1a5717.o(.bss.tfapp) for [Anonymous Symbol]
    lto-llvm-1a5717.o(.text.HAL_UART_RxCpltCallback) refers to lto-llvm-1a5717.o(.bss.rec) for [Anonymous Symbol]
    lto-llvm-1a5717.o(.text.HAL_UART_RxCpltCallback) refers to lto-llvm-1a5717.o(.rodata.crc16_table) for [Anonymous Symbol]
    lto-llvm-1a5717.o(.ARM.exidx.text.HAL_UART_RxCpltCallback) refers to lto-llvm-1a5717.o(.text.HAL_UART_RxCpltCallback) for [Anonymous Symbol]
    lto-llvm-1a5717.o(.text.HAL_UART_ErrorCallback) refers to lto-llvm-1a5717.o(.text.HAL_UART_Receive_IT) for HAL_UART_Receive_IT
    lto-llvm-1a5717.o(.text.HAL_UART_ErrorCallback) refers to lto-llvm-1a5717.o(.bss.huart1) for [Anonymous Symbol]
    lto-llvm-1a5717.o(.ARM.exidx.text.HAL_UART_ErrorCallback) refers to lto-llvm-1a5717.o(.text.HAL_UART_ErrorCallback) for [Anonymous Symbol]
    lto-llvm-1a5717.o(.ARM.exidx.text.NMI_Handler) refers to lto-llvm-1a5717.o(.text.NMI_Handler) for [Anonymous Symbol]
    lto-llvm-1a5717.o(.ARM.exidx.text.HardFault_Handler) refers to lto-llvm-1a5717.o(.text.HardFault_Handler) for [Anonymous Symbol]
    lto-llvm-1a5717.o(.ARM.exidx.text.SVC_Handler) refers to lto-llvm-1a5717.o(.text.SVC_Handler) for [Anonymous Symbol]
    lto-llvm-1a5717.o(.ARM.exidx.text.PendSV_Handler) refers to lto-llvm-1a5717.o(.text.PendSV_Handler) for [Anonymous Symbol]
    lto-llvm-1a5717.o(.text.SysTick_Handler) refers to lto-llvm-1a5717.o(.bss.uwTick) for [Anonymous Symbol]
    lto-llvm-1a5717.o(.text.SysTick_Handler) refers to lto-llvm-1a5717.o(.bss.init_tf) for [Anonymous Symbol]
    lto-llvm-1a5717.o(.text.SysTick_Handler) refers to lto-llvm-1a5717.o(.bss.tfapp) for [Anonymous Symbol]
    lto-llvm-1a5717.o(.ARM.exidx.text.SysTick_Handler) refers to lto-llvm-1a5717.o(.text.SysTick_Handler) for [Anonymous Symbol]
    lto-llvm-1a5717.o(.text.USART1_IRQHandler) refers to lto-llvm-1a5717.o(.text.HAL_UART_ErrorCallback) for HAL_UART_ErrorCallback
    lto-llvm-1a5717.o(.text.USART1_IRQHandler) refers to lto-llvm-1a5717.o(.bss.huart1) for [Anonymous Symbol]
    lto-llvm-1a5717.o(.text.USART1_IRQHandler) refers to lto-llvm-1a5717.o(.text.UART_DMAAbortOnError) for UART_DMAAbortOnError
    lto-llvm-1a5717.o(.ARM.exidx.text.USART1_IRQHandler) refers to lto-llvm-1a5717.o(.text.USART1_IRQHandler) for [Anonymous Symbol]
    lto-llvm-1a5717.o(.text.HAL_I2C_MspDeInit) refers to lto-llvm-1a5717.o(.text.HAL_GPIO_DeInit) for HAL_GPIO_DeInit
    lto-llvm-1a5717.o(.text.HAL_I2C_MspDeInit) refers to lto-llvm-1a5717.o(.bss.hi2c1) for [Anonymous Symbol]
    lto-llvm-1a5717.o(.ARM.exidx.text.HAL_I2C_MspDeInit) refers to lto-llvm-1a5717.o(.text.HAL_I2C_MspDeInit) for [Anonymous Symbol]
    lto-llvm-1a5717.o(.text.HAL_TIM_MspPostInit) refers to lto-llvm-1a5717.o(.text.HAL_GPIO_Init) for HAL_GPIO_Init
    lto-llvm-1a5717.o(.ARM.exidx.text.HAL_TIM_MspPostInit) refers to lto-llvm-1a5717.o(.text.HAL_TIM_MspPostInit) for [Anonymous Symbol]
    lto-llvm-1a5717.o(.text.HAL_UART_MspDeInit) refers to lto-llvm-1a5717.o(.text.HAL_GPIO_DeInit) for HAL_GPIO_DeInit
    lto-llvm-1a5717.o(.text.HAL_UART_MspDeInit) refers to lto-llvm-1a5717.o(.bss.huart1) for [Anonymous Symbol]
    lto-llvm-1a5717.o(.ARM.exidx.text.HAL_UART_MspDeInit) refers to lto-llvm-1a5717.o(.text.HAL_UART_MspDeInit) for [Anonymous Symbol]
    lto-llvm-1a5717.o(.text.TF_AddTypeListener) refers to lto-llvm-1a5717.o(.bss.tfapp) for [Anonymous Symbol]
    lto-llvm-1a5717.o(.ARM.exidx.text.TF_AddTypeListener) refers to lto-llvm-1a5717.o(.text.TF_AddTypeListener) for [Anonymous Symbol]
    lto-llvm-1a5717.o(.text.TF_HandleReceivedMessage) refers to lto-llvm-1a5717.o(.bss.tfapp) for [Anonymous Symbol]
    lto-llvm-1a5717.o(.ARM.exidx.text.TF_HandleReceivedMessage) refers to lto-llvm-1a5717.o(.text.TF_HandleReceivedMessage) for [Anonymous Symbol]
    lto-llvm-1a5717.o(.text.TF_Respond) refers to lto-llvm-1a5717.o(.text.TF_WriteImpl) for TF_WriteImpl
    lto-llvm-1a5717.o(.text.TF_Respond) refers to lto-llvm-1a5717.o(.rodata.crc16_table) for [Anonymous Symbol]
    lto-llvm-1a5717.o(.ARM.exidx.text.TF_Respond) refers to lto-llvm-1a5717.o(.text.TF_Respond) for [Anonymous Symbol]
    lto-llvm-1a5717.o(.ARM.exidx.text.HAL_GPIO_Init) refers to lto-llvm-1a5717.o(.text.HAL_GPIO_Init) for [Anonymous Symbol]
    lto-llvm-1a5717.o(.ARM.exidx.text.HAL_GPIO_DeInit) refers to lto-llvm-1a5717.o(.text.HAL_GPIO_DeInit) for [Anonymous Symbol]
    lto-llvm-1a5717.o(.ARM.exidx.text.HAL_NVIC_SystemReset) refers to lto-llvm-1a5717.o(.text.HAL_NVIC_SystemReset) for [Anonymous Symbol]
    lto-llvm-1a5717.o(.ARM.exidx.text.HAL_TIM_Base_Init) refers to lto-llvm-1a5717.o(.text.HAL_TIM_Base_Init) for [Anonymous Symbol]
    lto-llvm-1a5717.o(.ARM.exidx.text.HAL_TIM_PWM_Init) refers to lto-llvm-1a5717.o(.text.HAL_TIM_PWM_Init) for [Anonymous Symbol]
    lto-llvm-1a5717.o(.ARM.exidx.text.HAL_TIM_PWM_Start) refers to lto-llvm-1a5717.o(.text.HAL_TIM_PWM_Start) for [Anonymous Symbol]
    lto-llvm-1a5717.o(.ARM.exidx.text.HAL_TIM_PWM_ConfigChannel) refers to lto-llvm-1a5717.o(.text.HAL_TIM_PWM_ConfigChannel) for [Anonymous Symbol]
    lto-llvm-1a5717.o(.ARM.exidx.text.HAL_TIM_ConfigClockSource) refers to lto-llvm-1a5717.o(.text.HAL_TIM_ConfigClockSource) for [Anonymous Symbol]
    lto-llvm-1a5717.o(.ARM.exidx.text.HAL_TIMEx_MasterConfigSynchronization) refers to lto-llvm-1a5717.o(.text.HAL_TIMEx_MasterConfigSynchronization) for [Anonymous Symbol]
    lto-llvm-1a5717.o(.text.HAL_TIMEx_ConfigBreakDeadTime) refers to lto-llvm-1a5717.o(.bss.htim1) for [Anonymous Symbol]
    lto-llvm-1a5717.o(.ARM.exidx.text.HAL_TIMEx_ConfigBreakDeadTime) refers to lto-llvm-1a5717.o(.text.HAL_TIMEx_ConfigBreakDeadTime) for [Anonymous Symbol]
    lto-llvm-1a5717.o(.text.UART_WaitOnFlagUntilTimeout) refers to lto-llvm-1a5717.o(.bss.uwTick) for [Anonymous Symbol]
    lto-llvm-1a5717.o(.ARM.exidx.text.UART_WaitOnFlagUntilTimeout) refers to lto-llvm-1a5717.o(.text.UART_WaitOnFlagUntilTimeout) for [Anonymous Symbol]
    lto-llvm-1a5717.o(.text.HAL_UART_Receive_IT) refers to lto-llvm-1a5717.o(.bss.huart1) for [Anonymous Symbol]
    lto-llvm-1a5717.o(.text.HAL_UART_Receive_IT) refers to lto-llvm-1a5717.o(.bss.rec) for [Anonymous Symbol]
    lto-llvm-1a5717.o(.text.HAL_UART_Receive_IT) refers to lto-llvm-1a5717.o(.text.UART_RxISR_8BIT) for UART_RxISR_8BIT
    lto-llvm-1a5717.o(.text.HAL_UART_Receive_IT) refers to lto-llvm-1a5717.o(.text.UART_RxISR_16BIT) for UART_RxISR_16BIT
    lto-llvm-1a5717.o(.ARM.exidx.text.HAL_UART_Receive_IT) refers to lto-llvm-1a5717.o(.text.HAL_UART_Receive_IT) for [Anonymous Symbol]
    lto-llvm-1a5717.o(.text.UART_RxISR_8BIT) refers to lto-llvm-1a5717.o(.text.HAL_UART_RxCpltCallback) for HAL_UART_RxCpltCallback
    lto-llvm-1a5717.o(.ARM.exidx.text.UART_RxISR_8BIT) refers to lto-llvm-1a5717.o(.text.UART_RxISR_8BIT) for [Anonymous Symbol]
    lto-llvm-1a5717.o(.text.UART_RxISR_16BIT) refers to lto-llvm-1a5717.o(.text.HAL_UART_RxCpltCallback) for HAL_UART_RxCpltCallback
    lto-llvm-1a5717.o(.ARM.exidx.text.UART_RxISR_16BIT) refers to lto-llvm-1a5717.o(.text.UART_RxISR_16BIT) for [Anonymous Symbol]
    lto-llvm-1a5717.o(.text.UART_DMAAbortOnError) refers to lto-llvm-1a5717.o(.text.HAL_UART_ErrorCallback) for HAL_UART_ErrorCallback
    lto-llvm-1a5717.o(.ARM.exidx.text.UART_DMAAbortOnError) refers to lto-llvm-1a5717.o(.text.UART_DMAAbortOnError) for [Anonymous Symbol]
    lto-llvm-1a5717.o(.text.HAL_RS485Ex_Init) refers to lto-llvm-1a5717.o(.text.HAL_GPIO_Init) for HAL_GPIO_Init
    lto-llvm-1a5717.o(.text.HAL_RS485Ex_Init) refers to uidiv_div0.o(.text) for __aeabi_uidiv
    lto-llvm-1a5717.o(.text.HAL_RS485Ex_Init) refers to lto-llvm-1a5717.o(.text.UART_WaitOnFlagUntilTimeout) for UART_WaitOnFlagUntilTimeout
    lto-llvm-1a5717.o(.text.HAL_RS485Ex_Init) refers to lto-llvm-1a5717.o(.bss.huart1) for [Anonymous Symbol]
    lto-llvm-1a5717.o(.text.HAL_RS485Ex_Init) refers to lto-llvm-1a5717.o(.rodata.cst16) for [Anonymous Symbol]
    lto-llvm-1a5717.o(.text.HAL_RS485Ex_Init) refers to lto-llvm-1a5717.o(.data.SystemCoreClock) for [Anonymous Symbol]
    lto-llvm-1a5717.o(.text.HAL_RS485Ex_Init) refers to lto-llvm-1a5717.o(.rodata.cst8) for [Anonymous Symbol]
    lto-llvm-1a5717.o(.text.HAL_RS485Ex_Init) refers to lto-llvm-1a5717.o(.bss.uwTick) for [Anonymous Symbol]
    lto-llvm-1a5717.o(.ARM.exidx.text.HAL_RS485Ex_Init) refers to lto-llvm-1a5717.o(.text.HAL_RS485Ex_Init) for [Anonymous Symbol]
    lto-llvm-1a5717.o(.ARM.exidx.text.SystemInit) refers to lto-llvm-1a5717.o(.text.SystemInit) for [Anonymous Symbol]
    depilogue.o(i.__ARM_clz) refers (Special) to iusefp.o(.text) for __I$use$fp


==============================================================================

Removing Unused input sections from the image.

    Removing startup_stm32f030x8.o(HEAP), (512 bytes).
    Removing dadd.o(.text), (356 bytes).
    Removing dmul.o(.text), (208 bytes).
    Removing ddiv.o(.text), (240 bytes).
    Removing dfixul.o(.text), (64 bytes).
    Removing cdrcmple.o(.text), (40 bytes).
    Removing depilogue.o(.text), (190 bytes).
    Removing lto-llvm-1a5717.o(.text), (0 bytes).
    Removing lto-llvm-1a5717.o(.ARM.exidx.text.start_effect), (8 bytes).
    Removing lto-llvm-1a5717.o(.ARM.exidx.text.get_address), (8 bytes).
    Removing lto-llvm-1a5717.o(.ARM.exidx.text.relay_update), (8 bytes).
    Removing lto-llvm-1a5717.o(.ARM.exidx.text.main), (8 bytes).
    Removing lto-llvm-1a5717.o(.ARM.exidx.text.BINARY_GET_Listener), (8 bytes).
    Removing lto-llvm-1a5717.o(.ARM.exidx.text.BINARY_SET_Listener), (8 bytes).
    Removing lto-llvm-1a5717.o(.ARM.exidx.text.BINARY_RESET_Listener), (8 bytes).
    Removing lto-llvm-1a5717.o(.ARM.exidx.text.TF_WriteImpl), (8 bytes).
    Removing lto-llvm-1a5717.o(.ARM.exidx.text.HAL_UART_RxCpltCallback), (8 bytes).
    Removing lto-llvm-1a5717.o(.ARM.exidx.text.HAL_UART_ErrorCallback), (8 bytes).
    Removing lto-llvm-1a5717.o(.ARM.exidx.text.NMI_Handler), (8 bytes).
    Removing lto-llvm-1a5717.o(.ARM.exidx.text.HardFault_Handler), (8 bytes).
    Removing lto-llvm-1a5717.o(.ARM.exidx.text.SVC_Handler), (8 bytes).
    Removing lto-llvm-1a5717.o(.ARM.exidx.text.PendSV_Handler), (8 bytes).
    Removing lto-llvm-1a5717.o(.ARM.exidx.text.SysTick_Handler), (8 bytes).
    Removing lto-llvm-1a5717.o(.ARM.exidx.text.USART1_IRQHandler), (8 bytes).
    Removing lto-llvm-1a5717.o(.ARM.exidx.text.HAL_I2C_MspDeInit), (8 bytes).
    Removing lto-llvm-1a5717.o(.ARM.exidx.text.HAL_TIM_MspPostInit), (8 bytes).
    Removing lto-llvm-1a5717.o(.ARM.exidx.text.HAL_UART_MspDeInit), (8 bytes).
    Removing lto-llvm-1a5717.o(.ARM.exidx.text.TF_AddTypeListener), (8 bytes).
    Removing lto-llvm-1a5717.o(.ARM.exidx.text.TF_HandleReceivedMessage), (8 bytes).
    Removing lto-llvm-1a5717.o(.ARM.exidx.text.TF_Respond), (8 bytes).
    Removing lto-llvm-1a5717.o(.ARM.exidx.text.HAL_GPIO_Init), (8 bytes).
    Removing lto-llvm-1a5717.o(.ARM.exidx.text.HAL_GPIO_DeInit), (8 bytes).
    Removing lto-llvm-1a5717.o(.ARM.exidx.text.HAL_NVIC_SystemReset), (8 bytes).
    Removing lto-llvm-1a5717.o(.ARM.exidx.text.HAL_TIM_Base_Init), (8 bytes).
    Removing lto-llvm-1a5717.o(.ARM.exidx.text.HAL_TIM_PWM_Init), (8 bytes).
    Removing lto-llvm-1a5717.o(.ARM.exidx.text.HAL_TIM_PWM_Start), (8 bytes).
    Removing lto-llvm-1a5717.o(.ARM.exidx.text.HAL_TIM_PWM_ConfigChannel), (8 bytes).
    Removing lto-llvm-1a5717.o(.ARM.exidx.text.HAL_TIM_ConfigClockSource), (8 bytes).
    Removing lto-llvm-1a5717.o(.ARM.exidx.text.HAL_TIMEx_MasterConfigSynchronization), (8 bytes).
    Removing lto-llvm-1a5717.o(.ARM.exidx.text.HAL_TIMEx_ConfigBreakDeadTime), (8 bytes).
    Removing lto-llvm-1a5717.o(.ARM.exidx.text.UART_WaitOnFlagUntilTimeout), (8 bytes).
    Removing lto-llvm-1a5717.o(.ARM.exidx.text.HAL_UART_Receive_IT), (8 bytes).
    Removing lto-llvm-1a5717.o(.ARM.exidx.text.UART_RxISR_8BIT), (8 bytes).
    Removing lto-llvm-1a5717.o(.ARM.exidx.text.UART_RxISR_16BIT), (8 bytes).
    Removing lto-llvm-1a5717.o(.ARM.exidx.text.UART_DMAAbortOnError), (8 bytes).
    Removing lto-llvm-1a5717.o(.ARM.exidx.text.HAL_RS485Ex_Init), (8 bytes).
    Removing lto-llvm-1a5717.o(.ARM.exidx.text.SystemInit), (8 bytes).
    Removing lto-llvm-1a5717.o(.ARM.use_no_argv), (4 bytes).
    Removing depilogue.o(i.__ARM_clz), (46 bytes).

49 unused section(s) (total 1972 bytes) removed from the image.

==============================================================================

Image Symbol Table

    Local Symbols

    Symbol Name                              Value     Ov Type        Size  Object(Section)

    ../clib/division.s                       0x00000000   Number         0  aeabi_sdiv.o ABSOLUTE
    ../clib/division.s                       0x00000000   Number         0  aeabi_sdiv_div0.o ABSOLUTE
    ../clib/microlib/division.c              0x00000000   Number         0  uidiv.o ABSOLUTE
    ../clib/microlib/division.c              0x00000000   Number         0  uldiv.o ABSOLUTE
    ../clib/microlib/division.c              0x00000000   Number         0  uidiv_div0.o ABSOLUTE
    ../clib/microlib/division.c              0x00000000   Number         0  idiv_div0.o ABSOLUTE
    ../clib/microlib/division.c              0x00000000   Number         0  idiv0.o ABSOLUTE
    ../clib/microlib/init/entry.s            0x00000000   Number         0  entry.o ABSOLUTE
    ../clib/microlib/init/entry.s            0x00000000   Number         0  entry2.o ABSOLUTE
    ../clib/microlib/init/entry.s            0x00000000   Number         0  entry5.o ABSOLUTE
    ../clib/microlib/init/entry.s            0x00000000   Number         0  entry7a.o ABSOLUTE
    ../clib/microlib/init/entry.s            0x00000000   Number         0  entry7b.o ABSOLUTE
    ../clib/microlib/init/entry.s            0x00000000   Number         0  entry8a.o ABSOLUTE
    ../clib/microlib/init/entry.s            0x00000000   Number         0  entry8b.o ABSOLUTE
    ../clib/microlib/init/entry.s            0x00000000   Number         0  entry9a.o ABSOLUTE
    ../clib/microlib/init/entry.s            0x00000000   Number         0  entry9b.o ABSOLUTE
    ../clib/microlib/init/entry.s            0x00000000   Number         0  entry10a.o ABSOLUTE
    ../clib/microlib/init/entry.s            0x00000000   Number         0  entry10b.o ABSOLUTE
    ../clib/microlib/init/entry.s            0x00000000   Number         0  entry11a.o ABSOLUTE
    ../clib/microlib/init/entry.s            0x00000000   Number         0  entry11b.o ABSOLUTE
    ../clib/microlib/longlong.c              0x00000000   Number         0  llshl.o ABSOLUTE
    ../clib/microlib/longlong.c              0x00000000   Number         0  llushr.o ABSOLUTE
    ../clib/microlib/longlong.c              0x00000000   Number         0  llsshr.o ABSOLUTE
    ../clib/microlib/malloc/malloc.c         0x00000000   Number         0  malloc.o ABSOLUTE
    ../clib/microlib/malloc/malloc.c         0x00000000   Number         0  mallocr.o ABSOLUTE
    ../clib/microlib/malloc/malloc.c         0x00000000   Number         0  malloca.o ABSOLUTE
    ../clib/microlib/malloc/malloc.c         0x00000000   Number         0  mallocra.o ABSOLUTE
    ../clib/microlib/malloc/mvars.c          0x00000000   Number         0  mvars.o ABSOLUTE
    ../clib/microlib/printf/printf.c         0x00000000   Number         0  printfb.o ABSOLUTE
    ../clib/microlib/printf/printf.c         0x00000000   Number         0  printf0.o ABSOLUTE
    ../clib/microlib/printf/printf.c         0x00000000   Number         0  printf1.o ABSOLUTE
    ../clib/microlib/printf/printf.c         0x00000000   Number         0  printf2.o ABSOLUTE
    ../clib/microlib/printf/printf.c         0x00000000   Number         0  printf3.o ABSOLUTE
    ../clib/microlib/printf/printf.c         0x00000000   Number         0  printf4.o ABSOLUTE
    ../clib/microlib/printf/printf.c         0x00000000   Number         0  printf5.o ABSOLUTE
    ../clib/microlib/printf/printf.c         0x00000000   Number         0  printf6.o ABSOLUTE
    ../clib/microlib/printf/printf.c         0x00000000   Number         0  printf7.o ABSOLUTE
    ../clib/microlib/printf/printf.c         0x00000000   Number         0  printf8.o ABSOLUTE
    ../clib/microlib/printf/printf.c         0x00000000   Number         0  printfa.o ABSOLUTE
    ../clib/microlib/printf/stubs.s          0x00000000   Number         0  printfstubs.o ABSOLUTE
    ../clib/microlib/stdio/fputc.c           0x00000000   Number         0  fputc.o ABSOLUTE
    ../clib/microlib/stdio/fputc.c           0x00000000   Number         0  fputc_h.o ABSOLUTE
    ../clib/microlib/stdio/putchar.c         0x00000000   Number         0  putchar.o ABSOLUTE
    ../clib/microlib/stdio/puts.c            0x00000000   Number         0  puts.o ABSOLUTE
    ../clib/microlib/stdio/puts.c            0x00000000   Number         0  puts_e.o ABSOLUTE
    ../clib/microlib/stdio/semi.s            0x00000000   Number         0  semi.o ABSOLUTE
    ../clib/microlib/stdio/streams.c         0x00000000   Number         0  stdout.o ABSOLUTE
    ../clib/microlib/string/memcpy.c         0x00000000   Number         0  memcpya.o ABSOLUTE
    ../clib/microlib/string/memcpy.c         0x00000000   Number         0  memcpyb.o ABSOLUTE
    ../clib/microlib/string/memset.c         0x00000000   Number         0  memseta.o ABSOLUTE
    ../clib/microlib/stubs.s                 0x00000000   Number         0  iusefp.o ABSOLUTE
    ../clib/microlib/stubs.s                 0x00000000   Number         0  iusesemip.o ABSOLUTE
    ../fplib/microlib/fpadd.c                0x00000000   Number         0  dadd.o ABSOLUTE
    ../fplib/microlib/fpdiv.c                0x00000000   Number         0  ddiv.o ABSOLUTE
    ../fplib/microlib/fpepilogue.c           0x00000000   Number         0  depilogue.o ABSOLUTE
    ../fplib/microlib/fpfix.c                0x00000000   Number         0  dfixul.o ABSOLUTE
    ../fplib/microlib/fpmul.c                0x00000000   Number         0  dmul.o ABSOLUTE
    cdrcmple.s                               0x00000000   Number         0  cdrcmple.o ABSOLUTE
    dc.s                                     0x00000000   Number         0  dc.o ABSOLUTE
    handlers.s                               0x00000000   Number         0  handlers.o ABSOLUTE
    init.s                                   0x00000000   Number         0  init.o ABSOLUTE
    ld-temp.o                                0x00000000   Number         0  lto-llvm-1a5717.o ABSOLUTE
    startup_stm32f030x8.s                    0x00000000   Number         0  startup_stm32f030x8.o ABSOLUTE
    RESET                                    0x08000000   Section      180  startup_stm32f030x8.o(RESET)
    .ARM.Collect$$$$00000000                 0x080000b4   Section        0  entry.o(.ARM.Collect$$$$00000000)
    .ARM.Collect$$$$00000001                 0x080000b4   Section        4  entry2.o(.ARM.Collect$$$$00000001)
    .ARM.Collect$$$$00000004                 0x080000b8   Section        4  entry5.o(.ARM.Collect$$$$00000004)
    .ARM.Collect$$$$00000008                 0x080000bc   Section        0  entry7b.o(.ARM.Collect$$$$00000008)
    .ARM.Collect$$$$0000000A                 0x080000bc   Section        0  entry8b.o(.ARM.Collect$$$$0000000A)
    .ARM.Collect$$$$0000000B                 0x080000bc   Section        8  entry9a.o(.ARM.Collect$$$$0000000B)
    __lit__00000000                          0x080000c4   Data           4  entry2.o(.ARM.Collect$$$$00002712)
    .ARM.Collect$$$$0000000D                 0x080000c4   Section        0  entry10a.o(.ARM.Collect$$$$0000000D)
    .ARM.Collect$$$$0000000F                 0x080000c4   Section        0  entry11a.o(.ARM.Collect$$$$0000000F)
    .ARM.Collect$$$$00002712                 0x080000c4   Section        4  entry2.o(.ARM.Collect$$$$00002712)
    .text                                    0x080000c8   Section       28  startup_stm32f030x8.o(.text)
    .text                                    0x080000e4   Section       36  init.o(.text)
    .text                                    0x08000108   Section        0  uidiv_div0.o(.text)
    .text                                    0x08000146   Section        0  memseta.o(.text)
    BINARY_GET_Listener                      0x0800016d   Thumb Code   108  lto-llvm-1a5717.o(.text.BINARY_GET_Listener)
    [Anonymous Symbol]                       0x0800016c   Section        0  lto-llvm-1a5717.o(.text.BINARY_GET_Listener)
    BINARY_RESET_Listener                    0x080001d9   Thumb Code    96  lto-llvm-1a5717.o(.text.BINARY_RESET_Listener)
    [Anonymous Symbol]                       0x080001d8   Section        0  lto-llvm-1a5717.o(.text.BINARY_RESET_Listener)
    __arm_cp.6_3                             0x08000238   Number         4  lto-llvm-1a5717.o(.text.BINARY_RESET_Listener)
    BINARY_SET_Listener                      0x0800023d   Thumb Code   168  lto-llvm-1a5717.o(.text.BINARY_SET_Listener)
    [Anonymous Symbol]                       0x0800023c   Section        0  lto-llvm-1a5717.o(.text.BINARY_SET_Listener)
    __arm_cp.5_0                             0x080002e4   Number         4  lto-llvm-1a5717.o(.text.BINARY_SET_Listener)
    __arm_cp.5_1                             0x080002e8   Number         4  lto-llvm-1a5717.o(.text.BINARY_SET_Listener)
    __arm_cp.5_2                             0x080002ec   Number         4  lto-llvm-1a5717.o(.text.BINARY_SET_Listener)
    __arm_cp.5_3                             0x080002f0   Number         4  lto-llvm-1a5717.o(.text.BINARY_SET_Listener)
    HAL_GPIO_DeInit                          0x080002f5   Thumb Code   244  lto-llvm-1a5717.o(.text.HAL_GPIO_DeInit)
    [Anonymous Symbol]                       0x080002f4   Section        0  lto-llvm-1a5717.o(.text.HAL_GPIO_DeInit)
    HAL_GPIO_Init                            0x080003e9   Thumb Code   408  lto-llvm-1a5717.o(.text.HAL_GPIO_Init)
    [Anonymous Symbol]                       0x080003e8   Section        0  lto-llvm-1a5717.o(.text.HAL_GPIO_Init)
    __arm_cp.22_0                            0x08000580   Number         4  lto-llvm-1a5717.o(.text.HAL_GPIO_Init)
    __arm_cp.22_1                            0x08000584   Number         4  lto-llvm-1a5717.o(.text.HAL_GPIO_Init)
    __arm_cp.22_2                            0x08000588   Number         4  lto-llvm-1a5717.o(.text.HAL_GPIO_Init)
    __arm_cp.22_3                            0x0800058c   Number         4  lto-llvm-1a5717.o(.text.HAL_GPIO_Init)
    __arm_cp.22_5                            0x08000590   Number         4  lto-llvm-1a5717.o(.text.HAL_GPIO_Init)
    HAL_I2C_MspDeInit                        0x08000595   Thumb Code    48  lto-llvm-1a5717.o(.text.HAL_I2C_MspDeInit)
    [Anonymous Symbol]                       0x08000594   Section        0  lto-llvm-1a5717.o(.text.HAL_I2C_MspDeInit)
    __arm_cp.16_0                            0x080005c4   Number         4  lto-llvm-1a5717.o(.text.HAL_I2C_MspDeInit)
    __arm_cp.16_1                            0x080005c8   Number         4  lto-llvm-1a5717.o(.text.HAL_I2C_MspDeInit)
    __arm_cp.16_2                            0x080005cc   Number         4  lto-llvm-1a5717.o(.text.HAL_I2C_MspDeInit)
    __arm_cp.16_3                            0x080005d0   Number         4  lto-llvm-1a5717.o(.text.HAL_I2C_MspDeInit)
    HAL_NVIC_SystemReset                     0x080005d5   Thumb Code    24  lto-llvm-1a5717.o(.text.HAL_NVIC_SystemReset)
    [Anonymous Symbol]                       0x080005d4   Section        0  lto-llvm-1a5717.o(.text.HAL_NVIC_SystemReset)
    __arm_cp.24_0                            0x080005ec   Number         4  lto-llvm-1a5717.o(.text.HAL_NVIC_SystemReset)
    __arm_cp.24_1                            0x080005f0   Number         4  lto-llvm-1a5717.o(.text.HAL_NVIC_SystemReset)
    HAL_RS485Ex_Init                         0x080005f5   Thumb Code   948  lto-llvm-1a5717.o(.text.HAL_RS485Ex_Init)
    [Anonymous Symbol]                       0x080005f4   Section        0  lto-llvm-1a5717.o(.text.HAL_RS485Ex_Init)
    __arm_cp.37_0                            0x080009a8   Number         4  lto-llvm-1a5717.o(.text.HAL_RS485Ex_Init)
    __arm_cp.37_1                            0x080009ac   Number         4  lto-llvm-1a5717.o(.text.HAL_RS485Ex_Init)
    __arm_cp.37_2                            0x080009b0   Number         4  lto-llvm-1a5717.o(.text.HAL_RS485Ex_Init)
    __arm_cp.37_3                            0x080009b4   Number         4  lto-llvm-1a5717.o(.text.HAL_RS485Ex_Init)
    __arm_cp.37_4                            0x080009b8   Number         4  lto-llvm-1a5717.o(.text.HAL_RS485Ex_Init)
    __arm_cp.37_5                            0x080009bc   Number         4  lto-llvm-1a5717.o(.text.HAL_RS485Ex_Init)
    __arm_cp.37_6                            0x080009c0   Number         4  lto-llvm-1a5717.o(.text.HAL_RS485Ex_Init)
    __arm_cp.37_7                            0x080009c4   Number         4  lto-llvm-1a5717.o(.text.HAL_RS485Ex_Init)
    __arm_cp.37_9                            0x080009d8   Number         4  lto-llvm-1a5717.o(.text.HAL_RS485Ex_Init)
    __arm_cp.37_10                           0x080009dc   Number         4  lto-llvm-1a5717.o(.text.HAL_RS485Ex_Init)
    __arm_cp.37_11                           0x080009e0   Number         4  lto-llvm-1a5717.o(.text.HAL_RS485Ex_Init)
    __arm_cp.37_12                           0x080009e4   Number         4  lto-llvm-1a5717.o(.text.HAL_RS485Ex_Init)
    __arm_cp.37_13                           0x080009e8   Number         4  lto-llvm-1a5717.o(.text.HAL_RS485Ex_Init)
    __arm_cp.37_14                           0x080009ec   Number         4  lto-llvm-1a5717.o(.text.HAL_RS485Ex_Init)
    __arm_cp.37_15                           0x080009f0   Number         4  lto-llvm-1a5717.o(.text.HAL_RS485Ex_Init)
    __arm_cp.37_16                           0x080009f4   Number         4  lto-llvm-1a5717.o(.text.HAL_RS485Ex_Init)
    __arm_cp.37_17                           0x080009f8   Number         4  lto-llvm-1a5717.o(.text.HAL_RS485Ex_Init)
    HAL_TIMEx_ConfigBreakDeadTime            0x080009fd   Thumb Code    88  lto-llvm-1a5717.o(.text.HAL_TIMEx_ConfigBreakDeadTime)
    [Anonymous Symbol]                       0x080009fc   Section        0  lto-llvm-1a5717.o(.text.HAL_TIMEx_ConfigBreakDeadTime)
    __arm_cp.31_0                            0x08000a54   Number         4  lto-llvm-1a5717.o(.text.HAL_TIMEx_ConfigBreakDeadTime)
    HAL_TIMEx_MasterConfigSynchronization    0x08000a59   Thumb Code    72  lto-llvm-1a5717.o(.text.HAL_TIMEx_MasterConfigSynchronization)
    [Anonymous Symbol]                       0x08000a58   Section        0  lto-llvm-1a5717.o(.text.HAL_TIMEx_MasterConfigSynchronization)
    HAL_TIM_Base_Init                        0x08000aa1   Thumb Code   260  lto-llvm-1a5717.o(.text.HAL_TIM_Base_Init)
    [Anonymous Symbol]                       0x08000aa0   Section        0  lto-llvm-1a5717.o(.text.HAL_TIM_Base_Init)
    __arm_cp.25_2                            0x08000ba4   Number         4  lto-llvm-1a5717.o(.text.HAL_TIM_Base_Init)
    __arm_cp.25_3                            0x08000ba8   Number         4  lto-llvm-1a5717.o(.text.HAL_TIM_Base_Init)
    __arm_cp.25_4                            0x08000bac   Number         4  lto-llvm-1a5717.o(.text.HAL_TIM_Base_Init)
    __arm_cp.25_5                            0x08000bb0   Number         4  lto-llvm-1a5717.o(.text.HAL_TIM_Base_Init)
    __arm_cp.25_6                            0x08000bb4   Number         4  lto-llvm-1a5717.o(.text.HAL_TIM_Base_Init)
    __arm_cp.25_7                            0x08000bb8   Number         4  lto-llvm-1a5717.o(.text.HAL_TIM_Base_Init)
    __arm_cp.25_8                            0x08000bbc   Number         4  lto-llvm-1a5717.o(.text.HAL_TIM_Base_Init)
    HAL_TIM_ConfigClockSource                0x08000bc1   Thumb Code   332  lto-llvm-1a5717.o(.text.HAL_TIM_ConfigClockSource)
    [Anonymous Symbol]                       0x08000bc0   Section        0  lto-llvm-1a5717.o(.text.HAL_TIM_ConfigClockSource)
    __arm_cp.29_0                            0x08000d0c   Number         4  lto-llvm-1a5717.o(.text.HAL_TIM_ConfigClockSource)
    HAL_TIM_MspPostInit                      0x08000d11   Thumb Code   156  lto-llvm-1a5717.o(.text.HAL_TIM_MspPostInit)
    [Anonymous Symbol]                       0x08000d10   Section        0  lto-llvm-1a5717.o(.text.HAL_TIM_MspPostInit)
    __arm_cp.17_0                            0x08000dac   Number         4  lto-llvm-1a5717.o(.text.HAL_TIM_MspPostInit)
    __arm_cp.17_1                            0x08000db0   Number         4  lto-llvm-1a5717.o(.text.HAL_TIM_MspPostInit)
    __arm_cp.17_2                            0x08000db4   Number         4  lto-llvm-1a5717.o(.text.HAL_TIM_MspPostInit)
    __arm_cp.17_3                            0x08000db8   Number         4  lto-llvm-1a5717.o(.text.HAL_TIM_MspPostInit)
    HAL_TIM_PWM_ConfigChannel                0x08000dbd   Thumb Code   632  lto-llvm-1a5717.o(.text.HAL_TIM_PWM_ConfigChannel)
    [Anonymous Symbol]                       0x08000dbc   Section        0  lto-llvm-1a5717.o(.text.HAL_TIM_PWM_ConfigChannel)
    __arm_cp.28_2                            0x08001034   Number         4  lto-llvm-1a5717.o(.text.HAL_TIM_PWM_ConfigChannel)
    HAL_TIM_PWM_Init                         0x08001039   Thumb Code   200  lto-llvm-1a5717.o(.text.HAL_TIM_PWM_Init)
    [Anonymous Symbol]                       0x08001038   Section        0  lto-llvm-1a5717.o(.text.HAL_TIM_PWM_Init)
    __arm_cp.26_0                            0x08001100   Number         4  lto-llvm-1a5717.o(.text.HAL_TIM_PWM_Init)
    __arm_cp.26_1                            0x08001104   Number         4  lto-llvm-1a5717.o(.text.HAL_TIM_PWM_Init)
    __arm_cp.26_2                            0x08001108   Number         4  lto-llvm-1a5717.o(.text.HAL_TIM_PWM_Init)
    __arm_cp.26_4                            0x0800110c   Number         4  lto-llvm-1a5717.o(.text.HAL_TIM_PWM_Init)
    __arm_cp.26_5                            0x08001110   Number         4  lto-llvm-1a5717.o(.text.HAL_TIM_PWM_Init)
    __arm_cp.26_6                            0x08001114   Number         4  lto-llvm-1a5717.o(.text.HAL_TIM_PWM_Init)
    HAL_TIM_PWM_Start                        0x08001119   Thumb Code   156  lto-llvm-1a5717.o(.text.HAL_TIM_PWM_Start)
    [Anonymous Symbol]                       0x08001118   Section        0  lto-llvm-1a5717.o(.text.HAL_TIM_PWM_Start)
    __arm_cp.27_0                            0x080011b4   Number         4  lto-llvm-1a5717.o(.text.HAL_TIM_PWM_Start)
    __arm_cp.27_1                            0x080011b8   Number         4  lto-llvm-1a5717.o(.text.HAL_TIM_PWM_Start)
    __arm_cp.27_2                            0x080011bc   Number         4  lto-llvm-1a5717.o(.text.HAL_TIM_PWM_Start)
    __arm_cp.27_3                            0x080011c0   Number         4  lto-llvm-1a5717.o(.text.HAL_TIM_PWM_Start)
    HAL_UART_ErrorCallback                   0x080011c5   Thumb Code   240  lto-llvm-1a5717.o(.text.HAL_UART_ErrorCallback)
    [Anonymous Symbol]                       0x080011c4   Section        0  lto-llvm-1a5717.o(.text.HAL_UART_ErrorCallback)
    HAL_UART_MspDeInit                       0x080012b5   Thumb Code    60  lto-llvm-1a5717.o(.text.HAL_UART_MspDeInit)
    [Anonymous Symbol]                       0x080012b4   Section        0  lto-llvm-1a5717.o(.text.HAL_UART_MspDeInit)
    __arm_cp.18_1                            0x080012f0   Number         4  lto-llvm-1a5717.o(.text.HAL_UART_MspDeInit)
    __arm_cp.18_2                            0x080012f4   Number         4  lto-llvm-1a5717.o(.text.HAL_UART_MspDeInit)
    __arm_cp.18_3                            0x080012f8   Number         4  lto-llvm-1a5717.o(.text.HAL_UART_MspDeInit)
    __arm_cp.18_4                            0x080012fc   Number         4  lto-llvm-1a5717.o(.text.HAL_UART_MspDeInit)
    HAL_UART_Receive_IT                      0x08001301   Thumb Code   244  lto-llvm-1a5717.o(.text.HAL_UART_Receive_IT)
    [Anonymous Symbol]                       0x08001300   Section        0  lto-llvm-1a5717.o(.text.HAL_UART_Receive_IT)
    __arm_cp.33_0                            0x080013f4   Number         4  lto-llvm-1a5717.o(.text.HAL_UART_Receive_IT)
    __arm_cp.33_2                            0x080013f8   Number         4  lto-llvm-1a5717.o(.text.HAL_UART_Receive_IT)
    __arm_cp.33_3                            0x080013fc   Number         4  lto-llvm-1a5717.o(.text.HAL_UART_Receive_IT)
    __arm_cp.33_4                            0x08001400   Number         4  lto-llvm-1a5717.o(.text.HAL_UART_Receive_IT)
    HAL_UART_RxCpltCallback                  0x08001405   Thumb Code   440  lto-llvm-1a5717.o(.text.HAL_UART_RxCpltCallback)
    [Anonymous Symbol]                       0x08001404   Section        0  lto-llvm-1a5717.o(.text.HAL_UART_RxCpltCallback)
    __arm_cp.8_1                             0x080015bc   Number         4  lto-llvm-1a5717.o(.text.HAL_UART_RxCpltCallback)
    __arm_cp.8_2                             0x080015c0   Number         4  lto-llvm-1a5717.o(.text.HAL_UART_RxCpltCallback)
    __arm_cp.8_3                             0x080015c4   Number         4  lto-llvm-1a5717.o(.text.HAL_UART_RxCpltCallback)
    __arm_cp.8_4                             0x080015c8   Number         4  lto-llvm-1a5717.o(.text.HAL_UART_RxCpltCallback)
    __arm_cp.8_5                             0x080015cc   Number         4  lto-llvm-1a5717.o(.text.HAL_UART_RxCpltCallback)
    __arm_cp.8_6                             0x080015d0   Number         4  lto-llvm-1a5717.o(.text.HAL_UART_RxCpltCallback)
    __arm_cp.8_7                             0x080015d4   Number         4  lto-llvm-1a5717.o(.text.HAL_UART_RxCpltCallback)
    __arm_cp.8_8                             0x080015d8   Number         4  lto-llvm-1a5717.o(.text.HAL_UART_RxCpltCallback)
    [Anonymous Symbol]                       0x080015dc   Section        0  lto-llvm-1a5717.o(.text.HardFault_Handler)
    [Anonymous Symbol]                       0x080015de   Section        0  lto-llvm-1a5717.o(.text.NMI_Handler)
    [Anonymous Symbol]                       0x080015e0   Section        0  lto-llvm-1a5717.o(.text.PendSV_Handler)
    [Anonymous Symbol]                       0x080015e2   Section        0  lto-llvm-1a5717.o(.text.SVC_Handler)
    [Anonymous Symbol]                       0x080015e4   Section        0  lto-llvm-1a5717.o(.text.SysTick_Handler)
    __arm_cp.14_0                            0x08001668   Number         4  lto-llvm-1a5717.o(.text.SysTick_Handler)
    __arm_cp.14_1                            0x0800166c   Number         4  lto-llvm-1a5717.o(.text.SysTick_Handler)
    __arm_cp.14_4                            0x08001670   Number         4  lto-llvm-1a5717.o(.text.SysTick_Handler)
    [Anonymous Symbol]                       0x08001674   Section        0  lto-llvm-1a5717.o(.text.SystemInit)
    TF_AddTypeListener                       0x08001679   Thumb Code   308  lto-llvm-1a5717.o(.text.TF_AddTypeListener)
    [Anonymous Symbol]                       0x08001678   Section        0  lto-llvm-1a5717.o(.text.TF_AddTypeListener)
    __arm_cp.19_0                            0x080017ac   Number         4  lto-llvm-1a5717.o(.text.TF_AddTypeListener)
    __arm_cp.19_1                            0x080017b0   Number         4  lto-llvm-1a5717.o(.text.TF_AddTypeListener)
    __arm_cp.19_2                            0x080017b4   Number         4  lto-llvm-1a5717.o(.text.TF_AddTypeListener)
    __arm_cp.19_3                            0x080017b8   Number         4  lto-llvm-1a5717.o(.text.TF_AddTypeListener)
    __arm_cp.19_4                            0x080017bc   Number         4  lto-llvm-1a5717.o(.text.TF_AddTypeListener)
    __arm_cp.19_5                            0x080017c0   Number         4  lto-llvm-1a5717.o(.text.TF_AddTypeListener)
    __arm_cp.19_6                            0x080017c4   Number         4  lto-llvm-1a5717.o(.text.TF_AddTypeListener)
    __arm_cp.19_7                            0x080017c8   Number         4  lto-llvm-1a5717.o(.text.TF_AddTypeListener)
    __arm_cp.19_8                            0x080017cc   Number         4  lto-llvm-1a5717.o(.text.TF_AddTypeListener)
    __arm_cp.19_9                            0x080017d0   Number         4  lto-llvm-1a5717.o(.text.TF_AddTypeListener)
    __arm_cp.19_10                           0x080017d4   Number         4  lto-llvm-1a5717.o(.text.TF_AddTypeListener)
    __arm_cp.19_11                           0x080017d8   Number         4  lto-llvm-1a5717.o(.text.TF_AddTypeListener)
    __arm_cp.19_12                           0x080017dc   Number         4  lto-llvm-1a5717.o(.text.TF_AddTypeListener)
    __arm_cp.19_13                           0x080017e0   Number         4  lto-llvm-1a5717.o(.text.TF_AddTypeListener)
    __arm_cp.19_14                           0x080017e4   Number         4  lto-llvm-1a5717.o(.text.TF_AddTypeListener)
    __arm_cp.19_15                           0x080017e8   Number         4  lto-llvm-1a5717.o(.text.TF_AddTypeListener)
    __arm_cp.19_16                           0x080017ec   Number         4  lto-llvm-1a5717.o(.text.TF_AddTypeListener)
    __arm_cp.19_17                           0x080017f0   Number         4  lto-llvm-1a5717.o(.text.TF_AddTypeListener)
    __arm_cp.19_18                           0x080017f4   Number         4  lto-llvm-1a5717.o(.text.TF_AddTypeListener)
    __arm_cp.19_19                           0x080017f8   Number         4  lto-llvm-1a5717.o(.text.TF_AddTypeListener)
    __arm_cp.19_20                           0x080017fc   Number         4  lto-llvm-1a5717.o(.text.TF_AddTypeListener)
    TF_HandleReceivedMessage                 0x08001801   Thumb Code   396  lto-llvm-1a5717.o(.text.TF_HandleReceivedMessage)
    [Anonymous Symbol]                       0x08001800   Section        0  lto-llvm-1a5717.o(.text.TF_HandleReceivedMessage)
    __arm_cp.20_0                            0x0800198c   Number         4  lto-llvm-1a5717.o(.text.TF_HandleReceivedMessage)
    __arm_cp.20_1                            0x08001990   Number         4  lto-llvm-1a5717.o(.text.TF_HandleReceivedMessage)
    __arm_cp.20_2                            0x08001994   Number         4  lto-llvm-1a5717.o(.text.TF_HandleReceivedMessage)
    __arm_cp.20_3                            0x08001998   Number         4  lto-llvm-1a5717.o(.text.TF_HandleReceivedMessage)
    TF_Respond                               0x0800199d   Thumb Code   504  lto-llvm-1a5717.o(.text.TF_Respond)
    [Anonymous Symbol]                       0x0800199c   Section        0  lto-llvm-1a5717.o(.text.TF_Respond)
    __arm_cp.21_0                            0x08001b94   Number         4  lto-llvm-1a5717.o(.text.TF_Respond)
    __arm_cp.21_1                            0x08001b98   Number         4  lto-llvm-1a5717.o(.text.TF_Respond)
    __arm_cp.21_2                            0x08001b9c   Number         4  lto-llvm-1a5717.o(.text.TF_Respond)
    TF_WriteImpl                             0x08001ba1   Thumb Code   336  lto-llvm-1a5717.o(.text.TF_WriteImpl)
    [Anonymous Symbol]                       0x08001ba0   Section        0  lto-llvm-1a5717.o(.text.TF_WriteImpl)
    __arm_cp.7_0                             0x08001cf0   Number         4  lto-llvm-1a5717.o(.text.TF_WriteImpl)
    __arm_cp.7_1                             0x08001cf4   Number         4  lto-llvm-1a5717.o(.text.TF_WriteImpl)
    __arm_cp.7_2                             0x08001cf8   Number         4  lto-llvm-1a5717.o(.text.TF_WriteImpl)
    __arm_cp.7_4                             0x08001cfc   Number         4  lto-llvm-1a5717.o(.text.TF_WriteImpl)
    UART_DMAAbortOnError                     0x08001d01   Thumb Code    22  lto-llvm-1a5717.o(.text.UART_DMAAbortOnError)
    [Anonymous Symbol]                       0x08001d00   Section        0  lto-llvm-1a5717.o(.text.UART_DMAAbortOnError)
    UART_RxISR_16BIT                         0x08001d17   Thumb Code   192  lto-llvm-1a5717.o(.text.UART_RxISR_16BIT)
    [Anonymous Symbol]                       0x08001d16   Section        0  lto-llvm-1a5717.o(.text.UART_RxISR_16BIT)
    UART_RxISR_8BIT                          0x08001dd7   Thumb Code   194  lto-llvm-1a5717.o(.text.UART_RxISR_8BIT)
    [Anonymous Symbol]                       0x08001dd6   Section        0  lto-llvm-1a5717.o(.text.UART_RxISR_8BIT)
    UART_WaitOnFlagUntilTimeout              0x08001e99   Thumb Code   260  lto-llvm-1a5717.o(.text.UART_WaitOnFlagUntilTimeout)
    [Anonymous Symbol]                       0x08001e98   Section        0  lto-llvm-1a5717.o(.text.UART_WaitOnFlagUntilTimeout)
    __arm_cp.32_0                            0x08001f9c   Number         4  lto-llvm-1a5717.o(.text.UART_WaitOnFlagUntilTimeout)
    [Anonymous Symbol]                       0x08001fa0   Section        0  lto-llvm-1a5717.o(.text.USART1_IRQHandler)
    __arm_cp.15_6                            0x080022c0   Number         4  lto-llvm-1a5717.o(.text.USART1_IRQHandler)
    __arm_cp.15_0                            0x08002394   Number         4  lto-llvm-1a5717.o(.text.USART1_IRQHandler)
    __arm_cp.15_2                            0x08002398   Number         4  lto-llvm-1a5717.o(.text.USART1_IRQHandler)
    __arm_cp.15_3                            0x0800239c   Number         4  lto-llvm-1a5717.o(.text.USART1_IRQHandler)
    get_address                              0x080023a1   Thumb Code    88  lto-llvm-1a5717.o(.text.get_address)
    [Anonymous Symbol]                       0x080023a0   Section        0  lto-llvm-1a5717.o(.text.get_address)
    __arm_cp.1_0                             0x080023f8   Number         4  lto-llvm-1a5717.o(.text.get_address)
    __arm_cp.1_1                             0x080023fc   Number         4  lto-llvm-1a5717.o(.text.get_address)
    __arm_cp.1_2                             0x08002400   Number         4  lto-llvm-1a5717.o(.text.get_address)
    __arm_cp.1_3                             0x08002404   Number         4  lto-llvm-1a5717.o(.text.get_address)
    [Anonymous Symbol]                       0x08002408   Section        0  lto-llvm-1a5717.o(.text.main)
    __arm_cp.3_64                            0x080027b0   Number         4  lto-llvm-1a5717.o(.text.main)
    __arm_cp.3_69                            0x080027c4   Number         4  lto-llvm-1a5717.o(.text.main)
    __arm_cp.3_70                            0x080027c8   Number         4  lto-llvm-1a5717.o(.text.main)
    __arm_cp.3_77                            0x080027e4   Number         4  lto-llvm-1a5717.o(.text.main)
    __arm_cp.3_78                            0x080027e8   Number         4  lto-llvm-1a5717.o(.text.main)
    __arm_cp.3_79                            0x080027ec   Number         4  lto-llvm-1a5717.o(.text.main)
    __arm_cp.3_80                            0x080027f0   Number         4  lto-llvm-1a5717.o(.text.main)
    __arm_cp.3_81                            0x08002be0   Number         4  lto-llvm-1a5717.o(.text.main)
    AHBPrescTable                            0x08002be4   Number         0  lto-llvm-1a5717.o(.text.main)
    __arm_cp.3_83                            0x08002bf4   Number         4  lto-llvm-1a5717.o(.text.main)
    __arm_cp.3_84                            0x08002bf8   Number         4  lto-llvm-1a5717.o(.text.main)
    __arm_cp.3_85                            0x08002bfc   Number         4  lto-llvm-1a5717.o(.text.main)
    __arm_cp.3_86                            0x08002c00   Number         4  lto-llvm-1a5717.o(.text.main)
    __arm_cp.3_89                            0x08002c0c   Number         4  lto-llvm-1a5717.o(.text.main)
    __arm_cp.3_93                            0x08002c1c   Number         4  lto-llvm-1a5717.o(.text.main)
    __arm_cp.3_96                            0x08002c28   Number         4  lto-llvm-1a5717.o(.text.main)
    __arm_cp.3_98                            0x08002c30   Number         4  lto-llvm-1a5717.o(.text.main)
    __arm_cp.3_102                           0x08002c40   Number         4  lto-llvm-1a5717.o(.text.main)
    __arm_cp.3_103                           0x08002c44   Number         4  lto-llvm-1a5717.o(.text.main)
    __arm_cp.3_104                           0x08002c48   Number         4  lto-llvm-1a5717.o(.text.main)
    __arm_cp.3_109                           0x08003080   Number         4  lto-llvm-1a5717.o(.text.main)
    __arm_cp.3_110                           0x08003084   Number         4  lto-llvm-1a5717.o(.text.main)
    __arm_cp.3_114                           0x08003094   Number         4  lto-llvm-1a5717.o(.text.main)
    __arm_cp.3_115                           0x08003098   Number         4  lto-llvm-1a5717.o(.text.main)
    __arm_cp.3_116                           0x0800309c   Number         4  lto-llvm-1a5717.o(.text.main)
    __arm_cp.3_117                           0x080030a0   Number         4  lto-llvm-1a5717.o(.text.main)
    __arm_cp.3_118                           0x080030a4   Number         4  lto-llvm-1a5717.o(.text.main)
    __arm_cp.3_122                           0x080030b4   Number         4  lto-llvm-1a5717.o(.text.main)
    __arm_cp.3_123                           0x080030b8   Number         4  lto-llvm-1a5717.o(.text.main)
    __arm_cp.3_125                           0x080030c0   Number         4  lto-llvm-1a5717.o(.text.main)
    __arm_cp.3_126                           0x08003394   Number         4  lto-llvm-1a5717.o(.text.main)
    __arm_cp.3_127                           0x08003398   Number         4  lto-llvm-1a5717.o(.text.main)
    __arm_cp.3_128                           0x0800339c   Number         4  lto-llvm-1a5717.o(.text.main)
    __arm_cp.3_129                           0x080033a0   Number         4  lto-llvm-1a5717.o(.text.main)
    __arm_cp.3_130                           0x080033a4   Number         4  lto-llvm-1a5717.o(.text.main)
    __arm_cp.3_131                           0x080033a8   Number         4  lto-llvm-1a5717.o(.text.main)
    __arm_cp.3_132                           0x080033ac   Number         4  lto-llvm-1a5717.o(.text.main)
    __arm_cp.3_133                           0x080033b0   Number         4  lto-llvm-1a5717.o(.text.main)
    __arm_cp.3_134                           0x080033b4   Number         4  lto-llvm-1a5717.o(.text.main)
    __arm_cp.3_137                           0x080033c0   Number         4  lto-llvm-1a5717.o(.text.main)
    __arm_cp.3_13                            0x0800376c   Number         4  lto-llvm-1a5717.o(.text.main)
    __arm_cp.3_14                            0x08003770   Number         4  lto-llvm-1a5717.o(.text.main)
    __arm_cp.3_21                            0x08003774   Number         4  lto-llvm-1a5717.o(.text.main)
    __arm_cp.3_42                            0x08003778   Number         4  lto-llvm-1a5717.o(.text.main)
    __arm_cp.3_43                            0x0800377c   Number         4  lto-llvm-1a5717.o(.text.main)
    __arm_cp.3_44                            0x08003780   Number         4  lto-llvm-1a5717.o(.text.main)
    __arm_cp.3_45                            0x08003784   Number         4  lto-llvm-1a5717.o(.text.main)
    __arm_cp.3_46                            0x08003788   Number         4  lto-llvm-1a5717.o(.text.main)
    __arm_cp.3_47                            0x0800378c   Number         4  lto-llvm-1a5717.o(.text.main)
    __arm_cp.3_48                            0x08003790   Number         4  lto-llvm-1a5717.o(.text.main)
    __arm_cp.3_49                            0x08003794   Number         4  lto-llvm-1a5717.o(.text.main)
    __arm_cp.3_51                            0x08003798   Number         4  lto-llvm-1a5717.o(.text.main)
    __arm_cp.3_52                            0x0800379c   Number         4  lto-llvm-1a5717.o(.text.main)
    LED_PIN                                  0x080037a0   Number         0  lto-llvm-1a5717.o(.text.main)
    LED_PORT                                 0x080037b0   Number         0  lto-llvm-1a5717.o(.text.main)
    __arm_cp.3_55                            0x080037d0   Number         4  lto-llvm-1a5717.o(.text.main)
    __arm_cp.3_56                            0x080037d4   Number         4  lto-llvm-1a5717.o(.text.main)
    __arm_cp.3_57                            0x080037d8   Number         4  lto-llvm-1a5717.o(.text.main)
    __arm_cp.3_58                            0x080037dc   Number         4  lto-llvm-1a5717.o(.text.main)
    __arm_cp.3_59                            0x080037e0   Number         4  lto-llvm-1a5717.o(.text.main)
    __arm_cp.3_60                            0x080037e4   Number         4  lto-llvm-1a5717.o(.text.main)
    __arm_cp.3_61                            0x080037e8   Number         4  lto-llvm-1a5717.o(.text.main)
    __arm_cp.3_62                            0x080037ec   Number         4  lto-llvm-1a5717.o(.text.main)
    __arm_cp.3_63                            0x080037f0   Number         4  lto-llvm-1a5717.o(.text.main)
    relay_update                             0x080037f5   Thumb Code   440  lto-llvm-1a5717.o(.text.relay_update)
    [Anonymous Symbol]                       0x080037f4   Section        0  lto-llvm-1a5717.o(.text.relay_update)
    __arm_cp.2_0                             0x080039ac   Number         4  lto-llvm-1a5717.o(.text.relay_update)
    __arm_cp.2_2                             0x080039b0   Number         4  lto-llvm-1a5717.o(.text.relay_update)
    __arm_cp.2_3                             0x080039b4   Number         4  lto-llvm-1a5717.o(.text.relay_update)
    __arm_cp.2_4                             0x080039b8   Number         4  lto-llvm-1a5717.o(.text.relay_update)
    __arm_cp.2_5                             0x080039bc   Number         4  lto-llvm-1a5717.o(.text.relay_update)
    __arm_cp.2_6                             0x080039c0   Number         4  lto-llvm-1a5717.o(.text.relay_update)
    __arm_cp.2_7                             0x080039c4   Number         4  lto-llvm-1a5717.o(.text.relay_update)
    start_effect                             0x080039c9   Thumb Code   424  lto-llvm-1a5717.o(.text.start_effect)
    [Anonymous Symbol]                       0x080039c8   Section        0  lto-llvm-1a5717.o(.text.start_effect)
    __arm_cp.0_0                             0x08003b70   Number         4  lto-llvm-1a5717.o(.text.start_effect)
    __arm_cp.0_1                             0x08003b74   Number         4  lto-llvm-1a5717.o(.text.start_effect)
    __arm_cp.0_2                             0x08003b78   Number         4  lto-llvm-1a5717.o(.text.start_effect)
    __arm_cp.0_3                             0x08003b7c   Number         4  lto-llvm-1a5717.o(.text.start_effect)
    __arm_cp.0_4                             0x08003b80   Number         4  lto-llvm-1a5717.o(.text.start_effect)
    i.__scatterload_copy                     0x08003b84   Section       14  handlers.o(i.__scatterload_copy)
    i.__scatterload_null                     0x08003b92   Section        2  handlers.o(i.__scatterload_null)
    i.__scatterload_zeroinit                 0x08003b94   Section       14  handlers.o(i.__scatterload_zeroinit)
    crc16_table                              0x08003ba2   Data         512  lto-llvm-1a5717.o(.rodata.crc16_table)
    [Anonymous Symbol]                       0x08003ba2   Section        0  lto-llvm-1a5717.o(.rodata.crc16_table)
    HAL_RCC_GetSysClockFreq.aPLLMULFactorTable 0x08003da2   Data          16  lto-llvm-1a5717.o(.rodata.cst16)
    [Anonymous Symbol]                       0x08003da2   Section        0  lto-llvm-1a5717.o(.rodata.cst16)
    HAL_RCC_GetSysClockFreq.aPredivFactorTable 0x08003db2   Data          16  lto-llvm-1a5717.o(.rodata.cst16)
    APBPrescTable                            0x08003dc2   Data           8  lto-llvm-1a5717.o(.rodata.cst8)
    [Anonymous Symbol]                       0x08003dc2   Section        0  lto-llvm-1a5717.o(.rodata.cst8)
    SystemCoreClock                          0x20000000   Data           4  lto-llvm-1a5717.o(.data.SystemCoreClock)
    [Anonymous Symbol]                       0x20000000   Section        0  lto-llvm-1a5717.o(.data.SystemCoreClock)
    selected_channel                         0x20000004   Data           1  lto-llvm-1a5717.o(.data.selected_channel)
    [Anonymous Symbol]                       0x20000004   Section        0  lto-llvm-1a5717.o(.data.selected_channel)
    button_onoff_prev                        0x20000008   Data           1  lto-llvm-1a5717.o(.bss.button_onoff_prev)
    [Anonymous Symbol]                       0x20000008   Section        0  lto-llvm-1a5717.o(.bss.button_onoff_prev)
    button_select_prev                       0x20000009   Data           1  lto-llvm-1a5717.o(.bss.button_select_prev)
    [Anonymous Symbol]                       0x20000009   Section        0  lto-llvm-1a5717.o(.bss.button_select_prev)
    error_state                              0x2000000a   Data           1  lto-llvm-1a5717.o(.bss.error_state)
    [Anonymous Symbol]                       0x2000000a   Section        0  lto-llvm-1a5717.o(.bss.error_state)
    hcrc                                     0x2000000c   Data          28  lto-llvm-1a5717.o(.bss.hcrc)
    [Anonymous Symbol]                       0x2000000c   Section        0  lto-llvm-1a5717.o(.bss.hcrc)
    hi2c1                                    0x20000028   Data          84  lto-llvm-1a5717.o(.bss.hi2c1)
    [Anonymous Symbol]                       0x20000028   Section        0  lto-llvm-1a5717.o(.bss.hi2c1)
    htim1                                    0x2000007c   Data          72  lto-llvm-1a5717.o(.bss.htim1)
    [Anonymous Symbol]                       0x2000007c   Section        0  lto-llvm-1a5717.o(.bss.htim1)
    htim3                                    0x200000c4   Data          72  lto-llvm-1a5717.o(.bss.htim3)
    [Anonymous Symbol]                       0x200000c4   Section        0  lto-llvm-1a5717.o(.bss.htim3)
    huart1                                   0x2000010c   Data         136  lto-llvm-1a5717.o(.bss.huart1)
    [Anonymous Symbol]                       0x2000010c   Section        0  lto-llvm-1a5717.o(.bss.huart1)
    init_tf                                  0x20000194   Data           1  lto-llvm-1a5717.o(.bss.init_tf)
    [Anonymous Symbol]                       0x20000194   Section        0  lto-llvm-1a5717.o(.bss.init_tf)
    last_press_time                          0x20000198   Data           4  lto-llvm-1a5717.o(.bss.last_press_time)
    [Anonymous Symbol]                       0x20000198   Section        0  lto-llvm-1a5717.o(.bss.last_press_time)
    last_toggle_time                         0x2000019c   Data           4  lto-llvm-1a5717.o(.bss.last_toggle_time)
    [Anonymous Symbol]                       0x2000019c   Section        0  lto-llvm-1a5717.o(.bss.last_toggle_time)
    menu_activ                               0x200001a0   Data           1  lto-llvm-1a5717.o(.bss.menu_activ)
    [Anonymous Symbol]                       0x200001a0   Section        0  lto-llvm-1a5717.o(.bss.menu_activ)
    menu_timer                               0x200001a4   Data           4  lto-llvm-1a5717.o(.bss.menu_timer)
    [Anonymous Symbol]                       0x200001a4   Section        0  lto-llvm-1a5717.o(.bss.menu_timer)
    my_address                               0x200001a8   Data           1  lto-llvm-1a5717.o(.bss.my_address)
    [Anonymous Symbol]                       0x200001a8   Section        0  lto-llvm-1a5717.o(.bss.my_address)
    rec                                      0x200001a9   Data           1  lto-llvm-1a5717.o(.bss.rec)
    [Anonymous Symbol]                       0x200001a9   Section        0  lto-llvm-1a5717.o(.bss.rec)
    rel_end                                  0x200001aa   Data           2  lto-llvm-1a5717.o(.bss.rel_end)
    [Anonymous Symbol]                       0x200001aa   Section        0  lto-llvm-1a5717.o(.bss.rel_end)
    rel_start                                0x200001ac   Data           2  lto-llvm-1a5717.o(.bss.rel_start)
    [Anonymous Symbol]                       0x200001ac   Section        0  lto-llvm-1a5717.o(.bss.rel_start)
    relay_old_states.0                       0x200001ae   Data           1  lto-llvm-1a5717.o(.bss.relay_old_states.0)
    [Anonymous Symbol]                       0x200001ae   Section        0  lto-llvm-1a5717.o(.bss.relay_old_states.0)
    relay_old_states.1                       0x200001af   Data           1  lto-llvm-1a5717.o(.bss.relay_old_states.1)
    [Anonymous Symbol]                       0x200001af   Section        0  lto-llvm-1a5717.o(.bss.relay_old_states.1)
    relay_old_states.2                       0x200001b0   Data           1  lto-llvm-1a5717.o(.bss.relay_old_states.2)
    [Anonymous Symbol]                       0x200001b0   Section        0  lto-llvm-1a5717.o(.bss.relay_old_states.2)
    relay_old_states.3                       0x200001b1   Data           1  lto-llvm-1a5717.o(.bss.relay_old_states.3)
    [Anonymous Symbol]                       0x200001b1   Section        0  lto-llvm-1a5717.o(.bss.relay_old_states.3)
    relay_old_states.4                       0x200001b2   Data           1  lto-llvm-1a5717.o(.bss.relay_old_states.4)
    [Anonymous Symbol]                       0x200001b2   Section        0  lto-llvm-1a5717.o(.bss.relay_old_states.4)
    relay_old_states.5                       0x200001b3   Data           1  lto-llvm-1a5717.o(.bss.relay_old_states.5)
    [Anonymous Symbol]                       0x200001b3   Section        0  lto-llvm-1a5717.o(.bss.relay_old_states.5)
    relay_old_states.6                       0x200001b4   Data           1  lto-llvm-1a5717.o(.bss.relay_old_states.6)
    [Anonymous Symbol]                       0x200001b4   Section        0  lto-llvm-1a5717.o(.bss.relay_old_states.6)
    relay_old_states.7                       0x200001b5   Data           1  lto-llvm-1a5717.o(.bss.relay_old_states.7)
    [Anonymous Symbol]                       0x200001b5   Section        0  lto-llvm-1a5717.o(.bss.relay_old_states.7)
    relay_states                             0x200001b6   Data           8  lto-llvm-1a5717.o(.bss.relay_states)
    [Anonymous Symbol]                       0x200001b6   Section        0  lto-llvm-1a5717.o(.bss.relay_states)
    relay_update.last_change_time            0x200001c0   Data          32  lto-llvm-1a5717.o(.bss.relay_update.last_change_time)
    [Anonymous Symbol]                       0x200001c0   Section        0  lto-llvm-1a5717.o(.bss.relay_update.last_change_time)
    relay_update.last_state                  0x200001e0   Data          32  lto-llvm-1a5717.o(.bss.relay_update.last_state)
    [Anonymous Symbol]                       0x200001e0   Section        0  lto-llvm-1a5717.o(.bss.relay_update.last_state)
    relay_update.pwm_duty_cycle              0x20000200   Data          32  lto-llvm-1a5717.o(.bss.relay_update.pwm_duty_cycle)
    [Anonymous Symbol]                       0x20000200   Section        0  lto-llvm-1a5717.o(.bss.relay_update.pwm_duty_cycle)
    restart                                  0x20000220   Data           1  lto-llvm-1a5717.o(.bss.restart)
    [Anonymous Symbol]                       0x20000220   Section        0  lto-llvm-1a5717.o(.bss.restart)
    set_relay.set_tmr                        0x20000224   Data           4  lto-llvm-1a5717.o(.bss.set_relay.set_tmr)
    [Anonymous Symbol]                       0x20000224   Section        0  lto-llvm-1a5717.o(.bss.set_relay.set_tmr)
    tfapp                                    0x20000228   Data        1776  lto-llvm-1a5717.o(.bss.tfapp)
    [Anonymous Symbol]                       0x20000228   Section        0  lto-llvm-1a5717.o(.bss.tfapp)
    toggle_state                             0x20000918   Data           1  lto-llvm-1a5717.o(.bss.toggle_state)
    [Anonymous Symbol]                       0x20000918   Section        0  lto-llvm-1a5717.o(.bss.toggle_state)
    uwTick                                   0x2000091c   Data           4  lto-llvm-1a5717.o(.bss.uwTick)
    [Anonymous Symbol]                       0x2000091c   Section        0  lto-llvm-1a5717.o(.bss.uwTick)
    STACK                                    0x20000920   Section     1024  startup_stm32f030x8.o(STACK)

    Global Symbols

    Symbol Name                              Value     Ov Type        Size  Object(Section)

    BuildAttributes$$THM_ISAv3M$S$PE$A:L22$X:L11$S22$IEEE1$IW$~IW$USESV6$~STKCKD$USESV7$~SHL$OTIME$ROPI$IEEEF$EBA8$MICROLIB$REQ8$PRES8$EABIv2 0x00000000   Number         0  anon$$obj.o ABSOLUTE
    _printf_a                                0x00000000   Number         0  printfstubs.o ABSOLUTE
    _printf_c                                0x00000000   Number         0  printfstubs.o ABSOLUTE
    _printf_charcount                        0x00000000   Number         0  printfstubs.o ABSOLUTE
    _printf_d                                0x00000000   Number         0  printfstubs.o ABSOLUTE
    _printf_e                                0x00000000   Number         0  printfstubs.o ABSOLUTE
    _printf_f                                0x00000000   Number         0  printfstubs.o ABSOLUTE
    _printf_flags                            0x00000000   Number         0  printfstubs.o ABSOLUTE
    _printf_fp_dec                           0x00000000   Number         0  printfstubs.o ABSOLUTE
    _printf_fp_hex                           0x00000000   Number         0  printfstubs.o ABSOLUTE
    _printf_g                                0x00000000   Number         0  printfstubs.o ABSOLUTE
    _printf_i                                0x00000000   Number         0  printfstubs.o ABSOLUTE
    _printf_int_dec                          0x00000000   Number         0  printfstubs.o ABSOLUTE
    _printf_l                                0x00000000   Number         0  printfstubs.o ABSOLUTE
    _printf_lc                               0x00000000   Number         0  printfstubs.o ABSOLUTE
    _printf_ll                               0x00000000   Number         0  printfstubs.o ABSOLUTE
    _printf_lld                              0x00000000   Number         0  printfstubs.o ABSOLUTE
    _printf_lli                              0x00000000   Number         0  printfstubs.o ABSOLUTE
    _printf_llo                              0x00000000   Number         0  printfstubs.o ABSOLUTE
    _printf_llu                              0x00000000   Number         0  printfstubs.o ABSOLUTE
    _printf_llx                              0x00000000   Number         0  printfstubs.o ABSOLUTE
    _printf_longlong_dec                     0x00000000   Number         0  printfstubs.o ABSOLUTE
    _printf_longlong_hex                     0x00000000   Number         0  printfstubs.o ABSOLUTE
    _printf_longlong_oct                     0x00000000   Number         0  printfstubs.o ABSOLUTE
    _printf_ls                               0x00000000   Number         0  printfstubs.o ABSOLUTE
    _printf_mbtowc                           0x00000000   Number         0  printfstubs.o ABSOLUTE
    _printf_n                                0x00000000   Number         0  printfstubs.o ABSOLUTE
    _printf_o                                0x00000000   Number         0  printfstubs.o ABSOLUTE
    _printf_p                                0x00000000   Number         0  printfstubs.o ABSOLUTE
    _printf_percent                          0x00000000   Number         0  printfstubs.o ABSOLUTE
    _printf_pre_padding                      0x00000000   Number         0  printfstubs.o ABSOLUTE
    _printf_return_value                     0x00000000   Number         0  printfstubs.o ABSOLUTE
    _printf_s                                0x00000000   Number         0  printfstubs.o ABSOLUTE
    _printf_sizespec                         0x00000000   Number         0  printfstubs.o ABSOLUTE
    _printf_str                              0x00000000   Number         0  printfstubs.o ABSOLUTE
    _printf_truncate_signed                  0x00000000   Number         0  printfstubs.o ABSOLUTE
    _printf_truncate_unsigned                0x00000000   Number         0  printfstubs.o ABSOLUTE
    _printf_u                                0x00000000   Number         0  printfstubs.o ABSOLUTE
    _printf_wc                               0x00000000   Number         0  printfstubs.o ABSOLUTE
    _printf_wctomb                           0x00000000   Number         0  printfstubs.o ABSOLUTE
    _printf_widthprec                        0x00000000   Number         0  printfstubs.o ABSOLUTE
    _printf_x                                0x00000000   Number         0  printfstubs.o ABSOLUTE
    __cpp_initialize__aeabi_                  - Undefined Weak Reference
    __cxa_finalize                            - Undefined Weak Reference
    __decompress                              - Undefined Weak Reference
    _clock_init                               - Undefined Weak Reference
    _microlib_exit                            - Undefined Weak Reference
    __Vectors_Size                           0x000000b4   Number         0  startup_stm32f030x8.o ABSOLUTE
    __Vectors                                0x08000000   Data           4  startup_stm32f030x8.o(RESET)
    __Vectors_End                            0x080000b4   Data           0  startup_stm32f030x8.o(RESET)
    __main                                   0x080000b5   Thumb Code     0  entry.o(.ARM.Collect$$$$00000000)
    _main_stk                                0x080000b5   Thumb Code     0  entry2.o(.ARM.Collect$$$$00000001)
    _main_scatterload                        0x080000b9   Thumb Code     0  entry5.o(.ARM.Collect$$$$00000004)
    __main_after_scatterload                 0x080000bd   Thumb Code     0  entry5.o(.ARM.Collect$$$$00000004)
    _main_clock                              0x080000bd   Thumb Code     0  entry7b.o(.ARM.Collect$$$$00000008)
    _main_cpp_init                           0x080000bd   Thumb Code     0  entry8b.o(.ARM.Collect$$$$0000000A)
    _main_init                               0x080000bd   Thumb Code     0  entry9a.o(.ARM.Collect$$$$0000000B)
    __rt_final_cpp                           0x080000c5   Thumb Code     0  entry10a.o(.ARM.Collect$$$$0000000D)
    __rt_final_exit                          0x080000c5   Thumb Code     0  entry11a.o(.ARM.Collect$$$$0000000F)
    Reset_Handler                            0x080000c9   Thumb Code     8  startup_stm32f030x8.o(.text)
    ADC1_IRQHandler                          0x080000db   Thumb Code     0  startup_stm32f030x8.o(.text)
    DMA1_Channel1_IRQHandler                 0x080000db   Thumb Code     0  startup_stm32f030x8.o(.text)
    DMA1_Channel2_3_IRQHandler               0x080000db   Thumb Code     0  startup_stm32f030x8.o(.text)
    DMA1_Channel4_5_IRQHandler               0x080000db   Thumb Code     0  startup_stm32f030x8.o(.text)
    EXTI0_1_IRQHandler                       0x080000db   Thumb Code     0  startup_stm32f030x8.o(.text)
    EXTI2_3_IRQHandler                       0x080000db   Thumb Code     0  startup_stm32f030x8.o(.text)
    EXTI4_15_IRQHandler                      0x080000db   Thumb Code     0  startup_stm32f030x8.o(.text)
    FLASH_IRQHandler                         0x080000db   Thumb Code     0  startup_stm32f030x8.o(.text)
    I2C1_IRQHandler                          0x080000db   Thumb Code     0  startup_stm32f030x8.o(.text)
    I2C2_IRQHandler                          0x080000db   Thumb Code     0  startup_stm32f030x8.o(.text)
    RCC_IRQHandler                           0x080000db   Thumb Code     0  startup_stm32f030x8.o(.text)
    RTC_IRQHandler                           0x080000db   Thumb Code     0  startup_stm32f030x8.o(.text)
    SPI1_IRQHandler                          0x080000db   Thumb Code     0  startup_stm32f030x8.o(.text)
    SPI2_IRQHandler                          0x080000db   Thumb Code     0  startup_stm32f030x8.o(.text)
    TIM14_IRQHandler                         0x080000db   Thumb Code     0  startup_stm32f030x8.o(.text)
    TIM15_IRQHandler                         0x080000db   Thumb Code     0  startup_stm32f030x8.o(.text)
    TIM16_IRQHandler                         0x080000db   Thumb Code     0  startup_stm32f030x8.o(.text)
    TIM17_IRQHandler                         0x080000db   Thumb Code     0  startup_stm32f030x8.o(.text)
    TIM1_BRK_UP_TRG_COM_IRQHandler           0x080000db   Thumb Code     0  startup_stm32f030x8.o(.text)
    TIM1_CC_IRQHandler                       0x080000db   Thumb Code     0  startup_stm32f030x8.o(.text)
    TIM3_IRQHandler                          0x080000db   Thumb Code     0  startup_stm32f030x8.o(.text)
    TIM6_IRQHandler                          0x080000db   Thumb Code     0  startup_stm32f030x8.o(.text)
    USART2_IRQHandler                        0x080000db   Thumb Code     0  startup_stm32f030x8.o(.text)
    WWDG_IRQHandler                          0x080000db   Thumb Code     0  startup_stm32f030x8.o(.text)
    __scatterload                            0x080000e5   Thumb Code    28  init.o(.text)
    __scatterload_rt2                        0x080000e5   Thumb Code     0  init.o(.text)
    __aeabi_uidiv                            0x08000109   Thumb Code     0  uidiv_div0.o(.text)
    __aeabi_uidivmod                         0x08000109   Thumb Code    62  uidiv_div0.o(.text)
    __aeabi_memset                           0x08000147   Thumb Code    14  memseta.o(.text)
    __aeabi_memset4                          0x08000147   Thumb Code     0  memseta.o(.text)
    __aeabi_memset8                          0x08000147   Thumb Code     0  memseta.o(.text)
    __aeabi_memclr                           0x08000155   Thumb Code     4  memseta.o(.text)
    __aeabi_memclr4                          0x08000155   Thumb Code     0  memseta.o(.text)
    __aeabi_memclr8                          0x08000155   Thumb Code     0  memseta.o(.text)
    _memset$wrapper                          0x08000159   Thumb Code    18  memseta.o(.text)
    HardFault_Handler                        0x080015dd   Thumb Code     2  lto-llvm-1a5717.o(.text.HardFault_Handler)
    NMI_Handler                              0x080015df   Thumb Code     2  lto-llvm-1a5717.o(.text.NMI_Handler)
    PendSV_Handler                           0x080015e1   Thumb Code     2  lto-llvm-1a5717.o(.text.PendSV_Handler)
    SVC_Handler                              0x080015e3   Thumb Code     2  lto-llvm-1a5717.o(.text.SVC_Handler)
    SysTick_Handler                          0x080015e5   Thumb Code   132  lto-llvm-1a5717.o(.text.SysTick_Handler)
    SystemInit                               0x08001675   Thumb Code     2  lto-llvm-1a5717.o(.text.SystemInit)
    USART1_IRQHandler                        0x08001fa1   Thumb Code  1012  lto-llvm-1a5717.o(.text.USART1_IRQHandler)
    main                                     0x08002409   Thumb Code  4964  lto-llvm-1a5717.o(.text.main)
    __scatterload_copy                       0x08003b85   Thumb Code    14  handlers.o(i.__scatterload_copy)
    __scatterload_null                       0x08003b93   Thumb Code     2  handlers.o(i.__scatterload_null)
    __scatterload_zeroinit                   0x08003b95   Thumb Code    14  handlers.o(i.__scatterload_zeroinit)
    Region$$Table$$Base                      0x08003dcc   Number         0  anon$$obj.o(Region$$Table)
    Region$$Table$$Limit                     0x08003dec   Number         0  anon$$obj.o(Region$$Table)
    __initial_sp                             0x20000d20   Data           0  startup_stm32f030x8.o(STACK)



==============================================================================

Memory Map of the image

  Image Entry point : 0x080000b5

  Load Region LR_IROM1 (Base: 0x08000000, Size: 0x00003df8, Max: 0x00010000, ABSOLUTE)

    Execution Region ER_IROM1 (Exec base: 0x08000000, Load base: 0x08000000, Size: 0x00003dec, Max: 0x00010000, ABSOLUTE)

    Exec Addr    Load Addr    Size         Type   Attr      Idx    E Section Name        Object

    0x08000000   0x08000000   0x000000b4   Data   RO            3    RESET               startup_stm32f030x8.o
    0x080000b4   0x080000b4   0x00000000   Code   RO           35  * .ARM.Collect$$$$00000000  mc_p.l(entry.o)
    0x080000b4   0x080000b4   0x00000004   Code   RO          333    .ARM.Collect$$$$00000001  mc_p.l(entry2.o)
    0x080000b8   0x080000b8   0x00000004   Code   RO          336    .ARM.Collect$$$$00000004  mc_p.l(entry5.o)
    0x080000bc   0x080000bc   0x00000000   Code   RO          338    .ARM.Collect$$$$00000008  mc_p.l(entry7b.o)
    0x080000bc   0x080000bc   0x00000000   Code   RO          340    .ARM.Collect$$$$0000000A  mc_p.l(entry8b.o)
    0x080000bc   0x080000bc   0x00000008   Code   RO          341    .ARM.Collect$$$$0000000B  mc_p.l(entry9a.o)
    0x080000c4   0x080000c4   0x00000000   Code   RO          343    .ARM.Collect$$$$0000000D  mc_p.l(entry10a.o)
    0x080000c4   0x080000c4   0x00000000   Code   RO          345    .ARM.Collect$$$$0000000F  mc_p.l(entry11a.o)
    0x080000c4   0x080000c4   0x00000004   Code   RO          334    .ARM.Collect$$$$00002712  mc_p.l(entry2.o)
    0x080000c8   0x080000c8   0x0000001c   Code   RO            4    .text               startup_stm32f030x8.o
    0x080000e4   0x080000e4   0x00000024   Code   RO          375    .text               mc_p.l(init.o)
    0x08000108   0x08000108   0x0000003e   Code   RO          380    .text               mc_p.l(uidiv_div0.o)
    0x08000146   0x08000146   0x00000024   Code   RO          523    .text               mc_p.l(memseta.o)
    0x0800016a   0x0800016a   0x00000002   PAD
    0x0800016c   0x0800016c   0x0000006c   Code   RO          406    .text.BINARY_GET_Listener  lto-llvm-1a5717.o
    0x080001d8   0x080001d8   0x00000064   Code   RO          410    .text.BINARY_RESET_Listener  lto-llvm-1a5717.o
    0x0800023c   0x0800023c   0x000000b8   Code   RO          408    .text.BINARY_SET_Listener  lto-llvm-1a5717.o
    0x080002f4   0x080002f4   0x000000f4   Code   RO          444    .text.HAL_GPIO_DeInit  lto-llvm-1a5717.o
    0x080003e8   0x080003e8   0x000001ac   Code   RO          442    .text.HAL_GPIO_Init  lto-llvm-1a5717.o
    0x08000594   0x08000594   0x00000040   Code   RO          430    .text.HAL_I2C_MspDeInit  lto-llvm-1a5717.o
    0x080005d4   0x080005d4   0x00000020   Code   RO          446    .text.HAL_NVIC_SystemReset  lto-llvm-1a5717.o
    0x080005f4   0x080005f4   0x00000408   Code   RO          472    .text.HAL_RS485Ex_Init  lto-llvm-1a5717.o
    0x080009fc   0x080009fc   0x0000005c   Code   RO          460    .text.HAL_TIMEx_ConfigBreakDeadTime  lto-llvm-1a5717.o
    0x08000a58   0x08000a58   0x00000048   Code   RO          458    .text.HAL_TIMEx_MasterConfigSynchronization  lto-llvm-1a5717.o
    0x08000aa0   0x08000aa0   0x00000120   Code   RO          448    .text.HAL_TIM_Base_Init  lto-llvm-1a5717.o
    0x08000bc0   0x08000bc0   0x00000150   Code   RO          456    .text.HAL_TIM_ConfigClockSource  lto-llvm-1a5717.o
    0x08000d10   0x08000d10   0x000000ac   Code   RO          432    .text.HAL_TIM_MspPostInit  lto-llvm-1a5717.o
    0x08000dbc   0x08000dbc   0x0000027c   Code   RO          454    .text.HAL_TIM_PWM_ConfigChannel  lto-llvm-1a5717.o
    0x08001038   0x08001038   0x000000e0   Code   RO          450    .text.HAL_TIM_PWM_Init  lto-llvm-1a5717.o
    0x08001118   0x08001118   0x000000ac   Code   RO          452    .text.HAL_TIM_PWM_Start  lto-llvm-1a5717.o
    0x080011c4   0x080011c4   0x000000f0   Code   RO          416    .text.HAL_UART_ErrorCallback  lto-llvm-1a5717.o
    0x080012b4   0x080012b4   0x0000004c   Code   RO          434    .text.HAL_UART_MspDeInit  lto-llvm-1a5717.o
    0x08001300   0x08001300   0x00000104   Code   RO          464    .text.HAL_UART_Receive_IT  lto-llvm-1a5717.o
    0x08001404   0x08001404   0x000001d8   Code   RO          414    .text.HAL_UART_RxCpltCallback  lto-llvm-1a5717.o
    0x080015dc   0x080015dc   0x00000002   Code   RO          420    .text.HardFault_Handler  lto-llvm-1a5717.o
    0x080015de   0x080015de   0x00000002   Code   RO          418    .text.NMI_Handler   lto-llvm-1a5717.o
    0x080015e0   0x080015e0   0x00000002   Code   RO          424    .text.PendSV_Handler  lto-llvm-1a5717.o
    0x080015e2   0x080015e2   0x00000002   Code   RO          422    .text.SVC_Handler   lto-llvm-1a5717.o
    0x080015e4   0x080015e4   0x00000090   Code   RO          426    .text.SysTick_Handler  lto-llvm-1a5717.o
    0x08001674   0x08001674   0x00000002   Code   RO          474    .text.SystemInit    lto-llvm-1a5717.o
    0x08001676   0x08001676   0x00000002   PAD
    0x08001678   0x08001678   0x00000188   Code   RO          436    .text.TF_AddTypeListener  lto-llvm-1a5717.o
    0x08001800   0x08001800   0x0000019c   Code   RO          438    .text.TF_HandleReceivedMessage  lto-llvm-1a5717.o
    0x0800199c   0x0800199c   0x00000204   Code   RO          440    .text.TF_Respond    lto-llvm-1a5717.o
    0x08001ba0   0x08001ba0   0x00000160   Code   RO          412    .text.TF_WriteImpl  lto-llvm-1a5717.o
    0x08001d00   0x08001d00   0x00000016   Code   RO          470    .text.UART_DMAAbortOnError  lto-llvm-1a5717.o
    0x08001d16   0x08001d16   0x000000c0   Code   RO          468    .text.UART_RxISR_16BIT  lto-llvm-1a5717.o
    0x08001dd6   0x08001dd6   0x000000c2   Code   RO          466    .text.UART_RxISR_8BIT  lto-llvm-1a5717.o
    0x08001e98   0x08001e98   0x00000108   Code   RO          462    .text.UART_WaitOnFlagUntilTimeout  lto-llvm-1a5717.o
    0x08001fa0   0x08001fa0   0x00000400   Code   RO          428    .text.USART1_IRQHandler  lto-llvm-1a5717.o
    0x080023a0   0x080023a0   0x00000068   Code   RO          400    .text.get_address   lto-llvm-1a5717.o
    0x08002408   0x08002408   0x000013ec   Code   RO          404    .text.main          lto-llvm-1a5717.o
    0x080037f4   0x080037f4   0x000001d4   Code   RO          402    .text.relay_update  lto-llvm-1a5717.o
    0x080039c8   0x080039c8   0x000001bc   Code   RO          398    .text.start_effect  lto-llvm-1a5717.o
    0x08003b84   0x08003b84   0x0000000e   Code   RO          527    i.__scatterload_copy  mc_p.l(handlers.o)
    0x08003b92   0x08003b92   0x00000002   Code   RO          528    i.__scatterload_null  mc_p.l(handlers.o)
    0x08003b94   0x08003b94   0x0000000e   Code   RO          529    i.__scatterload_zeroinit  mc_p.l(handlers.o)
    0x08003ba2   0x08003ba2   0x00000200   Data   RO          511    .rodata.crc16_table  lto-llvm-1a5717.o
    0x08003da2   0x08003da2   0x00000020   Data   RO          512    .rodata.cst16       lto-llvm-1a5717.o
    0x08003dc2   0x08003dc2   0x00000008   Data   RO          515    .rodata.cst8        lto-llvm-1a5717.o
    0x08003dca   0x08003dca   0x00000002   PAD
    0x08003dcc   0x08003dcc   0x00000020   Data   RO          526    Region$$Table       anon$$obj.o


    Execution Region RW_IRAM1 (Exec base: 0x20000000, Load base: 0x08003df0, Size: 0x00000d20, Max: 0x00002000, ABSOLUTE)

    Exec Addr    Load Addr    Size         Type   Attr      Idx    E Section Name        Object

    0x20000000   0x08003df0   0x00000004   Data   RW          514    .data.SystemCoreClock  lto-llvm-1a5717.o
    0x20000004   0x08003df4   0x00000001   Data   RW          476    .data.selected_channel  lto-llvm-1a5717.o
    0x20000005   0x08003df5   0x00000003   PAD
    0x20000008        -       0x00000001   Zero   RW          484    .bss.button_onoff_prev  lto-llvm-1a5717.o
    0x20000009        -       0x00000001   Zero   RW          483    .bss.button_select_prev  lto-llvm-1a5717.o
    0x2000000a        -       0x00000001   Zero   RW          480    .bss.error_state    lto-llvm-1a5717.o
    0x2000000b   0x08003df5   0x00000001   PAD
    0x2000000c        -       0x0000001c   Zero   RW          507    .bss.hcrc           lto-llvm-1a5717.o
    0x20000028        -       0x00000054   Zero   RW          508    .bss.hi2c1          lto-llvm-1a5717.o
    0x2000007c        -       0x00000048   Zero   RW          502    .bss.htim1          lto-llvm-1a5717.o
    0x200000c4        -       0x00000048   Zero   RW          503    .bss.htim3          lto-llvm-1a5717.o
    0x2000010c        -       0x00000088   Zero   RW          510    .bss.huart1         lto-llvm-1a5717.o
    0x20000194        -       0x00000001   Zero   RW          494    .bss.init_tf        lto-llvm-1a5717.o
    0x20000195   0x08003df5   0x00000003   PAD
    0x20000198        -       0x00000004   Zero   RW          481    .bss.last_press_time  lto-llvm-1a5717.o
    0x2000019c        -       0x00000004   Zero   RW          482    .bss.last_toggle_time  lto-llvm-1a5717.o
    0x200001a0        -       0x00000001   Zero   RW          477    .bss.menu_activ     lto-llvm-1a5717.o
    0x200001a1   0x08003df5   0x00000003   PAD
    0x200001a4        -       0x00000004   Zero   RW          478    .bss.menu_timer     lto-llvm-1a5717.o
    0x200001a8        -       0x00000001   Zero   RW          496    .bss.my_address     lto-llvm-1a5717.o
    0x200001a9        -       0x00000001   Zero   RW          506    .bss.rec            lto-llvm-1a5717.o
    0x200001aa        -       0x00000002   Zero   RW          498    .bss.rel_end        lto-llvm-1a5717.o
    0x200001ac        -       0x00000002   Zero   RW          497    .bss.rel_start      lto-llvm-1a5717.o
    0x200001ae        -       0x00000001   Zero   RW          486    .bss.relay_old_states.0  lto-llvm-1a5717.o
    0x200001af        -       0x00000001   Zero   RW          487    .bss.relay_old_states.1  lto-llvm-1a5717.o
    0x200001b0        -       0x00000001   Zero   RW          488    .bss.relay_old_states.2  lto-llvm-1a5717.o
    0x200001b1        -       0x00000001   Zero   RW          489    .bss.relay_old_states.3  lto-llvm-1a5717.o
    0x200001b2        -       0x00000001   Zero   RW          490    .bss.relay_old_states.4  lto-llvm-1a5717.o
    0x200001b3        -       0x00000001   Zero   RW          491    .bss.relay_old_states.5  lto-llvm-1a5717.o
    0x200001b4        -       0x00000001   Zero   RW          492    .bss.relay_old_states.6  lto-llvm-1a5717.o
    0x200001b5        -       0x00000001   Zero   RW          493    .bss.relay_old_states.7  lto-llvm-1a5717.o
    0x200001b6        -       0x00000008   Zero   RW          485    .bss.relay_states   lto-llvm-1a5717.o
    0x200001be   0x08003df5   0x00000002   PAD
    0x200001c0        -       0x00000020   Zero   RW          500    .bss.relay_update.last_change_time  lto-llvm-1a5717.o
    0x200001e0        -       0x00000020   Zero   RW          499    .bss.relay_update.last_state  lto-llvm-1a5717.o
    0x20000200        -       0x00000020   Zero   RW          501    .bss.relay_update.pwm_duty_cycle  lto-llvm-1a5717.o
    0x20000220        -       0x00000001   Zero   RW          495    .bss.restart        lto-llvm-1a5717.o
    0x20000221   0x08003df5   0x00000003   PAD
    0x20000224        -       0x00000004   Zero   RW          504    .bss.set_relay.set_tmr  lto-llvm-1a5717.o
    0x20000228        -       0x000006f0   Zero   RW          505    .bss.tfapp          lto-llvm-1a5717.o
    0x20000918        -       0x00000001   Zero   RW          479    .bss.toggle_state   lto-llvm-1a5717.o
    0x20000919   0x08003df5   0x00000003   PAD
    0x2000091c        -       0x00000004   Zero   RW          513    .bss.uwTick         lto-llvm-1a5717.o
    0x20000920        -       0x00000400   Zero   RW            1    STACK               startup_stm32f030x8.o


==============================================================================

Image component sizes


      Code (inc. data)   RO Data    RW Data    ZI Data      Debug   Object Name

     14870       1064        552          5       2313      97781   lto-llvm-1a5717.o
        28          8        180          0       1024        620   startup_stm32f030x8.o

    ----------------------------------------------------------------------
     14900       1072        766          8       3352      98401   Object Totals
         0          0         32          0          0          0   (incl. Generated)
         2          0          2          3         15          0   (incl. Padding)

    ----------------------------------------------------------------------

      Code (inc. data)   RO Data    RW Data    ZI Data      Debug   Library Member Name

         0          0          0          0          0          0   entry.o
         0          0          0          0          0          0   entry10a.o
         0          0          0          0          0          0   entry11a.o
         8          4          0          0          0          0   entry2.o
         4          0          0          0          0          0   entry5.o
         0          0          0          0          0          0   entry7b.o
         0          0          0          0          0          0   entry8b.o
         8          4          0          0          0          0   entry9a.o
        30          0          0          0          0          0   handlers.o
        36          8          0          0          0         68   init.o
        36          0          0          0          0        100   memseta.o
        62          0          0          0          0         72   uidiv_div0.o

    ----------------------------------------------------------------------
       186         16          0          0          0        240   Library Totals
         2          0          0          0          0          0   (incl. Padding)

    ----------------------------------------------------------------------

      Code (inc. data)   RO Data    RW Data    ZI Data      Debug   Library Name

       184         16          0          0          0        240   mc_p.l

    ----------------------------------------------------------------------
       186         16          0          0          0        240   Library Totals

    ----------------------------------------------------------------------

==============================================================================


      Code (inc. data)   RO Data    RW Data    ZI Data      Debug   

     15086       1088        766          8       3352      98793   Grand Totals
     15086       1088        766          8       3352      98793   ELF Image Totals
     15086       1088        766          8          0          0   ROM Totals

==============================================================================

    Total RO  Size (Code + RO Data)                15852 (  15.48kB)
    Total RW  Size (RW Data + ZI Data)              3360 (   3.28kB)
    Total ROM Size (Code + RO Data + RW Data)      15860 (  15.49kB)

==============================================================================

